Mar 18 07:36:04 LaMancha anacron[436]: Job `cron.daily' terminated (mailing output)
Mar 18 07:36:04 LaMancha anacron[436]: anacron: Can't find sendmail at /usr/sbin/sendmail, not mailing output
Mar 18 07:36:04 LaMancha anacron[436]: Can't find sendmail at /usr/sbin/sendmail, not mailing output
Mar 18 07:36:04 LaMancha anacron[436]: Normal exit (1 job run)
Mar 18 07:39:01 LaMancha CRON[1231]: (root) CMD (  [ -x /usr/lib/php/sessionclean ] && /usr/lib/php/sessionclean)
Mar 18 07:44:19 LaMancha dhclient[1506]: DHCPREQUEST of 192.168.1.4 on wlp5s0 to 192.168.1.1 port 67 (xid=0xd967fb7)
Mar 18 07:44:19 LaMancha dhclient[1506]: DHCPACK of 192.168.1.4 from 192.168.1.1
Mar 18 07:44:19 LaMancha NetworkManager[896]: <info>  [1521384259.2009]   address 192.168.1.4
Mar 18 07:44:19 LaMancha NetworkManager[896]: <info>  [1521384259.2009]   plen 24 (255.255.255.0)
Mar 18 07:44:19 LaMancha NetworkManager[896]: <info>  [1521384259.2009]   gateway 192.168.1.1
Mar 18 07:44:19 LaMancha NetworkManager[896]: <info>  [1521384259.2009]   server identifier 192.168.1.1
Mar 18 07:44:19 LaMancha NetworkManager[896]: <info>  [1521384259.2010]   lease time 86400
Mar 18 07:44:19 LaMancha NetworkManager[896]: <info>  [1521384259.2010]   nameserver '192.168.1.1'
Mar 18 07:44:19 LaMancha NetworkManager[896]: <info>  [1521384259.2010]   domain name 'Home'
Mar 18 07:44:19 LaMancha NetworkManager[896]: <info>  [1521384259.2010] dhcp4 (wlp5s0): state changed bound -> bound
Mar 18 07:44:19 LaMancha dbus[851]: [system] Activating via systemd: service name='org.freedesktop.nm_dispatcher' unit='dbus-org.freedesktop.nm-dispatcher.service'
Mar 18 07:44:19 LaMancha systemd[1]: Starting Network Manager Script Dispatcher Service...
Mar 18 07:44:19 LaMancha dbus[851]: [system] Successfully activated service 'org.freedesktop.nm_dispatcher'
Mar 18 07:44:19 LaMancha systemd[1]: Started Network Manager Script Dispatcher Service.
Mar 18 07:44:19 LaMancha nm-dispatcher: req:1 'dhcp4-change' [wlp5s0]: new request (1 scripts)
Mar 18 07:44:19 LaMancha nm-dispatcher: req:1 'dhcp4-change' [wlp5s0]: start running ordered scripts...
Mar 18 07:44:19 LaMancha dhclient[1506]: bound to 192.168.1.4 -- renewal in 39882 seconds.
Mar 18 08:09:01 LaMancha CRON[1750]: (root) CMD (  [ -x /usr/lib/php/sessionclean ] && /usr/lib/php/sessionclean)
Mar 18 08:17:01 LaMancha CRON[2024]: (root) CMD (   cd / && run-parts --report /etc/cron.hourly)
Mar 18 08:39:01 LaMancha CRON[2467]: (root) CMD (  [ -x /usr/lib/php/sessionclean ] && /usr/lib/php/sessionclean)
Mar 18 09:09:01 LaMancha CRON[2928]: (root) CMD (  [ -x /usr/lib/php/sessionclean ] && /usr/lib/php/sessionclean)
Mar 18 09:10:50 LaMancha wpa_supplicant[1018]: wlp5s0: CTRL-EVENT-DISCONNECTED bssid=00:23:6a:9a:cc:0c reason=4 locally_generated=1
Mar 18 09:10:50 LaMancha NetworkManager[896]: <warn>  [1521389450.5692] sup-iface[0x1dc6140,wlp5s0]: connection disconnected (reason -4)
Mar 18 09:10:50 LaMancha wpa_supplicant[1018]: wlp5s0: CTRL-EVENT-REGDOM-CHANGE init=CORE type=WORLD
Mar 18 09:10:50 LaMancha NetworkManager[896]: <info>  [1521389450.5900] device (wlp5s0): supplicant interface state: completed -> disconnected
Mar 18 09:10:50 LaMancha NetworkManager[896]: <info>  [1521389450.6747] device (wlp5s0): supplicant interface state: disconnected -> scanning
Mar 18 09:10:53 LaMancha wpa_supplicant[1018]: wlp5s0: SME: Trying to authenticate with 00:23:6a:9a:cc:0c (SSID='Cruzio_CC0A' freq=2412 MHz)
Mar 18 09:10:53 LaMancha kernel: [481724.497211] wlp5s0: authenticate with 00:23:6a:9a:cc:0c
Mar 18 09:10:53 LaMancha NetworkManager[896]: <info>  [1521389453.7843] device (wlp5s0): supplicant interface state: scanning -> authenticating
Mar 18 09:10:53 LaMancha kernel: [481724.508394] wlp5s0: send auth to 00:23:6a:9a:cc:0c (try 1/3)
Mar 18 09:10:53 LaMancha wpa_supplicant[1018]: wlp5s0: Trying to associate with 00:23:6a:9a:cc:0c (SSID='Cruzio_CC0A' freq=2412 MHz)
Mar 18 09:10:53 LaMancha kernel: [481724.516375] wlp5s0: authenticated
Mar 18 09:10:53 LaMancha NetworkManager[896]: <info>  [1521389453.7974] device (wlp5s0): supplicant interface state: authenticating -> associating
Mar 18 09:10:53 LaMancha kernel: [481724.523864] wlp5s0: associate with 00:23:6a:9a:cc:0c (try 1/3)
Mar 18 09:10:53 LaMancha wpa_supplicant[1018]: wlp5s0: Associated with 00:23:6a:9a:cc:0c
Mar 18 09:10:53 LaMancha kernel: [481724.536772] wlp5s0: RX AssocResp from 00:23:6a:9a:cc:0c (capab=0x411 status=0 aid=1)
Mar 18 09:10:53 LaMancha kernel: [481724.536900] wlp5s0: associated
Mar 18 09:10:53 LaMancha NetworkManager[896]: <info>  [1521389453.8180] device (wlp5s0): supplicant interface state: associating -> associated
Mar 18 09:10:53 LaMancha NetworkManager[896]: <info>  [1521389453.8375] device (wlp5s0): supplicant interface state: associated -> 4-way handshake
Mar 18 09:10:53 LaMancha wpa_supplicant[1018]: wlp5s0: WPA: Key negotiation completed with 00:23:6a:9a:cc:0c [PTK=CCMP GTK=TKIP]
Mar 18 09:10:53 LaMancha wpa_supplicant[1018]: wlp5s0: CTRL-EVENT-CONNECTED - Connection to 00:23:6a:9a:cc:0c completed [id=0 id_str=]
Mar 18 09:10:53 LaMancha NetworkManager[896]: <info>  [1521389453.8538] device (wlp5s0): supplicant interface state: 4-way handshake -> completed
Mar 18 09:17:01 LaMancha CRON[3092]: (root) CMD (   cd / && run-parts --report /etc/cron.hourly)
Mar 18 09:39:01 LaMancha CRON[3396]: (root) CMD (  [ -x /usr/lib/php/sessionclean ] && /usr/lib/php/sessionclean)
Mar 18 09:55:55 LaMancha wpa_supplicant[1018]: wlp5s0: CTRL-EVENT-DISCONNECTED bssid=00:23:6a:9a:cc:0c reason=4 locally_generated=1
Mar 18 09:55:55 LaMancha NetworkManager[896]: <warn>  [1521392155.9765] sup-iface[0x1dc6140,wlp5s0]: connection disconnected (reason -4)
Mar 18 09:55:55 LaMancha wpa_supplicant[1018]: wlp5s0: CTRL-EVENT-REGDOM-CHANGE init=CORE type=WORLD
Mar 18 09:55:55 LaMancha NetworkManager[896]: <info>  [1521392155.9973] device (wlp5s0): supplicant interface state: completed -> disconnected
Mar 18 09:55:56 LaMancha NetworkManager[896]: <info>  [1521392156.0823] device (wlp5s0): supplicant interface state: disconnected -> scanning
Mar 18 09:55:59 LaMancha wpa_supplicant[1018]: wlp5s0: SME: Trying to authenticate with 00:23:6a:9a:cc:0c (SSID='Cruzio_CC0A' freq=2412 MHz)
Mar 18 09:55:59 LaMancha kernel: [484429.949069] wlp5s0: authenticate with 00:23:6a:9a:cc:0c
Mar 18 09:55:59 LaMancha NetworkManager[896]: <info>  [1521392159.2009] device (wlp5s0): supplicant interface state: scanning -> authenticating
Mar 18 09:55:59 LaMancha kernel: [484429.958964] wlp5s0: send auth to 00:23:6a:9a:cc:0c (try 1/3)
Mar 18 09:55:59 LaMancha kernel: [484430.041673] wlp5s0: send auth to 00:23:6a:9a:cc:0c (try 2/3)
Mar 18 09:55:59 LaMancha wpa_supplicant[1018]: wlp5s0: Trying to associate with 00:23:6a:9a:cc:0c (SSID='Cruzio_CC0A' freq=2412 MHz)
Mar 18 09:55:59 LaMancha kernel: [484430.043913] wlp5s0: authenticated
Mar 18 09:55:59 LaMancha kernel: [484430.046396] wlp5s0: associate with 00:23:6a:9a:cc:0c (try 1/3)
Mar 18 09:55:59 LaMancha NetworkManager[896]: <info>  [1521392159.2909] device (wlp5s0): supplicant interface state: authenticating -> associating
Mar 18 09:55:59 LaMancha wpa_supplicant[1018]: wlp5s0: Associated with 00:23:6a:9a:cc:0c
Mar 18 09:55:59 LaMancha kernel: [484430.052067] wlp5s0: RX AssocResp from 00:23:6a:9a:cc:0c (capab=0x411 status=0 aid=1)
Mar 18 09:55:59 LaMancha kernel: [484430.052179] wlp5s0: associated
Mar 18 09:55:59 LaMancha NetworkManager[896]: <info>  [1521392159.2992] device (wlp5s0): supplicant interface state: associating -> associated
Mar 18 09:55:59 LaMancha NetworkManager[896]: <info>  [1521392159.3173] device (wlp5s0): supplicant interface state: associated -> 4-way handshake
Mar 18 09:55:59 LaMancha wpa_supplicant[1018]: wlp5s0: WPA: Key negotiation completed with 00:23:6a:9a:cc:0c [PTK=CCMP GTK=TKIP]
Mar 18 09:55:59 LaMancha wpa_supplicant[1018]: wlp5s0: CTRL-EVENT-CONNECTED - Connection to 00:23:6a:9a:cc:0c completed [id=0 id_str=]
Mar 18 09:55:59 LaMancha NetworkManager[896]: <info>  [1521392159.3383] device (wlp5s0): supplicant interface state: 4-way handshake -> completed
Mar 18 10:09:01 LaMancha CRON[3838]: (root) CMD (  [ -x /usr/lib/php/sessionclean ] && /usr/lib/php/sessionclean)
Mar 18 10:10:36 LaMancha dhclient[1020]: DHCPREQUEST of 192.168.1.3 on enp4s0 to 192.168.1.1 port 67 (xid=0x42b74987)
Mar 18 10:10:36 LaMancha dhclient[1020]: DHCPACK of 192.168.1.3 from 192.168.1.1
Mar 18 10:10:36 LaMancha NetworkManager[896]: <info>  [1521393036.5897]   address 192.168.1.3
Mar 18 10:10:36 LaMancha NetworkManager[896]: <info>  [1521393036.5898]   plen 24 (255.255.255.0)
Mar 18 10:10:36 LaMancha NetworkManager[896]: <info>  [1521393036.5898]   gateway 192.168.1.1
Mar 18 10:10:36 LaMancha NetworkManager[896]: <info>  [1521393036.5898]   server identifier 192.168.1.1
Mar 18 10:10:36 LaMancha NetworkManager[896]: <info>  [1521393036.5898]   lease time 86400
Mar 18 10:10:36 LaMancha NetworkManager[896]: <info>  [1521393036.5898]   nameserver '192.168.1.1'
Mar 18 10:10:36 LaMancha NetworkManager[896]: <info>  [1521393036.5898]   domain name 'Home'
Mar 18 10:10:36 LaMancha NetworkManager[896]: <info>  [1521393036.5898] dhcp4 (enp4s0): state changed bound -> bound
Mar 18 10:10:36 LaMancha dbus[851]: [system] Activating via systemd: service name='org.freedesktop.nm_dispatcher' unit='dbus-org.freedesktop.nm-dispatcher.service'
Mar 18 10:10:36 LaMancha systemd[1]: Starting Network Manager Script Dispatcher Service...
Mar 18 10:10:36 LaMancha dbus[851]: [system] Successfully activated service 'org.freedesktop.nm_dispatcher'
Mar 18 10:10:36 LaMancha systemd[1]: Started Network Manager Script Dispatcher Service.
Mar 18 10:10:36 LaMancha nm-dispatcher: req:1 'dhcp4-change' [enp4s0]: new request (1 scripts)
Mar 18 10:10:36 LaMancha nm-dispatcher: req:1 'dhcp4-change' [enp4s0]: start running ordered scripts...
Mar 18 10:10:36 LaMancha dhclient[1020]: bound to 192.168.1.3 -- renewal in 35226 seconds.
Mar 18 10:17:01 LaMancha CRON[3968]: (root) CMD (   cd / && run-parts --report /etc/cron.hourly)
Mar 18 10:39:01 LaMancha CRON[4197]: (root) CMD (  [ -x /usr/lib/php/sessionclean ] && /usr/lib/php/sessionclean)
Mar 18 10:54:50 LaMancha wpa_supplicant[1018]: wlp5s0: CTRL-EVENT-DISCONNECTED bssid=00:23:6a:9a:cc:0c reason=4 locally_generated=1
Mar 18 10:54:50 LaMancha NetworkManager[896]: <warn>  [1521395690.7897] sup-iface[0x1dc6140,wlp5s0]: connection disconnected (reason -4)
Mar 18 10:54:50 LaMancha wpa_supplicant[1018]: wlp5s0: CTRL-EVENT-REGDOM-CHANGE init=CORE type=WORLD
Mar 18 10:54:50 LaMancha NetworkManager[896]: <info>  [1521395690.8223] device (wlp5s0): supplicant interface state: completed -> disconnected
Mar 18 10:54:50 LaMancha NetworkManager[896]: <info>  [1521395690.8947] device (wlp5s0): supplicant interface state: disconnected -> scanning
Mar 18 10:54:53 LaMancha wpa_supplicant[1018]: wlp5s0: SME: Trying to authenticate with 00:23:6a:9a:cc:0c (SSID='Cruzio_CC0A' freq=2412 MHz)
Mar 18 10:54:53 LaMancha kernel: [487964.799785] wlp5s0: authenticate with 00:23:6a:9a:cc:0c
Mar 18 10:54:54 LaMancha NetworkManager[896]: <info>  [1521395694.0099] device (wlp5s0): supplicant interface state: scanning -> authenticating
Mar 18 10:54:54 LaMancha wpa_supplicant[1018]: wlp5s0: Trying to associate with 00:23:6a:9a:cc:0c (SSID='Cruzio_CC0A' freq=2412 MHz)
Mar 18 10:54:54 LaMancha kernel: [487964.810388] wlp5s0: send auth to 00:23:6a:9a:cc:0c (try 1/3)
Mar 18 10:54:54 LaMancha kernel: [487964.812595] wlp5s0: authenticated
Mar 18 10:54:54 LaMancha kernel: [487964.813747] wlp5s0: associate with 00:23:6a:9a:cc:0c (try 1/3)
Mar 18 10:54:54 LaMancha NetworkManager[896]: <info>  [1521395694.0150] device (wlp5s0): supplicant interface state: authenticating -> associating
Mar 18 10:54:54 LaMancha wpa_supplicant[1018]: wlp5s0: Associated with 00:23:6a:9a:cc:0c
Mar 18 10:54:54 LaMancha kernel: [487964.818188] wlp5s0: RX AssocResp from 00:23:6a:9a:cc:0c (capab=0x411 status=0 aid=1)
Mar 18 10:54:54 LaMancha kernel: [487964.818321] wlp5s0: associated
Mar 18 10:54:54 LaMancha NetworkManager[896]: <info>  [1521395694.0215] device (wlp5s0): supplicant interface state: associating -> associated
Mar 18 10:54:54 LaMancha NetworkManager[896]: <info>  [1521395694.0361] device (wlp5s0): supplicant interface state: associated -> 4-way handshake
Mar 18 10:54:54 LaMancha wpa_supplicant[1018]: wlp5s0: WPA: Key negotiation completed with 00:23:6a:9a:cc:0c [PTK=CCMP GTK=TKIP]
Mar 18 10:54:54 LaMancha wpa_supplicant[1018]: wlp5s0: CTRL-EVENT-CONNECTED - Connection to 00:23:6a:9a:cc:0c completed [id=0 id_str=]
Mar 18 10:54:54 LaMancha NetworkManager[896]: <info>  [1521395694.0533] device (wlp5s0): supplicant interface state: 4-way handshake -> completed
Mar 18 11:09:01 LaMancha CRON[4611]: (root) CMD (  [ -x /usr/lib/php/sessionclean ] && /usr/lib/php/sessionclean)
Mar 18 11:17:01 LaMancha CRON[4732]: (root) CMD (   cd / && run-parts --report /etc/cron.hourly)
Mar 18 11:23:11 LaMancha systemd[1]: snapd.refresh.timer: Adding 2h 48min 4.445861s random time.
Mar 18 11:39:01 LaMancha CRON[5010]: (root) CMD (  [ -x /usr/lib/php/sessionclean ] && /usr/lib/php/sessionclean)
Mar 18 12:09:01 LaMancha CRON[5441]: (root) CMD (  [ -x /usr/lib/php/sessionclean ] && /usr/lib/php/sessionclean)
Mar 18 12:17:01 LaMancha CRON[5581]: (root) CMD (   cd / && run-parts --report /etc/cron.hourly)
Mar 18 12:41:50 LaMancha rsyslogd: [origin software="rsyslogd" swVersion="8.16.0" x-pid="872" x-info="http://www.rsyslog.com"] start
Mar 18 12:41:50 LaMancha rsyslogd-2222: command 'KLogPermitNonKernelFacility' is currently not permitted - did you already set it via a RainerScript command (v6+ config)? [v8.16.0 try http://www.rsyslog.com/e/2222 ]
Mar 18 12:41:50 LaMancha rsyslogd: rsyslogd's groupid changed to 108
Mar 18 12:41:50 LaMancha rsyslogd: rsyslogd's userid changed to 104
Mar 18 12:41:50 LaMancha rsyslogd-2039: Could not open output pipe '/dev/xconsole':: No such file or directory [v8.16.0 try http://www.rsyslog.com/e/2039 ]
Mar 18 12:41:50 LaMancha kernel: [    0.000000] microcode: microcode updated early to revision 0x22, date = 2017-01-27
Mar 18 12:41:50 LaMancha kernel: [    0.000000] random: get_random_bytes called from start_kernel+0x42/0x504 with crng_init=0
Mar 18 12:41:50 LaMancha kernel: [    0.000000] Linux version 4.13.0-32-generic (buildd@lgw01-amd64-004) (gcc version 5.4.0 20160609 (Ubuntu 5.4.0-6ubuntu1~16.04.5)) #35~16.04.1-Ubuntu SMP Thu Jan 25 10:13:43 UTC 2018 (Ubuntu 4.13.0-32.35~16.04.1-generic 4.13.13)
Mar 18 12:41:50 LaMancha kernel: [    0.000000] Command line: BOOT_IMAGE=/boot/vmlinuz-4.13.0-32-generic root=UUID=3f05c991-6d8c-46f7-a857-4c63a4ff4f07 ro quiet splash vt.handoff=7
Mar 18 12:41:50 LaMancha kernel: [    0.000000] KERNEL supported cpus:
Mar 18 12:41:50 LaMancha systemd-modules-load[256]: Inserted module 'lp'
Mar 18 12:41:50 LaMancha kernel: [    0.000000]   Intel GenuineIntel
Mar 18 12:41:50 LaMancha kernel: [    0.000000]   AMD AuthenticAMD
Mar 18 12:41:50 LaMancha kernel: [    0.000000]   Centaur CentaurHauls
Mar 18 12:41:50 LaMancha kernel: [    0.000000] x86/fpu: Supporting XSAVE feature 0x001: 'x87 floating point registers'
Mar 18 12:41:50 LaMancha kernel: [    0.000000] x86/fpu: Supporting XSAVE feature 0x002: 'SSE registers'
Mar 18 12:41:50 LaMancha kernel: [    0.000000] x86/fpu: Supporting XSAVE feature 0x004: 'AVX registers'
Mar 18 12:41:50 LaMancha systemd-modules-load[256]: Inserted module 'ppdev'
Mar 18 12:41:50 LaMancha kernel: [    0.000000] x86/fpu: xstate_offset[2]:  576, xstate_sizes[2]:  256
Mar 18 12:41:50 LaMancha kernel: [    0.000000] x86/fpu: Enabled xstate features 0x7, context size is 832 bytes, using 'standard' format.
Mar 18 12:41:50 LaMancha kernel: [    0.000000] e820: BIOS-provided physical RAM map:
Mar 18 12:41:50 LaMancha kernel: [    0.000000] BIOS-e820: [mem 0x0000000000000000-0x000000000009d7ff] usable
Mar 18 12:41:50 LaMancha kernel: [    0.000000] BIOS-e820: [mem 0x000000000009d800-0x000000000009ffff] reserved
Mar 18 12:41:50 LaMancha systemd-modules-load[256]: Inserted module 'parport_pc'
Mar 18 12:41:50 LaMancha rsyslogd-2007: action 'action 10' suspended, next retry is Sun Mar 18 12:42:20 2018 [v8.16.0 try http://www.rsyslog.com/e/2007 ]
Mar 18 12:41:50 LaMancha kernel: [    0.000000] BIOS-e820: [mem 0x00000000000e0000-0x00000000000fffff] reserved
Mar 18 12:41:50 LaMancha kernel: [    0.000000] BIOS-e820: [mem 0x0000000000100000-0x00000000ad1cbfff] usable
Mar 18 12:41:50 LaMancha kernel: [    0.000000] BIOS-e820: [mem 0x00000000ad1cc000-0x00000000ad1d2fff] ACPI NVS
Mar 18 12:41:50 LaMancha kernel: [    0.000000] BIOS-e820: [mem 0x00000000ad1d3000-0x00000000ade43fff] usable
Mar 18 12:41:50 LaMancha loadkeys[261]: Loading /etc/console-setup/cached.kmap.gz
Mar 18 12:41:50 LaMancha kernel: [    0.000000] BIOS-e820: [mem 0x00000000ade44000-0x00000000ae33ffff] reserved
Mar 18 12:41:50 LaMancha kernel: [    0.000000] BIOS-e820: [mem 0x00000000ae340000-0x00000000bdac8fff] usable
Mar 18 12:41:50 LaMancha systemd[1]: Started Set console keymap.
Mar 18 12:41:50 LaMancha kernel: [    0.000000] BIOS-e820: [mem 0x00000000bdac9000-0x00000000bdb2ffff] reserved
Mar 18 12:41:50 LaMancha kernel: [    0.000000] BIOS-e820: [mem 0x00000000bdb30000-0x00000000bdb80fff] usable
Mar 18 12:41:50 LaMancha kernel: [    0.000000] BIOS-e820: [mem 0x00000000bdb81000-0x00000000bdcb7fff] ACPI NVS
Mar 18 12:41:50 LaMancha kernel: [    0.000000] BIOS-e820: [mem 0x00000000bdcb8000-0x00000000bdffefff] reserved
Mar 18 12:41:50 LaMancha kernel: [    0.000000] BIOS-e820: [mem 0x00000000bdfff000-0x00000000bdffffff] usable
Mar 18 12:41:50 LaMancha kernel: [    0.000000] BIOS-e820: [mem 0x00000000bf000000-0x00000000cf1fffff] reserved
Mar 18 12:41:50 LaMancha ureadahead[264]: ureadahead:/var/spool/cups/tmp/cups-dbus-notifier-lockfile: No such file or directory
Mar 18 12:41:50 LaMancha kernel: [    0.000000] BIOS-e820: [mem 0x00000000f0000000-0x00000000f7ffffff] reserved
Mar 18 12:41:50 LaMancha kernel: [    0.000000] BIOS-e820: [mem 0x00000000fec00000-0x00000000fec00fff] reserved
Mar 18 12:41:50 LaMancha kernel: [    0.000000] BIOS-e820: [mem 0x00000000fed00000-0x00000000fed03fff] reserved
Mar 18 12:41:50 LaMancha ureadahead[264]: ureadahead:/var/lib/dpkg/info/libjs-underscore.list: No such file or directory
Mar 18 12:41:50 LaMancha kernel: [    0.000000] BIOS-e820: [mem 0x00000000fed1c000-0x00000000fed1ffff] reserved
Mar 18 12:41:50 LaMancha kernel: [    0.000000] BIOS-e820: [mem 0x00000000fee00000-0x00000000fee00fff] reserved
Mar 18 12:41:50 LaMancha ureadahead[264]: ureadahead:/var/lib/dpkg/info/libjs-node-uuid.list: No such file or directory
Mar 18 12:41:50 LaMancha kernel: [    0.000000] BIOS-e820: [mem 0x00000000ff000000-0x00000000ffffffff] reserved
Mar 18 12:41:50 LaMancha kernel: [    0.000000] BIOS-e820: [mem 0x0000000100000000-0x000000052fdfffff] usable
Mar 18 12:41:50 LaMancha kernel: [    0.000000] NX (Execute Disable) protection: active
Mar 18 12:41:50 LaMancha kernel: [    0.000000] random: fast init done
Mar 18 12:41:50 LaMancha ureadahead[264]: ureadahead:/var/lib/dpkg/info/libuv1-dev:amd64.list: No such file or directory
Mar 18 12:41:50 LaMancha kernel: [    0.000000] SMBIOS 2.8 present.
Mar 18 12:41:50 LaMancha kernel: [    0.000000] DMI: To Be Filled By O.E.M. To Be Filled By O.E.M./Z97 Killer, BIOS P2.20 05/12/2015
Mar 18 12:41:50 LaMancha ureadahead[264]: ureadahead:/var/lib/dpkg/info/libjs-inherits.list: No such file or directory
Mar 18 12:41:50 LaMancha kernel: [    0.000000] tsc: Fast TSC calibration using PIT
Mar 18 12:41:50 LaMancha kernel: [    0.000000] e820: update [mem 0x00000000-0x00000fff] usable ==> reserved
Mar 18 12:41:50 LaMancha kernel: [    0.000000] e820: remove [mem 0x000a0000-0x000fffff] usable
Mar 18 12:41:50 LaMancha kernel: [    0.000000] e820: last_pfn = 0x52fe00 max_arch_pfn = 0x400000000
Mar 18 12:41:50 LaMancha kernel: [    0.000000] MTRR default type: uncachable
Mar 18 12:41:50 LaMancha kernel: [    0.000000] MTRR fixed ranges enabled:
Mar 18 12:41:50 LaMancha ureadahead[264]: ureadahead:/var/lib/dpkg/info/node-minimatch.list: No such file or directory
Mar 18 12:41:50 LaMancha kernel: [    0.000000]   00000-9FFFF write-back
Mar 18 12:41:50 LaMancha kernel: [    0.000000]   A0000-BFFFF uncachable
Mar 18 12:41:50 LaMancha kernel: [    0.000000]   C0000-CFFFF write-protect
Mar 18 12:41:50 LaMancha kernel: [    0.000000]   D0000-E7FFF uncachable
Mar 18 12:41:50 LaMancha ureadahead[264]: ureadahead:/var/lib/dpkg/info/node-lockfile.list: No such file or directory
Mar 18 12:41:50 LaMancha kernel: [    0.000000]   E8000-FFFFF write-protect
Mar 18 12:41:50 LaMancha kernel: [    0.000000] MTRR variable ranges enabled:
Mar 18 12:41:50 LaMancha kernel: [    0.000000]   0 base 0000000000 mask 7C00000000 write-back
Mar 18 12:41:50 LaMancha ureadahead[264]: ureadahead:/var/lib/dpkg/info/linux-headers-4.13.0-26-generic.list: No such file or directory
Mar 18 12:41:50 LaMancha kernel: [    0.000000]   1 base 0400000000 mask 7F00000000 write-back
Mar 18 12:41:50 LaMancha kernel: [    0.000000]   2 base 0500000000 mask 7FC0000000 write-back
Mar 18 12:41:50 LaMancha kernel: [    0.000000]   3 base 00C0000000 mask 7FC0000000 uncachable
Mar 18 12:41:50 LaMancha kernel: [    0.000000]   4 base 00BF000000 mask 7FFF000000 uncachable
Mar 18 12:41:50 LaMancha kernel: [    0.000000]   5 base 0530000000 mask 7FF0000000 uncachable
Mar 18 12:41:50 LaMancha ureadahead[264]: ureadahead:/var/lib/dpkg/info/node-archy.list: No such file or directory
Mar 18 12:41:50 LaMancha kernel: [    0.000000]   6 base 052FE00000 mask 7FFFE00000 uncachable
Mar 18 12:41:50 LaMancha kernel: [    0.000000]   7 disabled
Mar 18 12:41:50 LaMancha kernel: [    0.000000]   8 disabled
Mar 18 12:41:50 LaMancha ureadahead[264]: ureadahead:/var/lib/dpkg/info/node-mute-stream.list: No such file or directory
Mar 18 12:41:50 LaMancha kernel: [    0.000000]   9 disabled
Mar 18 12:41:50 LaMancha kernel: [    0.000000] x86/PAT: Configuration [0-7]: WB  WC  UC- UC  WB  WC  UC- WT  
Mar 18 12:41:50 LaMancha kernel: [    0.000000] total RAM covered: 20206M
Mar 18 12:41:50 LaMancha kernel: [    0.000000] Found optimal setting for mtrr clean up
Mar 18 12:41:50 LaMancha kernel: [    0.000000]  gran_size: 64K 	chunk_size: 32M 	num_reg: 9  	lose cover RAM: 0G
Mar 18 12:41:50 LaMancha ureadahead[264]: ureadahead:/var/lib/dpkg/info/node-nopt.list: No such file or directory
Mar 18 12:41:50 LaMancha kernel: [    0.000000] e820: update [mem 0xbf000000-0xffffffff] usable ==> reserved
Mar 18 12:41:50 LaMancha kernel: [    0.000000] e820: last_pfn = 0xbe000 max_arch_pfn = 0x400000000
Mar 18 12:41:50 LaMancha kernel: [    0.000000] found SMP MP-table at [mem 0x000fd1d0-0x000fd1df] mapped at [ffff9eff000fd1d0]
Mar 18 12:41:50 LaMancha kernel: [    0.000000] Scanning 1 areas for low memory corruption
Mar 18 12:41:50 LaMancha ureadahead[264]: ureadahead:/var/lib/dpkg/info/node-retry.list: No such file or directory
Mar 18 12:41:50 LaMancha kernel: [    0.000000] Base memory trampoline at [ffff9eff00097000] 97000 size 24576
Mar 18 12:41:50 LaMancha kernel: [    0.000000] Using GB pages for direct mapping
Mar 18 12:41:50 LaMancha kernel: [    0.000000] BRK [0x3ec32a000, 0x3ec32afff] PGTABLE
Mar 18 12:41:50 LaMancha kernel: [    0.000000] BRK [0x3ec32b000, 0x3ec32bfff] PGTABLE
Mar 18 12:41:50 LaMancha kernel: [    0.000000] BRK [0x3ec32c000, 0x3ec32cfff] PGTABLE
Mar 18 12:41:50 LaMancha ureadahead[264]: ureadahead:/var/lib/dpkg/info/node-read-package-json.list: No such file or directory
Mar 18 12:41:50 LaMancha kernel: [    0.000000] BRK [0x3ec32d000, 0x3ec32dfff] PGTABLE
Mar 18 12:41:50 LaMancha kernel: [    0.000000] BRK [0x3ec32e000, 0x3ec32efff] PGTABLE
Mar 18 12:41:50 LaMancha kernel: [    0.000000] BRK [0x3ec32f000, 0x3ec32ffff] PGTABLE
Mar 18 12:41:50 LaMancha kernel: [    0.000000] BRK [0x3ec330000, 0x3ec330fff] PGTABLE
Mar 18 12:41:50 LaMancha ureadahead[264]: ureadahead:/var/lib/dpkg/info/node-ansi-color-table.list: No such file or directory
Mar 18 12:41:50 LaMancha kernel: [    0.000000] BRK [0x3ec331000, 0x3ec331fff] PGTABLE
Mar 18 12:41:50 LaMancha kernel: [    0.000000] BRK [0x3ec332000, 0x3ec332fff] PGTABLE
Mar 18 12:41:50 LaMancha kernel: [    0.000000] BRK [0x3ec333000, 0x3ec333fff] PGTABLE
Mar 18 12:41:50 LaMancha kernel: [    0.000000] BRK [0x3ec334000, 0x3ec334fff] PGTABLE
Mar 18 12:41:50 LaMancha ureadahead[264]: ureadahead:/var/lib/dpkg/info/node-async.list: No such file or directory
Mar 18 12:41:50 LaMancha kernel: [    0.000000] BRK [0x3ec335000, 0x3ec335fff] PGTABLE
Mar 18 12:41:50 LaMancha kernel: [    0.000000] RAMDISK: [mem 0x32222000-0x35108fff]
Mar 18 12:41:50 LaMancha kernel: [    0.000000] ACPI: Early table checksum verification disabled
Mar 18 12:41:50 LaMancha kernel: [    0.000000] ACPI: RSDP 0x00000000000F04A0 000024 (v02 ALASKA)
Mar 18 12:41:50 LaMancha kernel: [    0.000000] ACPI: XSDT 0x00000000BDC85088 00008C (v01 ALASKA A M I    01072009 AMI  00010013)
Mar 18 12:41:50 LaMancha kernel: [    0.000000] ACPI: FACP 0x00000000BDC95DC8 00010C (v05 ALASKA A M I    01072009 AMI  00010013)
Mar 18 12:41:50 LaMancha ureadahead[264]: ureadahead:/var/lib/dpkg/info/linux-headers-4.13.0-26.list: No such file or directory
Mar 18 12:41:50 LaMancha kernel: [    0.000000] ACPI: DSDT 0x00000000BDC851A8 010C19 (v02 ALASKA A M I    00000211 INTL 20120711)
Mar 18 12:41:50 LaMancha kernel: [    0.000000] ACPI: FACS 0x00000000BDCB7F80 000040
Mar 18 12:41:50 LaMancha kernel: [    0.000000] ACPI: APIC 0x00000000BDC95ED8 000072 (v03 ALASKA A M I    01072009 AMI  00010013)
Mar 18 12:41:50 LaMancha kernel: [    0.000000] ACPI: FPDT 0x00000000BDC95F50 000044 (v01 ALASKA A M I    01072009 AMI  00010013)
Mar 18 12:41:50 LaMancha ureadahead[264]: ureadahead:/var/lib/dpkg/info/node-request.list: No such file or directory
Mar 18 12:41:50 LaMancha kernel: [    0.000000] ACPI: SSDT 0x00000000BDC95F98 000539 (v01 PmRef  Cpu0Ist  00003000 INTL 20051117)
Mar 18 12:41:50 LaMancha kernel: [    0.000000] ACPI: SSDT 0x00000000BDC964D8 000B74 (v01 CpuRef CpuSsdt  00003000 INTL 20051117)
Mar 18 12:41:50 LaMancha kernel: [    0.000000] ACPI: SSDT 0x00000000BDC97050 0001C7 (v01 PmRef  LakeTiny 00003000 INTL 20051117)
Mar 18 12:41:50 LaMancha kernel: [    0.000000] ACPI: MCFG 0x00000000BDC97218 00003C (v01 ALASKA A M I    01072009 MSFT 00000097)
Mar 18 12:41:50 LaMancha kernel: [    0.000000] ACPI: HPET 0x00000000BDC97258 000038 (v01 ALASKA A M I    01072009 AMI. 00000005)
Mar 18 12:41:50 LaMancha ureadahead[264]: ureadahead:/var/lib/dpkg/info/node-block-stream.list: No such file or directory
Mar 18 12:41:50 LaMancha kernel: [    0.000000] ACPI: SSDT 0x00000000BDC97290 00036D (v01 SataRe SataTabl 00001000 INTL 20120711)
Mar 18 12:41:50 LaMancha kernel: [    0.000000] ACPI: SSDT 0x00000000BDC97600 005B5E (v01 SaSsdt SaSsdt   00003000 INTL 20120711)
Mar 18 12:41:50 LaMancha kernel: [    0.000000] ACPI: AAFT 0x00000000BDC9D160 0003BF (v01 ALASKA OEMAAFT  01072009 MSFT 00000097)
Mar 18 12:41:50 LaMancha ureadahead[264]: ureadahead:/var/lib/dpkg/info/node-rimraf.list: No such file or directory
Mar 18 12:41:50 LaMancha kernel: [    0.000000] ACPI: UEFI 0x00000000BDC9D520 000042 (v01 ALASKA A M I    01072009      00000000)
Mar 18 12:41:50 LaMancha kernel: [    0.000000] ACPI: SSDT 0x00000000BDC9D568 000579 (v01 Intel_ IsctTabl 00001000 INTL 20120711)
Mar 18 12:41:50 LaMancha kernel: [    0.000000] ACPI: Local APIC address 0xfee00000
Mar 18 12:41:50 LaMancha kernel: [    0.000000] No NUMA configuration found
Mar 18 12:41:50 LaMancha ureadahead[264]: ureadahead:/var/lib/dpkg/info/node-abbrev.list: No such file or directory
Mar 18 12:41:50 LaMancha kernel: [    0.000000] Faking a node at [mem 0x0000000000000000-0x000000052fdfffff]
Mar 18 12:41:50 LaMancha kernel: [    0.000000] NODE_DATA(0) allocated [mem 0x52fdd5000-0x52fdfffff]
Mar 18 12:41:50 LaMancha kernel: [    0.000000] Zone ranges:
Mar 18 12:41:50 LaMancha kernel: [    0.000000]   DMA      [mem 0x0000000000001000-0x0000000000ffffff]
Mar 18 12:41:50 LaMancha kernel: [    0.000000]   DMA32    [mem 0x0000000001000000-0x00000000ffffffff]
Mar 18 12:41:50 LaMancha kernel: [    0.000000]   Normal   [mem 0x0000000100000000-0x000000052fdfffff]
Mar 18 12:41:50 LaMancha ureadahead[264]: ureadahead:/var/lib/dpkg/info/node-glob.list: No such file or directory
Mar 18 12:41:50 LaMancha kernel: [    0.000000]   Device   empty
Mar 18 12:41:50 LaMancha kernel: [    0.000000] Movable zone start for each node
Mar 18 12:41:50 LaMancha ureadahead[264]: ureadahead:/var/lib/dpkg/info/node-json-stringify-safe.list: No such file or directory
Mar 18 12:41:50 LaMancha ureadahead[264]: ureadahead:/var/lib/dpkg/info/node-npmlog.list: No such file or directory
Mar 18 12:41:50 LaMancha ureadahead[264]: ureadahead:/var/lib/dpkg/info/node-graceful-fs.list: No such file or directory
Mar 18 12:41:50 LaMancha ureadahead[264]: ureadahead:/var/lib/dpkg/info/node-gyp.list: No such file or directory
Mar 18 12:41:50 LaMancha ureadahead[264]: ureadahead:/var/lib/dpkg/info/node-github-url-from-git.list: No such file or directory
Mar 18 12:41:50 LaMancha ureadahead[264]: ureadahead:/var/lib/dpkg/info/gyp.list: No such file or directory
Mar 18 12:41:50 LaMancha ureadahead[264]: ureadahead:/var/lib/dpkg/info/nodejs-dev.list: No such file or directory
Mar 18 12:41:50 LaMancha ureadahead[264]: ureadahead:/var/lib/dpkg/info/node-ansi.list: No such file or directory
Mar 18 12:41:50 LaMancha ureadahead[264]: ureadahead:/var/lib/dpkg/info/node-underscore.list: No such file or directory
Mar 18 12:41:50 LaMancha systemd[1]: Started Apply Kernel Variables.
Mar 18 12:41:50 LaMancha ureadahead[264]: ureadahead:/home/donquixote/.cache/upstart/gnome-keyring-ssh.log: No such file or directory
Mar 18 12:41:50 LaMancha ureadahead[264]: ureadahead:/home/donquixote/.cache/upstart/upstart-event-bridge.log: No such file or directory
Mar 18 12:41:50 LaMancha ureadahead[264]: ureadahead:/home/donquixote/.cache/upstart/gnome-keyring.log: No such file or directory
Mar 18 12:41:50 LaMancha ureadahead[264]: ureadahead:/home/donquixote/.cache/upstart/update-notifier-crash-_var_crash__opt_google_chrome_chrome.1000.crash.log: No such file or directory
Mar 18 12:41:50 LaMancha ureadahead[264]: ureadahead:/home/donquixote/.cache/upstart/update-notifier-release.log: No such file or directory
Mar 18 12:41:50 LaMancha kernel: [    0.000000] Early memory node ranges
Mar 18 12:41:50 LaMancha kernel: [    0.000000]   node   0: [mem 0x0000000000001000-0x000000000009cfff]
Mar 18 12:41:50 LaMancha kernel: [    0.000000]   node   0: [mem 0x0000000000100000-0x00000000ad1cbfff]
Mar 18 12:41:50 LaMancha ureadahead[264]: ureadahead:/home/donquixote/.cache/upstart/gpg-agent.log: No such file or directory
Mar 18 12:41:50 LaMancha kernel: [    0.000000]   node   0: [mem 0x00000000ad1d3000-0x00000000ade43fff]
Mar 18 12:41:50 LaMancha kernel: [    0.000000]   node   0: [mem 0x00000000ae340000-0x00000000bdac8fff]
Mar 18 12:41:50 LaMancha kernel: [    0.000000]   node   0: [mem 0x00000000bdb30000-0x00000000bdb80fff]
Mar 18 12:41:50 LaMancha ureadahead[264]: ureadahead:/home/donquixote/.cache/upstart/ssh-agent.log: No such file or directory
Mar 18 12:41:50 LaMancha kernel: [    0.000000]   node   0: [mem 0x00000000bdfff000-0x00000000bdffffff]
Mar 18 12:41:50 LaMancha kernel: [    0.000000]   node   0: [mem 0x0000000100000000-0x000000052fdfffff]
Mar 18 12:41:50 LaMancha kernel: [    0.000000] Initmem setup node 0 [mem 0x0000000000001000-0x000000052fdfffff]
Mar 18 12:41:50 LaMancha ureadahead[264]: ureadahead:/home/donquixote/.cache/upstart/unity7.log: No such file or directory
Mar 18 12:41:50 LaMancha kernel: [    0.000000] On node 0 totalpages: 5166004
Mar 18 12:41:50 LaMancha kernel: [    0.000000]   DMA zone: 64 pages used for memmap
Mar 18 12:41:50 LaMancha kernel: [    0.000000]   DMA zone: 21 pages reserved
Mar 18 12:41:50 LaMancha kernel: [    0.000000]   DMA zone: 3996 pages, LIFO batch:0
Mar 18 12:41:50 LaMancha kernel: [    0.000000]   DMA32 zone: 12057 pages used for memmap
Mar 18 12:41:50 LaMancha kernel: [    0.000000]   DMA32 zone: 771608 pages, LIFO batch:31
Mar 18 12:41:50 LaMancha ureadahead[264]: ureadahead:/home/donquixote/.cache/upstart/at-spi2-registryd.log: No such file or directory
Mar 18 12:41:50 LaMancha kernel: [    0.000000]   Normal zone: 68600 pages used for memmap
Mar 18 12:41:50 LaMancha kernel: [    0.000000]   Normal zone: 4390400 pages, LIFO batch:31
Mar 18 12:41:50 LaMancha kernel: [    0.000000] Reserving Intel graphics memory at 0x00000000bf200000-0x00000000cf1fffff
Mar 18 12:41:50 LaMancha ureadahead[264]: ureadahead:/home/donquixote/.cache/upstart/indicator-sound.log: No such file or directory
Mar 18 12:41:50 LaMancha kernel: [    0.000000] ACPI: PM-Timer IO Port: 0x1808
Mar 18 12:41:50 LaMancha kernel: [    0.000000] ACPI: Local APIC address 0xfee00000
Mar 18 12:41:50 LaMancha kernel: [    0.000000] ACPI: LAPIC_NMI (acpi_id[0xff] high edge lint[0x1])
Mar 18 12:41:50 LaMancha ureadahead[264]: ureadahead:/home/donquixote/.cache/upstart/window-stack-bridge.log: No such file or directory
Mar 18 12:41:50 LaMancha kernel: [    0.000000] IOAPIC[0]: apic_id 8, version 32, address 0xfec00000, GSI 0-23
Mar 18 12:41:50 LaMancha kernel: [    0.000000] ACPI: INT_SRC_OVR (bus 0 bus_irq 0 global_irq 2 dfl dfl)
Mar 18 12:41:50 LaMancha kernel: [    0.000000] ACPI: INT_SRC_OVR (bus 0 bus_irq 9 global_irq 9 high level)
Mar 18 12:41:50 LaMancha kernel: [    0.000000] ACPI: IRQ0 used by override.
Mar 18 12:41:50 LaMancha kernel: [    0.000000] ACPI: IRQ9 used by override.
Mar 18 12:41:50 LaMancha ureadahead[264]: ureadahead:/home/donquixote/.local/share/gvfs-metadata/home-ec163f56.log: No such file or directory
Mar 18 12:41:50 LaMancha kernel: [    0.000000] Using ACPI (MADT) for SMP configuration information
Mar 18 12:41:50 LaMancha kernel: [    0.000000] ACPI: HPET id: 0x8086a701 base: 0xfed00000
Mar 18 12:41:50 LaMancha kernel: [    0.000000] smpboot: Allowing 4 CPUs, 0 hotplug CPUs
Mar 18 12:41:50 LaMancha kernel: [    0.000000] PM: Registered nosave memory: [mem 0x00000000-0x00000fff]
Mar 18 12:41:50 LaMancha ureadahead[264]: ureadahead:/home/donquixote/.local/share/Trash/info/636796446.mp4.trashinfo: No such file or directory
Mar 18 12:41:50 LaMancha kernel: [    0.000000] PM: Registered nosave memory: [mem 0x0009d000-0x0009dfff]
Mar 18 12:41:50 LaMancha kernel: [    0.000000] PM: Registered nosave memory: [mem 0x0009e000-0x0009ffff]
Mar 18 12:41:50 LaMancha kernel: [    0.000000] PM: Registered nosave memory: [mem 0x000a0000-0x000dffff]
Mar 18 12:41:50 LaMancha kernel: [    0.000000] PM: Registered nosave memory: [mem 0x000e0000-0x000fffff]
Mar 18 12:41:50 LaMancha kernel: [    0.000000] PM: Registered nosave memory: [mem 0xad1cc000-0xad1d2fff]
Mar 18 12:41:50 LaMancha ureadahead[264]: ureadahead: /home/donquixote/.local/share/Trash/info/Abacus Small Enough to Jail 2016.trashinfo: No such file or directory
Mar 18 12:41:50 LaMancha kernel: [    0.000000] PM: Registered nosave memory: [mem 0xade44000-0xae33ffff]
Mar 18 12:41:50 LaMancha kernel: [    0.000000] PM: Registered nosave memory: [mem 0xbdac9000-0xbdb2ffff]
Mar 18 12:41:50 LaMancha kernel: [    0.000000] PM: Registered nosave memory: [mem 0xbdb81000-0xbdcb7fff]
Mar 18 12:41:50 LaMancha kernel: [    0.000000] PM: Registered nosave memory: [mem 0xbdcb8000-0xbdffefff]
Mar 18 12:41:50 LaMancha ureadahead[264]: ureadahead:/home/donquixote/.local/share/Trash/info/American.Made.2017.720p.HC.HDRip.900MB.MkvCage.mkv.trashinfo: No such file or directory
Mar 18 12:41:50 LaMancha kernel: [    0.000000] PM: Registered nosave memory: [mem 0xbe000000-0xbeffffff]
Mar 18 12:41:50 LaMancha kernel: [    0.000000] PM: Registered nosave memory: [mem 0xbf000000-0xcf1fffff]
Mar 18 12:41:50 LaMancha kernel: [    0.000000] PM: Registered nosave memory: [mem 0xcf200000-0xefffffff]
Mar 18 12:41:50 LaMancha kernel: [    0.000000] PM: Registered nosave memory: [mem 0xf0000000-0xf7ffffff]
Mar 18 12:41:50 LaMancha kernel: [    0.000000] PM: Registered nosave memory: [mem 0xf8000000-0xfebfffff]
Mar 18 12:41:50 LaMancha ureadahead[264]: ureadahead:/home/donquixote/.local/share/Trash/info/American.Vandal.S01E01.WEB.x264-STRiFE[ettv].trashinfo: No such file or directory
Mar 18 12:41:50 LaMancha kernel: [    0.000000] PM: Registered nosave memory: [mem 0xfec00000-0xfec00fff]
Mar 18 12:41:50 LaMancha kernel: [    0.000000] PM: Registered nosave memory: [mem 0xfec01000-0xfecfffff]
Mar 18 12:41:50 LaMancha kernel: [    0.000000] PM: Registered nosave memory: [mem 0xfed00000-0xfed03fff]
Mar 18 12:41:50 LaMancha ureadahead[264]: ureadahead:/home/donquixote/.local/share/Trash/info/American.Vandal.S01E02.WEB.x264-STRiFE[ettv].trashinfo: No such file or directory
Mar 18 12:41:50 LaMancha kernel: [    0.000000] PM: Registered nosave memory: [mem 0xfed04000-0xfed1bfff]
Mar 18 12:41:50 LaMancha kernel: [    0.000000] PM: Registered nosave memory: [mem 0xfed1c000-0xfed1ffff]
Mar 18 12:41:50 LaMancha ureadahead[264]: ureadahead:/home/donquixote/.local/share/Trash/info/American.Vandal.S01E03.WEB.x264-STRiFE[ettv].trashinfo: No such file or directory
Mar 18 12:41:50 LaMancha kernel: [    0.000000] PM: Registered nosave memory: [mem 0xfed20000-0xfedfffff]
Mar 18 12:41:50 LaMancha kernel: [    0.000000] PM: Registered nosave memory: [mem 0xfee00000-0xfee00fff]
Mar 18 12:41:50 LaMancha kernel: [    0.000000] PM: Registered nosave memory: [mem 0xfee01000-0xfeffffff]
Mar 18 12:41:50 LaMancha kernel: [    0.000000] PM: Registered nosave memory: [mem 0xff000000-0xffffffff]
Mar 18 12:41:50 LaMancha kernel: [    0.000000] e820: [mem 0xcf200000-0xefffffff] available for PCI devices
Mar 18 12:41:50 LaMancha kernel: [    0.000000] Booting paravirtualized kernel on bare hardware
Mar 18 12:41:50 LaMancha ureadahead[264]: ureadahead:/home/donquixote/.local/share/Trash/info/An.Honest.Man.720p.x264-VODO.trashinfo: No such file or directory
Mar 18 12:41:50 LaMancha kernel: [    0.000000] clocksource: refined-jiffies: mask: 0xffffffff max_cycles: 0xffffffff, max_idle_ns: 7645519600211568 ns
Mar 18 12:41:50 LaMancha kernel: [    0.000000] setup_percpu: NR_CPUS:8192 nr_cpumask_bits:4 nr_cpu_ids:4 nr_node_ids:1
Mar 18 12:41:50 LaMancha kernel: [    0.000000] percpu: Embedded 45 pages/cpu @ffff9f042fa00000 s146520 r8192 d29608 u524288
Mar 18 12:41:50 LaMancha kernel: [    0.000000] pcpu-alloc: s146520 r8192 d29608 u524288 alloc=1*2097152
Mar 18 12:41:50 LaMancha ureadahead[264]: ureadahead:/home/donquixote/.local/share/Trash/info/Berlin.Syndrome.2017.720p.WEB-DL.900MB.MkvCage.mkv.trashinfo: No such file or directory
Mar 18 12:41:50 LaMancha kernel: [    0.000000] pcpu-alloc: [0] 0 1 2 3 
Mar 18 12:41:50 LaMancha kernel: [    0.000000] Built 1 zonelists in Node order, mobility grouping on.  Total pages: 5085262
Mar 18 12:41:50 LaMancha kernel: [    0.000000] Policy zone: Normal
Mar 18 12:41:50 LaMancha ureadahead[264]: ureadahead:/home/donquixote/.local/share/Trash/info/Better.Call.Saul.S03E05.WEB-DL.x264-FUM[ettv].trashinfo: No such file or directory
Mar 18 12:41:50 LaMancha kernel: [    0.000000] Kernel command line: BOOT_IMAGE=/boot/vmlinuz-4.13.0-32-generic root=UUID=3f05c991-6d8c-46f7-a857-4c63a4ff4f07 ro quiet splash vt.handoff=7
Mar 18 12:41:50 LaMancha kernel: [    0.000000] PID hash table entries: 4096 (order: 3, 32768 bytes)
Mar 18 12:41:50 LaMancha kernel: [    0.000000] Calgary: detecting Calgary via BIOS EBDA area
Mar 18 12:41:50 LaMancha kernel: [    0.000000] Calgary: Unable to locate Rio Grande table in EBDA - bailing!
Mar 18 12:41:50 LaMancha ureadahead[264]: ureadahead:/home/donquixote/.local/share/Trash/info/Better.Call.Saul.S03E06.HDTV.x264-SVA[eztv].mkv.trashinfo: No such file or directory
Mar 18 12:41:50 LaMancha kernel: [    0.000000] Memory: 20199548K/20664016K available (12300K kernel code, 2481K rwdata, 4004K rodata, 2364K init, 2368K bss, 464468K reserved, 0K cma-reserved)
Mar 18 12:41:50 LaMancha kernel: [    0.000000] SLUB: HWalign=64, Order=0-3, MinObjects=0, CPUs=4, Nodes=1
Mar 18 12:41:50 LaMancha kernel: [    0.000000] Kernel/User page tables isolation: enabled
Mar 18 12:41:50 LaMancha kernel: [    0.000000] ftrace: allocating 37823 entries in 148 pages
Mar 18 12:41:50 LaMancha kernel: [    0.000000] Hierarchical RCU implementation.
Mar 18 12:41:50 LaMancha kernel: [    0.000000] 	RCU restricting CPUs from NR_CPUS=8192 to nr_cpu_ids=4.
Mar 18 12:41:50 LaMancha ureadahead[264]: ureadahead:/home/donquixote/.local/share/Trash/info/Better.Call.Saul.S03E07.HDTV.x264-SVA[eztv].mkv.trashinfo: No such file or directory
Mar 18 12:41:50 LaMancha kernel: [    0.000000] 	Tasks RCU enabled.
Mar 18 12:41:50 LaMancha kernel: [    0.000000] RCU: Adjusting geometry for rcu_fanout_leaf=16, nr_cpu_ids=4
Mar 18 12:41:50 LaMancha kernel: [    0.000000] NR_IRQS: 524544, nr_irqs: 456, preallocated irqs: 16
Mar 18 12:41:50 LaMancha kernel: [    0.000000] vt handoff: transparent VT on vt#7
Mar 18 12:41:50 LaMancha ureadahead[264]: ureadahead:/home/donquixote/.local/share/Trash/info/Better.Call.Saul.S03E08.HDTV.x264-SVA[eztv].mkv.trashinfo: No such file or directory
Mar 18 12:41:50 LaMancha kernel: [    0.000000] Console: colour dummy device 80x25
Mar 18 12:41:50 LaMancha kernel: [    0.000000] console [tty0] enabled
Mar 18 12:41:50 LaMancha ureadahead[264]: ureadahead:/home/donquixote/.local/share/Trash/info/Better.Call.Saul.S03E09.HDTV.x264-SVA[ettv].trashinfo: No such file or directory
Mar 18 12:41:50 LaMancha kernel: [    0.000000] clocksource: hpet: mask: 0xffffffff max_cycles: 0xffffffff, max_idle_ns: 133484882848 ns
Mar 18 12:41:50 LaMancha kernel: [    0.000000] hpet clockevent registered
Mar 18 12:41:50 LaMancha kernel: [    0.000000] tsc: Fast TSC calibration using PIT
Mar 18 12:41:50 LaMancha ureadahead[264]: ureadahead:/home/donquixote/.local/share/Trash/info/Better.Call.Saul.S03E10.HDTV.x264-SVA[eztv].mkv.trashinfo: No such file or directory
Mar 18 12:41:50 LaMancha kernel: [    0.004000] tsc: Detected 3199.165 MHz processor
Mar 18 12:41:50 LaMancha kernel: [    0.004000] Calibrating delay loop (skipped), value calculated using timer frequency.. 6398.33 BogoMIPS (lpj=12796660)
Mar 18 12:41:50 LaMancha ureadahead[264]: ureadahead: /home/donquixote/.local/share/Trash/info/Blood Road 2017 Movies HDRip XviD AAC New Source with Sample ☻rDX☻.trashinfo: No such file or directory
Mar 18 12:41:50 LaMancha kernel: [    0.004000] pid_max: default: 32768 minimum: 301
Mar 18 12:41:50 LaMancha kernel: [    0.004000] ACPI: Core revision 20170531
Mar 18 12:41:50 LaMancha kernel: [    0.016463] ACPI: 7 ACPI AML tables successfully acquired and loaded
Mar 18 12:41:50 LaMancha kernel: [    0.016479] Security Framework initialized
Mar 18 12:41:50 LaMancha kernel: [    0.016479] Yama: becoming mindful.
Mar 18 12:41:50 LaMancha kernel: [    0.016491] AppArmor: AppArmor initialized
Mar 18 12:41:50 LaMancha ureadahead[264]: ureadahead:/home/donquixote/.local/share/Trash/info/Bo.Burnham.Make.Happy.2016.SWESUB.720p.WEBRip.x264-FiLMANTA.trashinfo: No such file or directory
Mar 18 12:41:50 LaMancha ureadahead[264]: ureadahead:/home/donquixote/.local/share/Trash/info/Broad.City.S04E01.WEB.x264-TBS[ettv].trashinfo: No such file or directory
Mar 18 12:41:50 LaMancha ureadahead[264]: ureadahead:/home/donquixote/.local/share/Trash/info/Broad.City.S04E02.WEB.x264-TBS[rarbg].trashinfo: No such file or directory
Mar 18 12:41:50 LaMancha ureadahead[264]: ureadahead:/home/donquixote/.local/share/Trash/info/Broad.City.S04E03.WEB.x264-TBS[ettv].trashinfo: No such file or directory
Mar 18 12:41:50 LaMancha kernel: [    0.021128] Dentry cache hash table entries: 4194304 (order: 13, 33554432 bytes)
Mar 18 12:41:50 LaMancha kernel: [    0.023418] Inode-cache hash table entries: 2097152 (order: 12, 16777216 bytes)
Mar 18 12:41:50 LaMancha kernel: [    0.023499] Mount-cache hash table entries: 65536 (order: 7, 524288 bytes)
Mar 18 12:41:50 LaMancha kernel: [    0.023571] Mountpoint-cache hash table entries: 65536 (order: 7, 524288 bytes)
Mar 18 12:41:50 LaMancha kernel: [    0.023722] CPU: Physical Processor ID: 0
Mar 18 12:41:50 LaMancha ureadahead[264]: ureadahead:/home/donquixote/.local/share/Trash/info/Broad.City.S04E04.WEB.x264-TBS[ettv].trashinfo: No such file or directory
Mar 18 12:41:50 LaMancha kernel: [    0.023723] CPU: Processor Core ID: 0
Mar 18 12:41:50 LaMancha ureadahead[264]: ureadahead:/home/donquixote/.local/share/Trash/info/Brooklyn.Nine-Nine.S05E04.WEB.x264-TBS[rarbg].trashinfo: No such file or directory
Mar 18 12:41:50 LaMancha kernel: [    0.023727] FEATURE SPEC_CTRL Not Present
Mar 18 12:41:50 LaMancha kernel: [    0.023729] mce: CPU supports 9 MCE banks
Mar 18 12:41:50 LaMancha kernel: [    0.023736] CPU0: Thermal monitoring enabled (TM1)
Mar 18 12:41:50 LaMancha kernel: [    0.023747] process: using mwait in idle threads
Mar 18 12:41:50 LaMancha kernel: [    0.023749] Last level iTLB entries: 4KB 1024, 2MB 1024, 4MB 1024
Mar 18 12:41:50 LaMancha ureadahead[264]: ureadahead: /home/donquixote/.local/share/Trash/info/Brothers - A Tale of Two Sons.desktop.trashinfo: No such file or directory
Mar 18 12:41:50 LaMancha kernel: [    0.023750] Last level dTLB entries: 4KB 1024, 2MB 1024, 4MB 1024, 1GB 4
Mar 18 12:41:50 LaMancha ureadahead[264]: ureadahead: /home/donquixote/.local/share/Trash/info/Brothers - A Tale of Two Sons.lnk.trashinfo: No such file or directory
Mar 18 12:41:50 LaMancha kernel: [    0.024242] Freeing SMP alternatives memory: 36K
Mar 18 12:41:50 LaMancha kernel: [    0.025194] smpboot: Max logical packages: 1
Mar 18 12:41:50 LaMancha kernel: [    0.025263] x2apic: IRQ remapping doesn't support X2APIC mode
Mar 18 12:41:50 LaMancha kernel: [    0.025603] ..TIMER: vector=0x30 apic1=0 pin1=2 apic2=0 pin2=0
Mar 18 12:41:50 LaMancha kernel: [    0.065300] TSC deadline timer enabled
Mar 18 12:41:50 LaMancha ureadahead[264]: ureadahead:/home/donquixote/.local/share/Trash/info/Connectivity-atlas-Geoawesomeness.png.trashinfo: No such file or directory
Mar 18 12:41:50 LaMancha kernel: [    0.065301] smpboot: CPU0: Intel(R) Core(TM) i5-4570 CPU @ 3.20GHz (family: 0x6, model: 0x3c, stepping: 0x3)
Mar 18 12:41:50 LaMancha kernel: [    0.065342] Performance Events: PEBS fmt2+, Haswell events, 16-deep LBR, full-width counters, Intel PMU driver.
Mar 18 12:41:50 LaMancha kernel: [    0.065373] ... version:                3
Mar 18 12:41:50 LaMancha kernel: [    0.065373] ... bit width:              48
Mar 18 12:41:50 LaMancha kernel: [    0.065374] ... generic registers:      8
Mar 18 12:41:50 LaMancha kernel: [    0.065374] ... value mask:             0000ffffffffffff
Mar 18 12:41:50 LaMancha ureadahead[264]: ureadahead: /home/donquixote/.local/share/Trash/info/Darbareye Elly (About Elly) (Iran, 2009).trashinfo: No such file or directory
Mar 18 12:41:50 LaMancha kernel: [    0.065375] ... max period:             00007fffffffffff
Mar 18 12:41:50 LaMancha kernel: [    0.065375] ... fixed-purpose events:   3
Mar 18 12:41:50 LaMancha kernel: [    0.065375] ... event mask:             00000007000000ff
Mar 18 12:41:50 LaMancha ureadahead[264]: ureadahead:/home/donquixote/.local/share/Trash/info/Dave.Made.a.Maze.2017.720p.WEB-DL.650MB.MkvCage.mkv.trashinfo: No such file or directory
Mar 18 12:41:50 LaMancha kernel: [    0.065399] Hierarchical SRCU implementation.
Mar 18 12:41:50 LaMancha ureadahead[264]: ureadahead: /home/donquixote/.local/share/Trash/info/Dunkirk 2017 NEW HD-TS x264-CPG.trashinfo: No such file or directory
Mar 18 12:41:50 LaMancha ureadahead[264]: ureadahead: /home/donquixote/.local/share/Trash/info/Elder Scrolls V Skyrim Legenday Edition.desktop.trashinfo: No such file or directory
Mar 18 12:41:50 LaMancha ureadahead[264]: ureadahead: /home/donquixote/.local/share/Trash/info/Equifax Free and Discounted Disclosures.html.trashinfo: No such file or directory
Mar 18 12:41:50 LaMancha ureadahead[264]: ureadahead: /home/donquixote/.local/share/Trash/info/Fargo Season 3 Complete 720p.HDTV.x264.[FREDDY1714].trashinfo: No such file or directory
Mar 18 12:41:50 LaMancha ureadahead[264]: ureadahead:/home/donquixote/.local/share/Trash/info/Geralds.Game.2017.720p.NF.WEBRip.800MB.MkvCage.mkv.trashinfo: No such file or directory
Mar 18 12:41:50 LaMancha ureadahead[264]: ureadahead:/home/donquixote/.local/share/Trash/info/Get.Me.Roger.Stone.2017.720p.WEBRip.x264-GH7JKB6[1337x][SN].trashinfo: No such file or directory
Mar 18 12:41:50 LaMancha ureadahead[264]: ureadahead: /home/donquixote/.local/share/Trash/info/God Particle 2017.trashinfo: No such file or directory
Mar 18 12:41:50 LaMancha ureadahead[264]: ureadahead: /home/donquixote/.local/share/Trash/info/Gremlins (1984).trashinfo: No such file or directory
Mar 18 12:41:50 LaMancha ureadahead[264]: ureadahead:/home/donquixote/.local/share/Trash/info/Heroish.jpg.trashinfo: No such file or directory
Mar 18 12:41:50 LaMancha ureadahead[264]: ureadahead:/home/donquixote/.local/share/Trash/info/Hounds.of.Love.2016.720p.WEB-DL.850MB.MkvCage.mkv.trashinfo: No such file or directory
Mar 18 12:41:50 LaMancha ureadahead[264]: ureadahead:/home/donquixote/.local/share/Trash/info/I'LL.SLEEP.WHEN.IM.DEAD.2003.DVDrip.Swesub.XviD-Mr_KeFF.trashinfo: No such file or directory
Mar 18 12:41:50 LaMancha ureadahead[264]: ureadahead:/home/donquixote/.local/share/Trash/info/I.Dont.Feel.at.Home.in.This.World.Anymore.2017.NF.720p.WEBRip.x264.AAC-ETRG.trashinfo: No such file or directory
Mar 18 12:41:50 LaMancha ureadahead[264]: ureadahead:/home/donquixote/.local/share/Trash/info/I.Love.You.America.S01E01.WEB.h264-TBS[ettv].trashinfo: No such file or directory
Mar 18 12:41:50 LaMancha ureadahead[264]: ureadahead:/home/donquixote/.local/share/Trash/info/I.Love.You.America.S01E02.WEB.h264-TBS[ettv].trashinfo: No such file or directory
Mar 18 12:41:50 LaMancha ureadahead[264]: ureadahead:/home/donquixote/.local/share/Trash/info/Ill.Sleep.When.Im.Dead.2016.1080p.WEBRip.X264-DEFLATE[rarbg].trashinfo: No such file or directory
Mar 18 12:41:50 LaMancha kernel: [    0.066014] NMI watchdog: enabled on all CPUs, permanently consumes one hw-PMU counter.
Mar 18 12:41:50 LaMancha ureadahead[264]: ureadahead: /home/donquixote/.local/share/Trash/info/Inconceivable (2017) [YTS.AG].trashinfo: No such file or directory
Mar 18 12:41:50 LaMancha kernel: [    0.066025] smp: Bringing up secondary CPUs ...
Mar 18 12:41:50 LaMancha kernel: [    0.066073] x86: Booting SMP configuration:
Mar 18 12:41:50 LaMancha kernel: [    0.066074] .... node  #0, CPUs:      #1 #2 #3
Mar 18 12:41:50 LaMancha ureadahead[264]: ureadahead:/home/donquixote/.local/share/Trash/info/It.Comes.at.Night.2017.WEB-DL.x264-FGT.trashinfo: No such file or directory
Mar 18 12:41:50 LaMancha kernel: [    0.068817] smp: Brought up 1 node, 4 CPUs
Mar 18 12:41:50 LaMancha kernel: [    0.068817] smpboot: Total of 4 processors activated (25593.32 BogoMIPS)
Mar 18 12:41:50 LaMancha kernel: [    0.072061] devtmpfs: initialized
Mar 18 12:41:50 LaMancha kernel: [    0.072061] x86/mm: Memory block size: 128MB
Mar 18 12:41:50 LaMancha ureadahead[264]: ureadahead:/home/donquixote/.local/share/Trash/info/Jerry.Seinfeld.Before.Seinfeld.2017.720p.WEBRip.x264.AAC.trashinfo: No such file or directory
Mar 18 12:41:50 LaMancha kernel: [    0.073006] evm: security.selinux
Mar 18 12:41:50 LaMancha kernel: [    0.073006] evm: security.SMACK64
Mar 18 12:41:50 LaMancha kernel: [    0.073006] evm: security.SMACK64EXEC
Mar 18 12:41:50 LaMancha kernel: [    0.073007] evm: security.SMACK64TRANSMUTE
Mar 18 12:41:50 LaMancha ureadahead[264]: ureadahead: /home/donquixote/.local/share/Trash/info/Killing Ground (2016) 720p Web-DL x264 AAC ESubs - Downloadhub.trashinfo: No such file or directory
Mar 18 12:41:50 LaMancha kernel: [    0.073007] evm: security.SMACK64MMAP
Mar 18 12:41:50 LaMancha kernel: [    0.073008] evm: security.ima
Mar 18 12:41:50 LaMancha kernel: [    0.073008] evm: security.capability
Mar 18 12:41:50 LaMancha ureadahead[264]: ureadahead:/home/donquixote/.local/share/Trash/info/Killing.Ground.2016.HDRip.XViD-juggs.trashinfo: No such file or directory
Mar 18 12:41:50 LaMancha kernel: [    0.073018] PM: Registering ACPI NVS region [mem 0xad1cc000-0xad1d2fff] (28672 bytes)
Mar 18 12:41:50 LaMancha kernel: [    0.073018] PM: Registering ACPI NVS region [mem 0xbdb81000-0xbdcb7fff] (1273856 bytes)
Mar 18 12:41:50 LaMancha kernel: [    0.073018] clocksource: jiffies: mask: 0xffffffff max_cycles: 0xffffffff, max_idle_ns: 7645041785100000 ns
Mar 18 12:41:50 LaMancha kernel: [    0.073018] futex hash table entries: 1024 (order: 4, 65536 bytes)
Mar 18 12:41:50 LaMancha ureadahead[264]: ureadahead:/home/donquixote/.local/share/Trash/info/Krisha.2015.HDRip.XviD.AC3-EVO.trashinfo: No such file or directory
Mar 18 12:41:50 LaMancha kernel: [    0.073018] pinctrl core: initialized pinctrl subsystem
Mar 18 12:41:50 LaMancha kernel: [    0.073018] RTC time: 19:41:19, date: 03/18/18
Mar 18 12:41:50 LaMancha kernel: [    0.073018] NET: Registered protocol family 16
Mar 18 12:41:50 LaMancha kernel: [    0.073018] cpuidle: using governor ladder
Mar 18 12:41:50 LaMancha kernel: [    0.073018] cpuidle: using governor menu
Mar 18 12:41:50 LaMancha ureadahead[264]: ureadahead: /home/donquixote/.local/share/Trash/info/Lemon 2017 720p WEBRip 600 mb - iExTV.trashinfo: No such file or directory
Mar 18 12:41:50 LaMancha kernel: [    0.073018] PCCT header not found.
Mar 18 12:41:50 LaMancha kernel: [    0.073018] ACPI FADT declares the system doesn't support PCIe ASPM, so disable it
Mar 18 12:41:50 LaMancha kernel: [    0.073018] ACPI: bus type PCI registered
Mar 18 12:41:50 LaMancha ureadahead[264]: ureadahead:/home/donquixote/.local/share/Trash/info/Lemon.2017.1080p.WEB-DL.DD5.1.H264-FGT.trashinfo: No such file or directory
Mar 18 12:41:50 LaMancha kernel: [    0.073018] acpiphp: ACPI Hot Plug PCI Controller Driver version: 0.5
Mar 18 12:41:50 LaMancha kernel: [    0.073018] PCI: MMCONFIG for domain 0000 [bus 00-7f] at [mem 0xf0000000-0xf7ffffff] (base 0xf0000000)
Mar 18 12:41:50 LaMancha kernel: [    0.073018] PCI: MMCONFIG at [mem 0xf0000000-0xf7ffffff] reserved in E820
Mar 18 12:41:50 LaMancha kernel: [    0.073018] PCI: Using configuration type 1 for base access
Mar 18 12:41:50 LaMancha ureadahead[264]: ureadahead:/home/donquixote/.local/share/Trash/info/Lights.Out.2016.720p.WEBRip.x264.AAC-ETRG.trashinfo: No such file or directory
Mar 18 12:41:50 LaMancha kernel: [    0.073018] core: PMU erratum BJ122, BV98, HSD29 workaround disabled, HT off
Mar 18 12:41:50 LaMancha kernel: [    0.073018] NMI watchdog: enabled on all CPUs, permanently consumes one hw-PMU counter.
Mar 18 12:41:50 LaMancha ureadahead[264]: ureadahead:/home/donquixote/.local/share/Trash/info/Long.Shot.2017.WEB.x264-STRiFE[ettv].trashinfo: No such file or directory
Mar 18 12:41:50 LaMancha kernel: [    0.073018] HugeTLB registered 1.00 GiB page size, pre-allocated 0 pages
Mar 18 12:41:50 LaMancha kernel: [    0.073018] HugeTLB registered 2.00 MiB page size, pre-allocated 0 pages
Mar 18 12:41:50 LaMancha kernel: [    0.073018] ACPI: Added _OSI(Module Device)
Mar 18 12:41:50 LaMancha ureadahead[264]: ureadahead:/home/donquixote/.local/share/Trash/info/Louis.Theroux.My.Scientology.Movie.720p.x264.AAC.MVGroup.org.mp4.trashinfo: No such file or directory
Mar 18 12:41:50 LaMancha kernel: [    0.073018] ACPI: Added _OSI(Processor Device)
Mar 18 12:41:50 LaMancha kernel: [    0.073018] ACPI: Added _OSI(3.0 _SCP Extensions)
Mar 18 12:41:50 LaMancha kernel: [    0.073018] ACPI: Added _OSI(Processor Aggregator Device)
Mar 18 12:41:50 LaMancha kernel: [    0.073018] ACPI: Executed 15 blocks of module-level executable AML code
Mar 18 12:41:50 LaMancha kernel: [    0.079579] ACPI: Dynamic OEM Table Load:
Mar 18 12:41:50 LaMancha kernel: [    0.079579] ACPI: SSDT 0xFFFF9F0417E2F000 0003D3 (v01 PmRef  Cpu0Cst  00003001 INTL 20051117)
Mar 18 12:41:50 LaMancha ureadahead[264]: ureadahead:/home/donquixote/.local/share/Trash/info/Mindhunter.S01E01.WEBRip.x264-SERIOUSLY[ettv].trashinfo: No such file or directory
Mar 18 12:41:50 LaMancha kernel: [    0.079580] ACPI: Dynamic OEM Table Load:
Mar 18 12:41:50 LaMancha kernel: [    0.079580] ACPI: SSDT 0xFFFF9F0417D01800 0005AA (v01 PmRef  ApIst    00003000 INTL 20051117)
Mar 18 12:41:50 LaMancha ureadahead[264]: ureadahead:/home/donquixote/.local/share/Trash/info/Minimalism.A.Documentary.About.the.Important.Things.2016.360p.WEBCap.x264.AAC.mp4.trashinfo: No such file or directory
Mar 18 12:41:50 LaMancha kernel: [    0.080078] ACPI: Dynamic OEM Table Load:
Mar 18 12:41:50 LaMancha kernel: [    0.080081] ACPI: SSDT 0xFFFF9F04183DE400 000119 (v01 PmRef  ApCst    00003000 INTL 20051117)
Mar 18 12:41:50 LaMancha kernel: [    0.081211] ACPI: Interpreter enabled
Mar 18 12:41:50 LaMancha kernel: [    0.081238] ACPI: (supports S0 S3 S4 S5)
Mar 18 12:41:50 LaMancha ureadahead[264]: ureadahead: /home/donquixote/.local/share/Trash/info/Movie.2017.HD-TS x264 -CPG.zip.trashinfo: No such file or directory
Mar 18 12:41:50 LaMancha kernel: [    0.081238] ACPI: Using IOAPIC for interrupt routing
Mar 18 12:41:50 LaMancha kernel: [    0.081287] PCI: Using host bridge windows from ACPI; if necessary, use "pci=nocrs" and report a bug
Mar 18 12:41:50 LaMancha kernel: [    0.081767] ACPI: GPE 0x1E active on init
Mar 18 12:41:50 LaMancha kernel: [    0.081772] ACPI: Enabled 11 GPEs in block 00 to 3F
Mar 18 12:41:50 LaMancha ureadahead[264]: ureadahead:/home/donquixote/.local/share/Trash/info/My.Scientology.Movie.2015.LIMITED.DVDRip.x264-CADAVER[1337x][SN].trashinfo: No such file or directory
Mar 18 12:41:50 LaMancha kernel: [    0.081782] ACPI: Power Resource [PG00] (on)
Mar 18 12:41:50 LaMancha kernel: [    0.081782] ACPI: Power Resource [PG01] (on)
Mar 18 12:41:50 LaMancha kernel: [    0.081782] ACPI: Power Resource [PG02] (on)
Mar 18 12:41:50 LaMancha kernel: [    0.092823] ACPI: PCI Root Bridge [PCI0] (domain 0000 [bus 00-7e])
Mar 18 12:41:50 LaMancha kernel: [    0.092827] acpi PNP0A08:00: _OSC: OS supports [ExtendedConfig ASPM ClockPM Segments MSI]
Mar 18 12:41:50 LaMancha ureadahead[264]: ureadahead:/home/donquixote/.local/share/Trash/info/My.Scientology.Movie.2016.DOCU.1080p.WEB-DL.DD5.1.H264-FGT[EtHD].trashinfo: No such file or directory
Mar 18 12:41:50 LaMancha kernel: [    0.092987] acpi PNP0A08:00: _OSC: platform does not support [PCIeHotplug PME]
Mar 18 12:41:50 LaMancha kernel: [    0.093085] acpi PNP0A08:00: _OSC: OS now controls [AER PCIeCapability]
Mar 18 12:41:50 LaMancha kernel: [    0.093085] acpi PNP0A08:00: FADT indicates ASPM is unsupported, using BIOS configuration
Mar 18 12:41:50 LaMancha ureadahead[264]: ureadahead: /home/donquixote/.local/share/Trash/info/Norway photo by Flash Bros (@michaelfertigphoto) on Unsplash.html.trashinfo: No such file or directory
Mar 18 12:41:50 LaMancha kernel: [    0.093362] PCI host bridge to bus 0000:00
Mar 18 12:41:50 LaMancha kernel: [    0.093363] pci_bus 0000:00: root bus resource [io  0x0000-0x0cf7 window]
Mar 18 12:41:50 LaMancha ureadahead[264]: ureadahead:/home/donquixote/.local/share/Trash/info/Okja.2017.720p.WEBRip.950MB.MkvCage.mkv.trashinfo: No such file or directory
Mar 18 12:41:50 LaMancha kernel: [    0.093364] pci_bus 0000:00: root bus resource [io  0x0d00-0xffff window]
Mar 18 12:41:50 LaMancha kernel: [    0.093365] pci_bus 0000:00: root bus resource [mem 0x000a0000-0x000bffff window]
Mar 18 12:41:50 LaMancha kernel: [    0.093365] pci_bus 0000:00: root bus resource [mem 0x000d0000-0x000d3fff window]
Mar 18 12:41:50 LaMancha ureadahead[264]: ureadahead: /home/donquixote/.local/share/Trash/info/Operation Dunkirk (2017) [YTS.AG].trashinfo: No such file or directory
Mar 18 12:41:50 LaMancha kernel: [    0.093366] pci_bus 0000:00: root bus resource [mem 0x000d4000-0x000d7fff window]
Mar 18 12:41:50 LaMancha kernel: [    0.093367] pci_bus 0000:00: root bus resource [mem 0x000d8000-0x000dbfff window]
Mar 18 12:41:50 LaMancha kernel: [    0.093367] pci_bus 0000:00: root bus resource [mem 0x000dc000-0x000dffff window]
Mar 18 12:41:50 LaMancha kernel: [    0.093368] pci_bus 0000:00: root bus resource [mem 0x000e0000-0x000e3fff window]
Mar 18 12:41:50 LaMancha ureadahead[264]: ureadahead:/home/donquixote/.local/share/Trash/info/Ozark.S01E01.WEBRip.x264-RARBG.trashinfo: No such file or directory
Mar 18 12:41:50 LaMancha kernel: [    0.093369] pci_bus 0000:00: root bus resource [mem 0x000e4000-0x000e7fff window]
Mar 18 12:41:50 LaMancha kernel: [    0.093369] pci_bus 0000:00: root bus resource [mem 0xcf200000-0xfeafffff window]
Mar 18 12:41:50 LaMancha kernel: [    0.093370] pci_bus 0000:00: root bus resource [bus 00-7e]
Mar 18 12:41:50 LaMancha kernel: [    0.093376] pci 0000:00:00.0: [8086:0c00] type 00 class 0x060000
Mar 18 12:41:50 LaMancha ureadahead[264]: ureadahead:/home/donquixote/.local/share/Trash/info/Ozark.S01E02.720p.WEBRip.x264-STRiFE[ettv].trashinfo: No such file or directory
Mar 18 12:41:50 LaMancha kernel: [    0.093442] pci 0000:00:02.0: [8086:0412] type 00 class 0x030000
Mar 18 12:41:50 LaMancha kernel: [    0.093450] pci 0000:00:02.0: reg 0x10: [mem 0xef800000-0xefbfffff 64bit]
Mar 18 12:41:50 LaMancha kernel: [    0.093454] pci 0000:00:02.0: reg 0x18: [mem 0xd0000000-0xdfffffff 64bit pref]
Mar 18 12:41:50 LaMancha kernel: [    0.093457] pci 0000:00:02.0: reg 0x20: [io  0xf000-0xf03f]
Mar 18 12:41:50 LaMancha ureadahead[264]: ureadahead:/home/donquixote/.local/share/Trash/info/Ozark.S01E03.WEBRip.x264-RARBG.trashinfo: No such file or directory
Mar 18 12:41:50 LaMancha kernel: [    0.093516] pci 0000:00:03.0: [8086:0c0c] type 00 class 0x040300
Mar 18 12:41:50 LaMancha kernel: [    0.093522] pci 0000:00:03.0: reg 0x10: [mem 0xefe14000-0xefe17fff 64bit]
Mar 18 12:41:50 LaMancha kernel: [    0.093601] pci 0000:00:14.0: [8086:8cb1] type 00 class 0x0c0330
Mar 18 12:41:50 LaMancha ureadahead[264]: ureadahead:/home/donquixote/.local/share/Trash/info/Ozark.S01E10.WEBRip.x264-RARBG.trashinfo: No such file or directory
Mar 18 12:41:50 LaMancha kernel: [    0.093617] pci 0000:00:14.0: reg 0x10: [mem 0xefe00000-0xefe0ffff 64bit]
Mar 18 12:41:50 LaMancha kernel: [    0.093667] pci 0000:00:14.0: PME# supported from D3hot D3cold
Mar 18 12:41:50 LaMancha kernel: [    0.093718] pci 0000:00:16.0: [8086:8cba] type 00 class 0x078000
Mar 18 12:41:50 LaMancha ureadahead[264]: ureadahead:/home/donquixote/.local/share/Trash/info/Personal.Shopper.2016.HDRip.XviD.AC3-EVO.trashinfo: No such file or directory
Mar 18 12:41:50 LaMancha kernel: [    0.093735] pci 0000:00:16.0: reg 0x10: [mem 0xefe1d000-0xefe1d00f 64bit]
Mar 18 12:41:50 LaMancha kernel: [    0.093788] pci 0000:00:16.0: PME# supported from D0 D3hot D3cold
Mar 18 12:41:50 LaMancha kernel: [    0.093858] pci 0000:00:1a.0: [8086:8cad] type 00 class 0x0c0320
Mar 18 12:41:50 LaMancha kernel: [    0.093876] pci 0000:00:1a.0: reg 0x10: [mem 0xefe1b000-0xefe1b3ff]
Mar 18 12:41:50 LaMancha kernel: [    0.093948] pci 0000:00:1a.0: PME# supported from D0 D3hot D3cold
Mar 18 12:41:50 LaMancha kernel: [    0.094003] pci 0000:00:1b.0: [8086:8ca0] type 00 class 0x040300
Mar 18 12:41:50 LaMancha ureadahead[264]: ureadahead:/home/donquixote/.local/share/Trash/info/ProjectEuler-Q1.py.trashinfo: No such file or directory
Mar 18 12:41:50 LaMancha kernel: [    0.094019] pci 0000:00:1b.0: reg 0x10: [mem 0xefe10000-0xefe13fff 64bit]
Mar 18 12:41:50 LaMancha kernel: [    0.094076] pci 0000:00:1b.0: PME# supported from D0 D3hot D3cold
Mar 18 12:41:50 LaMancha kernel: [    0.094130] pci 0000:00:1c.0: [8086:8c90] type 01 class 0x060400
Mar 18 12:41:50 LaMancha kernel: [    0.094187] pci 0000:00:1c.0: PME# supported from D0 D3hot D3cold
Mar 18 12:41:50 LaMancha ureadahead[264]: ureadahead:/home/donquixote/.local/share/Trash/info/SOMA-RELOADED.trashinfo: No such file or directory
Mar 18 12:41:50 LaMancha kernel: [    0.094267] pci 0000:00:1c.2: [8086:244e] type 01 class 0x060401
Mar 18 12:41:50 LaMancha kernel: [    0.094324] pci 0000:00:1c.2: PME# supported from D0 D3hot D3cold
Mar 18 12:41:50 LaMancha ureadahead[264]: ureadahead: /home/donquixote/.local/share/Trash/info/Sarah Silverman A Speck of Dust (2017)720p WebRip AC3 Plex[SN].trashinfo: No such file or directory
Mar 18 12:41:50 LaMancha kernel: [    0.094399] pci 0000:00:1c.3: [8086:8c96] type 01 class 0x060400
Mar 18 12:41:50 LaMancha kernel: [    0.094456] pci 0000:00:1c.3: PME# supported from D0 D3hot D3cold
Mar 18 12:41:50 LaMancha kernel: [    0.094534] pci 0000:00:1c.7: [8086:8c9e] type 01 class 0x060400
Mar 18 12:41:50 LaMancha kernel: [    0.094591] pci 0000:00:1c.7: PME# supported from D0 D3hot D3cold
Mar 18 12:41:50 LaMancha kernel: [    0.094668] pci 0000:00:1d.0: [8086:8ca6] type 00 class 0x0c0320
Mar 18 12:41:50 LaMancha ureadahead[264]: ureadahead: /home/donquixote/.local/share/Trash/info/Screenshot from 2017-06-15 10-13-25.png.trashinfo: No such file or directory
Mar 18 12:41:50 LaMancha kernel: [    0.094686] pci 0000:00:1d.0: reg 0x10: [mem 0xefe1a000-0xefe1a3ff]
Mar 18 12:41:50 LaMancha kernel: [    0.094757] pci 0000:00:1d.0: PME# supported from D0 D3hot D3cold
Mar 18 12:41:50 LaMancha ureadahead[264]: ureadahead:/home/donquixote/.local/share/Trash/info/Sex.doll.2016.FRENCH.720p.WEB-DL.800MB.MkvCage.mkv.trashinfo: No such file or directory
Mar 18 12:41:50 LaMancha kernel: [    0.094814] pci 0000:00:1f.0: [8086:8cc4] type 00 class 0x060100
Mar 18 12:41:50 LaMancha kernel: [    0.094953] pci 0000:00:1f.2: [8086:8c82] type 00 class 0x010601
Mar 18 12:41:50 LaMancha kernel: [    0.094966] pci 0000:00:1f.2: reg 0x10: [io  0xf0b0-0xf0b7]
Mar 18 12:41:50 LaMancha kernel: [    0.094971] pci 0000:00:1f.2: reg 0x14: [io  0xf0a0-0xf0a3]
Mar 18 12:41:50 LaMancha ureadahead[264]: ureadahead:/home/donquixote/.local/share/Trash/info/Shot.Caller.2017.1080p.WEB-DL.DD5.1.H264-FGT.trashinfo: No such file or directory
Mar 18 12:41:50 LaMancha kernel: [    0.094977] pci 0000:00:1f.2: reg 0x18: [io  0xf090-0xf097]
Mar 18 12:41:50 LaMancha kernel: [    0.094982] pci 0000:00:1f.2: reg 0x1c: [io  0xf080-0xf083]
Mar 18 12:41:50 LaMancha kernel: [    0.094987] pci 0000:00:1f.2: reg 0x20: [io  0xf060-0xf07f]
Mar 18 12:41:50 LaMancha kernel: [    0.094993] pci 0000:00:1f.2: reg 0x24: [mem 0xefe19000-0xefe197ff]
Mar 18 12:41:50 LaMancha ureadahead[264]: ureadahead:/home/donquixote/.local/share/Trash/info/Silicon.Valley.S04E05.HDTV.x264-SVA[ettv].trashinfo: No such file or directory
Mar 18 12:41:50 LaMancha kernel: [    0.095021] pci 0000:00:1f.2: PME# supported from D3hot
Mar 18 12:41:50 LaMancha kernel: [    0.095069] pci 0000:00:1f.3: [8086:8ca2] type 00 class 0x0c0500
Mar 18 12:41:50 LaMancha ureadahead[264]: ureadahead:/home/donquixote/.local/share/Trash/info/Silicon.Valley.S04E06.HDTV.x264-SVA[ettv].trashinfo: No such file or directory
Mar 18 12:41:50 LaMancha kernel: [    0.095083] pci 0000:00:1f.3: reg 0x10: [mem 0xefe18000-0xefe180ff 64bit]
Mar 18 12:41:50 LaMancha kernel: [    0.095098] pci 0000:00:1f.3: reg 0x20: [io  0xf040-0xf05f]
Mar 18 12:41:50 LaMancha kernel: [    0.095214] acpiphp: Slot [1] registered
Mar 18 12:41:50 LaMancha kernel: [    0.095217] pci 0000:00:1c.0: PCI bridge to [bus 01]
Mar 18 12:41:50 LaMancha ureadahead[264]: ureadahead:/home/donquixote/.local/share/Trash/info/Silicon.Valley.S04E07.HDTV.x264-SVA[ettv].trashinfo: No such file or directory
Mar 18 12:41:50 LaMancha ureadahead[264]: ureadahead:/home/donquixote/.local/share/Trash/info/Silicon.Valley.S04E08.720p.HDTV.x264-AVS[rarbg].trashinfo: No such file or directory
Mar 18 12:41:50 LaMancha ureadahead[264]: ureadahead:/home/donquixote/.local/share/Trash/info/Silicon.Valley.S04E09.720p.HDTV.x264-AVS[rarbg].trashinfo: No such file or directory
Mar 18 12:41:50 LaMancha ureadahead[264]: ureadahead:/home/donquixote/.local/share/Trash/info/Silicon.Valley.S04E10.720p.HDTV.x264-AVS[rarbg].trashinfo: No such file or directory
Mar 18 12:41:50 LaMancha ureadahead[264]: ureadahead: /home/donquixote/.local/share/Trash/info/Skyrim (SKSE).desktop.trashinfo: No such file or directory
Mar 18 12:41:50 LaMancha ureadahead[264]: ureadahead: /home/donquixote/.local/share/Trash/info/Skyrim (SKSE).lnk.trashinfo: No such file or directory
Mar 18 12:41:50 LaMancha ureadahead[264]: ureadahead:/home/donquixote/.local/share/Trash/info/Spinning.Plates.2012.DVDRip.x264-WiDE[rarbg].trashinfo: No such file or directory
Mar 18 12:41:50 LaMancha ureadahead[264]: ureadahead:/home/donquixote/.local/share/Trash/info/Strong.Island.2017.HDRip.DD2.0.x264-BDP.trashinfo: No such file or directory
Mar 18 12:41:50 LaMancha ureadahead[264]: ureadahead: /home/donquixote/.local/share/Trash/info/TES V Skyrim repack Mr DJ.trashinfo: No such file or directory
Mar 18 12:41:50 LaMancha ureadahead[264]: ureadahead: /home/donquixote/.local/share/Trash/info/The Alchemist Cookbook 2016 720p WEBRip 600 MB - iExTV.trashinfo: No such file or directory
Mar 18 12:41:50 LaMancha ureadahead[264]: ureadahead: /home/donquixote/.local/share/Trash/info/The Devils Candy 2015 English Movies HDRip XviD ESubs AAC New Source with Sample ☻rDX☻.trashinfo: No such file or directory
Mar 18 12:41:50 LaMancha ureadahead[264]: ureadahead: /home/donquixote/.local/share/Trash/info/The Fantastic Four - The Movie.mp4.trashinfo: No such file or directory
Mar 18 12:41:50 LaMancha ureadahead[264]: ureadahead: /home/donquixote/.local/share/Trash/info/The Lost City Of Z (2016) [1080p] [YTS.AG].trashinfo: No such file or directory
Mar 18 12:41:50 LaMancha ureadahead[264]: ureadahead:/home/donquixote/.local/share/Trash/info/The.Confession.Tapes.S01E01.720p.WEB.x264-STRiFE[ettv].trashinfo: No such file or directory
Mar 18 12:41:50 LaMancha kernel: [    0.095287] pci 0000:02:00.0: [1b21:1080] type 01 class 0x060401
Mar 18 12:41:50 LaMancha kernel: [    0.095413] pci 0000:00:1c.2: PCI bridge to [bus 02-03] (subtractive decode)
Mar 18 12:41:50 LaMancha ureadahead[264]: ureadahead:/home/donquixote/.local/share/Trash/info/The.Confession.Tapes.S01E02.720p.WEB.x264-STRiFE[ettv].trashinfo: No such file or directory
Mar 18 12:41:50 LaMancha kernel: [    0.095420] pci 0000:00:1c.2:   bridge window [io  0x0000-0x0cf7 window] (subtractive decode)
Mar 18 12:41:50 LaMancha kernel: [    0.095421] pci 0000:00:1c.2:   bridge window [io  0x0d00-0xffff window] (subtractive decode)
Mar 18 12:41:50 LaMancha ureadahead[264]: ureadahead:/home/donquixote/.local/share/Trash/info/The.Confession.Tapes.S01E04.720p.WEB.x264-STRiFE[ettv].trashinfo: No such file or directory
Mar 18 12:41:50 LaMancha kernel: [    0.095421] pci 0000:00:1c.2:   bridge window [mem 0x000a0000-0x000bffff window] (subtractive decode)
Mar 18 12:41:50 LaMancha kernel: [    0.095422] pci 0000:00:1c.2:   bridge window [mem 0x000d0000-0x000d3fff window] (subtractive decode)
Mar 18 12:41:50 LaMancha kernel: [    0.095423] pci 0000:00:1c.2:   bridge window [mem 0x000d4000-0x000d7fff window] (subtractive decode)
Mar 18 12:41:50 LaMancha kernel: [    0.095423] pci 0000:00:1c.2:   bridge window [mem 0x000d8000-0x000dbfff window] (subtractive decode)
Mar 18 12:41:50 LaMancha ureadahead[264]: ureadahead:/home/donquixote/.local/share/Trash/info/The.Confession.Tapes.S01E05.720p.WEB.x264-STRiFE[ettv].trashinfo: No such file or directory
Mar 18 12:41:50 LaMancha kernel: [    0.095424] pci 0000:00:1c.2:   bridge window [mem 0x000dc000-0x000dffff window] (subtractive decode)
Mar 18 12:41:50 LaMancha kernel: [    0.095425] pci 0000:00:1c.2:   bridge window [mem 0x000e0000-0x000e3fff window] (subtractive decode)
Mar 18 12:41:50 LaMancha kernel: [    0.095425] pci 0000:00:1c.2:   bridge window [mem 0x000e4000-0x000e7fff window] (subtractive decode)
Mar 18 12:41:50 LaMancha kernel: [    0.095426] pci 0000:00:1c.2:   bridge window [mem 0xcf200000-0xfeafffff window] (subtractive decode)
Mar 18 12:41:50 LaMancha ureadahead[264]: ureadahead:/home/donquixote/.local/share/Trash/info/The.Confession.Tapes.S01E06.720p.WEB.x264-STRiFE[ettv].trashinfo: No such file or directory
Mar 18 12:41:50 LaMancha kernel: [    0.095512] pci 0000:02:00.0: PCI bridge to [bus 03] (subtractive decode)
Mar 18 12:41:50 LaMancha kernel: [    0.095528] pci 0000:02:00.0:   bridge window [io  0x0000-0x0cf7 window] (subtractive decode)
Mar 18 12:41:50 LaMancha kernel: [    0.095529] pci 0000:02:00.0:   bridge window [io  0x0d00-0xffff window] (subtractive decode)
Mar 18 12:41:50 LaMancha ureadahead[264]: ureadahead:/home/donquixote/.local/share/Trash/info/The.Deuce.S01E01.Pilot.720p.AMZN.WEBRip.DDP5.1.x264-NTb[rarbg].trashinfo: No such file or directory
Mar 18 12:41:50 LaMancha kernel: [    0.095530] pci 0000:02:00.0:   bridge window [mem 0x000a0000-0x000bffff window] (subtractive decode)
Mar 18 12:41:50 LaMancha kernel: [    0.095530] pci 0000:02:00.0:   bridge window [mem 0x000d0000-0x000d3fff window] (subtractive decode)
Mar 18 12:41:50 LaMancha ureadahead[264]: ureadahead:/home/donquixote/.local/share/Trash/info/The.Deuce.S01E01.Pilot.720p.WEBRip.2CH.x265.HEVC-PSA.mkv.trashinfo: No such file or directory
Mar 18 12:41:50 LaMancha kernel: [    0.095531] pci 0000:02:00.0:   bridge window [mem 0x000d4000-0x000d7fff window] (subtractive decode)
Mar 18 12:41:50 LaMancha kernel: [    0.095532] pci 0000:02:00.0:   bridge window [mem 0x000d8000-0x000dbfff window] (subtractive decode)
Mar 18 12:41:50 LaMancha kernel: [    0.095533] pci 0000:02:00.0:   bridge window [mem 0x000dc000-0x000dffff window] (subtractive decode)
Mar 18 12:41:50 LaMancha ureadahead[264]: ureadahead:/home/donquixote/.local/share/Trash/info/The.Deuce.S01E02.WEB.H264-STRiFE[rarbg].trashinfo: No such file or directory
Mar 18 12:41:50 LaMancha kernel: [    0.095533] pci 0000:02:00.0:   bridge window [mem 0x000e0000-0x000e3fff window] (subtractive decode)
Mar 18 12:41:50 LaMancha kernel: [    0.095535] pci 0000:02:00.0:   bridge window [mem 0x000e4000-0x000e7fff window] (subtractive decode)
Mar 18 12:41:50 LaMancha ureadahead[264]: ureadahead:/home/donquixote/.local/share/Trash/info/The.Deuce.S01E03.WEB.H264-STRiFE[ettv].trashinfo: No such file or directory
Mar 18 12:41:50 LaMancha kernel: [    0.095536] pci 0000:02:00.0:   bridge window [mem 0xcf200000-0xfeafffff window] (subtractive decode)
Mar 18 12:41:50 LaMancha kernel: [    0.095606] pci 0000:04:00.0: [1969:e091] type 00 class 0x020000
Mar 18 12:41:50 LaMancha kernel: [    0.095637] pci 0000:04:00.0: reg 0x10: [mem 0xefd00000-0xefd3ffff 64bit]
Mar 18 12:41:50 LaMancha kernel: [    0.095648] pci 0000:04:00.0: reg 0x18: [io  0xe000-0xe07f]
Mar 18 12:41:50 LaMancha kernel: [    0.095755] pci 0000:04:00.0: PME# supported from D0 D1 D2 D3hot D3cold
Mar 18 12:41:50 LaMancha kernel: [    0.104029] pci 0000:00:1c.3: PCI bridge to [bus 04]
Mar 18 12:41:50 LaMancha ureadahead[264]: ureadahead:/home/donquixote/.local/share/Trash/info/The.Handmaid's.Tale.S01E08.Jezebels.720p.WEBRip.2CH.x265.HEVC-PSA.mkv.trashinfo: No such file or directory
Mar 18 12:41:50 LaMancha kernel: [    0.104031] pci 0000:00:1c.3:   bridge window [io  0xe000-0xefff]
Mar 18 12:41:50 LaMancha kernel: [    0.104033] pci 0000:00:1c.3:   bridge window [mem 0xefd00000-0xefdfffff]
Mar 18 12:41:50 LaMancha kernel: [    0.104105] pci 0000:05:00.0: [168c:0030] type 00 class 0x028000
Mar 18 12:41:50 LaMancha kernel: [    0.104137] pci 0000:05:00.0: reg 0x10: [mem 0xefc00000-0xefc1ffff 64bit]
Mar 18 12:41:50 LaMancha ureadahead[264]: ureadahead:/home/donquixote/.local/share/Trash/info/The.Handmaids.Tale.S01E09.1080p.WEBRip.HEVC.2CH.x265.mkv.trashinfo: No such file or directory
Mar 18 12:41:50 LaMancha kernel: [    0.104184] pci 0000:05:00.0: reg 0x30: [mem 0xefc20000-0xefc2ffff pref]
Mar 18 12:41:50 LaMancha kernel: [    0.104249] pci 0000:05:00.0: supports D1
Mar 18 12:41:50 LaMancha kernel: [    0.104250] pci 0000:05:00.0: PME# supported from D0 D1 D3hot
Mar 18 12:41:50 LaMancha kernel: [    0.116028] pci 0000:00:1c.7: PCI bridge to [bus 05]
Mar 18 12:41:50 LaMancha ureadahead[264]: ureadahead:/home/donquixote/.local/share/Trash/info/The.Handmaids.Tale.S01E10.Night.HULU.WEBRip.x264-RBB.trashinfo: No such file or directory
Mar 18 12:41:50 LaMancha kernel: [    0.116031] pci 0000:00:1c.7:   bridge window [mem 0xefc00000-0xefcfffff]
Mar 18 12:41:50 LaMancha kernel: [    0.116616] ACPI: PCI Interrupt Link [LNKA] (IRQs 3 4 5 6 10 *11 12 14 15)
Mar 18 12:41:50 LaMancha kernel: [    0.116650] ACPI: PCI Interrupt Link [LNKB] (IRQs 3 4 5 6 10 11 12 14 15) *0, disabled.
Mar 18 12:41:50 LaMancha kernel: [    0.116683] ACPI: PCI Interrupt Link [LNKC] (IRQs *3 4 5 6 10 11 12 14 15)
Mar 18 12:41:50 LaMancha ureadahead[264]: ureadahead:/home/donquixote/.local/share/Trash/info/The.Invisible.Guest.2016.720p.BRRip.950MB.MkvCage.mkv.trashinfo: No such file or directory
Mar 18 12:41:50 LaMancha kernel: [    0.116715] ACPI: PCI Interrupt Link [LNKD] (IRQs 3 4 5 6 *10 11 12 14 15)
Mar 18 12:41:50 LaMancha kernel: [    0.116747] ACPI: PCI Interrupt Link [LNKE] (IRQs 3 4 5 6 10 11 12 14 15) *0, disabled.
Mar 18 12:41:50 LaMancha ureadahead[264]: ureadahead:/home/donquixote/.local/share/Trash/info/The.Journey.2017.HC.HDRip.XviD.AC3-EVO.trashinfo: No such file or directory
Mar 18 12:41:50 LaMancha kernel: [    0.116778] ACPI: PCI Interrupt Link [LNKF] (IRQs 3 4 5 6 10 11 12 14 15) *0, disabled.
Mar 18 12:41:50 LaMancha kernel: [    0.116810] ACPI: PCI Interrupt Link [LNKG] (IRQs 3 4 *5 6 10 11 12 14 15)
Mar 18 12:41:50 LaMancha kernel: [    0.116841] ACPI: PCI Interrupt Link [LNKH] (IRQs 3 4 5 6 10 *11 12 14 15)
Mar 18 12:41:50 LaMancha ureadahead[264]: ureadahead:/home/donquixote/.local/share/Trash/info/The.Leftovers.S03E01.HDTV.x264-KILLERS[ettv].trashinfo: No such file or directory
Mar 18 12:41:50 LaMancha kernel: [    0.117234] SCSI subsystem initialized
Mar 18 12:41:50 LaMancha kernel: [    0.117241] libata version 3.00 loaded.
Mar 18 12:41:50 LaMancha kernel: [    0.117241] pci 0000:00:02.0: vgaarb: setting as boot VGA device
Mar 18 12:41:50 LaMancha kernel: [    0.117241] pci 0000:00:02.0: vgaarb: VGA device added: decodes=io+mem,owns=io+mem,locks=none
Mar 18 12:41:50 LaMancha ureadahead[264]: ureadahead:/home/donquixote/.local/share/Trash/info/The.Leftovers.S03E02.HDTV.x264-FUM[ettv].trashinfo: No such file or directory
Mar 18 12:41:50 LaMancha kernel: [    0.117241] pci 0000:00:02.0: vgaarb: bridge control possible
Mar 18 12:41:50 LaMancha kernel: [    0.117241] vgaarb: loaded
Mar 18 12:41:50 LaMancha kernel: [    0.117241] ACPI: bus type USB registered
Mar 18 12:41:50 LaMancha kernel: [    0.117241] usbcore: registered new interface driver usbfs
Mar 18 12:41:50 LaMancha kernel: [    0.117241] usbcore: registered new interface driver hub
Mar 18 12:41:50 LaMancha kernel: [    0.117241] usbcore: registered new device driver usb
Mar 18 12:41:50 LaMancha ureadahead[264]: ureadahead:/home/donquixote/.local/share/Trash/info/The.Leftovers.S03E03.WEBRip.x264-FUM[ettv].trashinfo: No such file or directory
Mar 18 12:41:50 LaMancha kernel: [    0.117241] EDAC MC: Ver: 3.0.0
Mar 18 12:41:50 LaMancha kernel: [    0.117241] PCI: Using ACPI for IRQ routing
Mar 18 12:41:50 LaMancha ureadahead[264]: ureadahead:/home/donquixote/.local/share/Trash/info/The.Leftovers.S03E04.HDTV.x264-KILLERS[ettv].trashinfo: No such file or directory
Mar 18 12:41:50 LaMancha kernel: [    0.117241] PCI: pci_cache_line_size set to 64 bytes
Mar 18 12:41:50 LaMancha kernel: [    0.117241] e820: reserve RAM buffer [mem 0x0009d800-0x0009ffff]
Mar 18 12:41:50 LaMancha kernel: [    0.117241] e820: reserve RAM buffer [mem 0xad1cc000-0xafffffff]
Mar 18 12:41:50 LaMancha kernel: [    0.117241] e820: reserve RAM buffer [mem 0xade44000-0xafffffff]
Mar 18 12:41:50 LaMancha kernel: [    0.117241] e820: reserve RAM buffer [mem 0xbdac9000-0xbfffffff]
Mar 18 12:41:50 LaMancha ureadahead[264]: ureadahead:/home/donquixote/.local/share/Trash/info/The.Leftovers.S03E05.WEB.h264-TBS[ettv].trashinfo: No such file or directory
Mar 18 12:41:50 LaMancha kernel: [    0.117241] e820: reserve RAM buffer [mem 0xbdb81000-0xbfffffff]
Mar 18 12:41:50 LaMancha kernel: [    0.117241] e820: reserve RAM buffer [mem 0xbe000000-0xbfffffff]
Mar 18 12:41:50 LaMancha ureadahead[264]: ureadahead:/home/donquixote/.local/share/Trash/info/The.Leftovers.S03E06.HDTV.x264-KILLERS[ettv].trashinfo: No such file or directory
Mar 18 12:41:50 LaMancha kernel: [    0.117241] e820: reserve RAM buffer [mem 0x52fe00000-0x52fffffff]
Mar 18 12:41:50 LaMancha kernel: [    0.117241] NetLabel: Initializing
Mar 18 12:41:50 LaMancha kernel: [    0.117241] NetLabel:  domain hash size = 128
Mar 18 12:41:50 LaMancha kernel: [    0.117241] NetLabel:  protocols = UNLABELED CIPSOv4 CALIPSO
Mar 18 12:41:50 LaMancha kernel: [    0.117241] NetLabel:  unlabeled traffic allowed by default
Mar 18 12:41:50 LaMancha ureadahead[264]: ureadahead:/home/donquixote/.local/share/Trash/info/The.Leftovers.S03E07.HDTV.x264-SVA[ettv].trashinfo: No such file or directory
Mar 18 12:41:50 LaMancha kernel: [    0.120036] hpet0: at MMIO 0xfed00000, IRQs 2, 8, 0, 0, 0, 0, 0, 0
Mar 18 12:41:50 LaMancha kernel: [    0.120040] hpet0: 8 comparators, 64-bit 14.318180 MHz counter
Mar 18 12:41:50 LaMancha kernel: [    0.121012] clocksource: Switched to clocksource hpet
Mar 18 12:41:50 LaMancha kernel: [    0.127386] VFS: Disk quotas dquot_6.6.0
Mar 18 12:41:50 LaMancha kernel: [    0.127398] VFS: Dquot-cache hash table entries: 512 (order 0, 4096 bytes)
Mar 18 12:41:50 LaMancha ureadahead[264]: ureadahead:/home/donquixote/.local/share/Trash/info/The.Leftovers.S03E08.720p.HDTV.x264-AVS[ettv].trashinfo: No such file or directory
Mar 18 12:41:50 LaMancha kernel: [    0.127472] AppArmor: AppArmor Filesystem Enabled
Mar 18 12:41:50 LaMancha kernel: [    0.127501] pnp: PnP ACPI init
Mar 18 12:41:50 LaMancha kernel: [    0.127596] system 00:00: [mem 0xfed40000-0xfed44fff] has been reserved
Mar 18 12:41:50 LaMancha kernel: [    0.127598] system 00:00: Plug and Play ACPI device, IDs PNP0c01 (active)
Mar 18 12:41:50 LaMancha ureadahead[264]: ureadahead:/home/donquixote/.local/share/Trash/info/The.Murder.of.Laci.Peterson.S01E02.WEB.h264-TBS[ettv].trashinfo: No such file or directory
Mar 18 12:41:50 LaMancha kernel: [    0.127666] system 00:01: [io  0x0800-0x087f] has been reserved
Mar 18 12:41:50 LaMancha kernel: [    0.127668] system 00:01: Plug and Play ACPI device, IDs PNP0c02 (active)
Mar 18 12:41:50 LaMancha ureadahead[264]: ureadahead:/home/donquixote/.local/share/Trash/info/The.Murder.of.Laci.Peterson.S01E03.WEB.h264-TBS[ettv].trashinfo: No such file or directory
Mar 18 12:41:50 LaMancha kernel: [    0.127682] pnp 00:02: Plug and Play ACPI device, IDs PNP0b00 (active)
Mar 18 12:41:50 LaMancha kernel: [    0.127707] system 00:03: [io  0x1854-0x1857] has been reserved
Mar 18 12:41:50 LaMancha kernel: [    0.127708] system 00:03: Plug and Play ACPI device, IDs INT3f0d PNP0c02 (active)
Mar 18 12:41:50 LaMancha kernel: [    0.127767] system 00:04: [io  0x0290-0x029f] has been reserved
Mar 18 12:41:50 LaMancha kernel: [    0.127769] system 00:04: Plug and Play ACPI device, IDs PNP0c02 (active)
Mar 18 12:41:50 LaMancha ureadahead[264]: ureadahead:/home/donquixote/.local/share/Trash/info/The.Murder.of.Laci.Peterson.S01E04.WEB.h264-TBS[ettv].trashinfo: No such file or directory
Mar 18 12:41:50 LaMancha kernel: [    0.127801] system 00:05: [io  0x04d0-0x04d1] has been reserved
Mar 18 12:41:50 LaMancha kernel: [    0.127802] system 00:05: Plug and Play ACPI device, IDs PNP0c02 (active)
Mar 18 12:41:50 LaMancha kernel: [    0.127906] pnp 00:06: [dma 0 disabled]
Mar 18 12:41:50 LaMancha kernel: [    0.127934] pnp 00:06: Plug and Play ACPI device, IDs PNP0501 (active)
Mar 18 12:41:50 LaMancha kernel: [    0.128259] system 00:07: [mem 0xfed1c000-0xfed1ffff] has been reserved
Mar 18 12:41:50 LaMancha ureadahead[264]: ureadahead:/home/donquixote/.local/share/Trash/info/The.Murder.of.Laci.Peterson.S01E05.WEB.h264-TBS[ettv].trashinfo: No such file or directory
Mar 18 12:41:50 LaMancha kernel: [    0.128260] system 00:07: [mem 0xfed10000-0xfed17fff] has been reserved
Mar 18 12:41:50 LaMancha kernel: [    0.128261] system 00:07: [mem 0xfed18000-0xfed18fff] has been reserved
Mar 18 12:41:50 LaMancha ureadahead[264]: ureadahead:/home/donquixote/.local/share/Trash/info/The.Murder.of.Laci.Peterson.S01E06.WEB.h264-TBS[ettv].trashinfo: No such file or directory
Mar 18 12:41:50 LaMancha kernel: [    0.128262] system 00:07: [mem 0xfed19000-0xfed19fff] has been reserved
Mar 18 12:41:50 LaMancha kernel: [    0.128263] system 00:07: [mem 0xf0000000-0xf7ffffff] has been reserved
Mar 18 12:41:50 LaMancha kernel: [    0.128263] system 00:07: [mem 0xfed20000-0xfed3ffff] has been reserved
Mar 18 12:41:50 LaMancha kernel: [    0.128264] system 00:07: [mem 0xfed90000-0xfed93fff] has been reserved
Mar 18 12:41:50 LaMancha kernel: [    0.128265] system 00:07: [mem 0xfed45000-0xfed8ffff] has been reserved
Mar 18 12:41:50 LaMancha ureadahead[264]: ureadahead:/home/donquixote/.local/share/Trash/info/The.Wailing.2016.720p.BRRip.1.35GB.MkvCage.mkv.trashinfo: No such file or directory
Mar 18 12:41:50 LaMancha kernel: [    0.128266] system 00:07: [mem 0xff000000-0xffffffff] has been reserved
Mar 18 12:41:50 LaMancha kernel: [    0.128267] system 00:07: [mem 0xfee00000-0xfeefffff] could not be reserved
Mar 18 12:41:50 LaMancha kernel: [    0.128268] system 00:07: [mem 0xeffe0000-0xeffeffff] has been reserved
Mar 18 12:41:50 LaMancha kernel: [    0.128269] system 00:07: Plug and Play ACPI device, IDs PNP0c02 (active)
Mar 18 12:41:50 LaMancha kernel: [    0.128389] pnp: PnP ACPI: found 8 devices
Mar 18 12:41:50 LaMancha kernel: [    0.133986] clocksource: acpi_pm: mask: 0xffffff max_cycles: 0xffffff, max_idle_ns: 2085701024 ns
Mar 18 12:41:50 LaMancha ureadahead[264]: ureadahead:/home/donquixote/.local/share/Trash/info/Tickled.2016.720p.WEB-DL.700MB.Ganool.ph.mkv.trashinfo: No such file or directory
Mar 18 12:41:50 LaMancha kernel: [    0.134021] pci 0000:00:1c.0: PCI bridge to [bus 01]
Mar 18 12:41:50 LaMancha ureadahead[264]: ureadahead:/home/donquixote/.local/share/Trash/info/To.The.Moon.MULTi10-PROPHET.trashinfo: No such file or directory
Mar 18 12:41:50 LaMancha ureadahead[264]: ureadahead:/home/donquixote/.local/share/Trash/info/Trumped.Inside.the.Greatest.Political.Upset.of.All.Time.2017.720p.WEBRip.x264.AAC-ETRG.trashinfo: No such file or directory
Mar 18 12:41:50 LaMancha ureadahead[264]: ureadahead:/home/donquixote/.local/share/Trash/info/Unacknowledged_Full_Movie.mp4.trashinfo: No such file or directory
Mar 18 12:41:50 LaMancha ureadahead[264]: ureadahead:/home/donquixote/.local/share/Trash/info/Untitled.xcf.trashinfo: No such file or directory
Mar 18 12:41:50 LaMancha ureadahead[264]: ureadahead: /home/donquixote/.local/share/Trash/info/[R.G. Mechanics] Brothers - A Tale of Two Sons.trashinfo: No such file or directory
Mar 18 12:41:50 LaMancha ureadahead[264]: ureadahead:/home/donquixote/.local/share/Trash/info/[TorrentCounter.net].MINDHUNTER.S01E02.WEB.x264.mp4.trashinfo: No such file or directory
Mar 18 12:41:50 LaMancha ureadahead[264]: ureadahead:/home/donquixote/.local/share/Trash/info/about-us-hero-scene.jpg.trashinfo: No such file or directory
Mar 18 12:41:50 LaMancha ureadahead[264]: ureadahead:/home/donquixote/.local/share/Trash/info/about-us-scene.jpg.trashinfo: No such file or directory
Mar 18 12:41:50 LaMancha ureadahead[264]: ureadahead:/home/donquixote/.local/share/Trash/info/above-clouds.jpg.trashinfo: No such file or directory
Mar 18 12:41:50 LaMancha ureadahead[264]: ureadahead:/home/donquixote/.local/share/Trash/info/agency-bw.jpg.trashinfo: No such file or directory
Mar 18 12:41:50 LaMancha ureadahead[264]: ureadahead:/home/donquixote/.local/share/Trash/info/agency-overlay.jpg.trashinfo: No such file or directory
Mar 18 12:41:50 LaMancha ureadahead[264]: ureadahead:/home/donquixote/.local/share/Trash/info/agency.jpg.trashinfo: No such file or directory
Mar 18 12:41:50 LaMancha ureadahead[264]: ureadahead:/home/donquixote/.local/share/Trash/info/app-phone.trashinfo: No such file or directory
Mar 18 12:41:50 LaMancha ureadahead[264]: ureadahead:/home/donquixote/.local/share/Trash/info/app-section-background.jpg.trashinfo: No such file or directory
Mar 18 12:41:50 LaMancha ureadahead[264]: ureadahead:/home/donquixote/.local/share/Trash/info/app-store.png.trashinfo: No such file or directory
Mar 18 12:41:50 LaMancha kernel: [    0.134029] pci 0000:02:00.0: PCI bridge to [bus 03]
Mar 18 12:41:50 LaMancha kernel: [    0.134044] pci 0000:00:1c.2: PCI bridge to [bus 02-03]
Mar 18 12:41:50 LaMancha kernel: [    0.134052] pci 0000:00:1c.3: PCI bridge to [bus 04]
Mar 18 12:41:50 LaMancha ureadahead[264]: ureadahead:/home/donquixote/.local/share/Trash/info/apple-mouse.jpg.trashinfo: No such file or directory
Mar 18 12:41:50 LaMancha kernel: [    0.134054] pci 0000:00:1c.3:   bridge window [io  0xe000-0xefff]
Mar 18 12:41:50 LaMancha kernel: [    0.134057] pci 0000:00:1c.3:   bridge window [mem 0xefd00000-0xefdfffff]
Mar 18 12:41:50 LaMancha ureadahead[264]: ureadahead:/home/donquixote/.local/share/Trash/info/apple-products.jpg.trashinfo: No such file or directory
Mar 18 12:41:50 LaMancha kernel: [    0.134062] pci 0000:00:1c.7: PCI bridge to [bus 05]
Mar 18 12:41:50 LaMancha kernel: [    0.134065] pci 0000:00:1c.7:   bridge window [mem 0xefc00000-0xefcfffff]
Mar 18 12:41:50 LaMancha kernel: [    0.134071] pci_bus 0000:00: resource 4 [io  0x0000-0x0cf7 window]
Mar 18 12:41:50 LaMancha kernel: [    0.134072] pci_bus 0000:00: resource 5 [io  0x0d00-0xffff window]
Mar 18 12:41:50 LaMancha ureadahead[264]: ureadahead:/home/donquixote/.local/share/Trash/info/arm-flowers.jpg.trashinfo: No such file or directory
Mar 18 12:41:50 LaMancha kernel: [    0.134073] pci_bus 0000:00: resource 6 [mem 0x000a0000-0x000bffff window]
Mar 18 12:41:50 LaMancha kernel: [    0.134073] pci_bus 0000:00: resource 7 [mem 0x000d0000-0x000d3fff window]
Mar 18 12:41:50 LaMancha kernel: [    0.134074] pci_bus 0000:00: resource 8 [mem 0x000d4000-0x000d7fff window]
Mar 18 12:41:50 LaMancha ureadahead[264]: ureadahead:/home/donquixote/.local/share/Trash/info/baseball.jpg.trashinfo: No such file or directory
Mar 18 12:41:50 LaMancha kernel: [    0.134075] pci_bus 0000:00: resource 9 [mem 0x000d8000-0x000dbfff window]
Mar 18 12:41:50 LaMancha kernel: [    0.134076] pci_bus 0000:00: resource 10 [mem 0x000dc000-0x000dffff window]
Mar 18 12:41:50 LaMancha kernel: [    0.134076] pci_bus 0000:00: resource 11 [mem 0x000e0000-0x000e3fff window]
Mar 18 12:41:50 LaMancha kernel: [    0.134077] pci_bus 0000:00: resource 12 [mem 0x000e4000-0x000e7fff window]
Mar 18 12:41:50 LaMancha kernel: [    0.134078] pci_bus 0000:00: resource 13 [mem 0xcf200000-0xfeafffff window]
Mar 18 12:41:50 LaMancha ureadahead[264]: ureadahead:/home/donquixote/.local/share/Trash/info/beautiful-mountains.jpg.trashinfo: No such file or directory
Mar 18 12:41:50 LaMancha kernel: [    0.134079] pci_bus 0000:02: resource 4 [io  0x0000-0x0cf7 window]
Mar 18 12:41:50 LaMancha kernel: [    0.134079] pci_bus 0000:02: resource 5 [io  0x0d00-0xffff window]
Mar 18 12:41:50 LaMancha kernel: [    0.134080] pci_bus 0000:02: resource 6 [mem 0x000a0000-0x000bffff window]
Mar 18 12:41:50 LaMancha kernel: [    0.134081] pci_bus 0000:02: resource 7 [mem 0x000d0000-0x000d3fff window]
Mar 18 12:41:50 LaMancha kernel: [    0.134081] pci_bus 0000:02: resource 8 [mem 0x000d4000-0x000d7fff window]
Mar 18 12:41:50 LaMancha ureadahead[264]: ureadahead:/home/donquixote/.local/share/Trash/info/betting.on.zero.2016.480p.web.dl.x264.rmteam.mkv.trashinfo: No such file or directory
Mar 18 12:41:50 LaMancha kernel: [    0.134082] pci_bus 0000:02: resource 9 [mem 0x000d8000-0x000dbfff window]
Mar 18 12:41:50 LaMancha kernel: [    0.134083] pci_bus 0000:02: resource 10 [mem 0x000dc000-0x000dffff window]
Mar 18 12:41:50 LaMancha ureadahead[264]: ureadahead:/home/donquixote/.local/share/Trash/info/bg-color.png.trashinfo: No such file or directory
Mar 18 12:41:50 LaMancha kernel: [    0.134083] pci_bus 0000:02: resource 11 [mem 0x000e0000-0x000e3fff window]
Mar 18 12:41:50 LaMancha kernel: [    0.134084] pci_bus 0000:02: resource 12 [mem 0x000e4000-0x000e7fff window]
Mar 18 12:41:50 LaMancha kernel: [    0.134085] pci_bus 0000:02: resource 13 [mem 0xcf200000-0xfeafffff window]
Mar 18 12:41:50 LaMancha kernel: [    0.134086] pci_bus 0000:03: resource 4 [io  0x0000-0x0cf7 window]
Mar 18 12:41:50 LaMancha kernel: [    0.134086] pci_bus 0000:03: resource 5 [io  0x0d00-0xffff window]
Mar 18 12:41:50 LaMancha ureadahead[264]: ureadahead:/home/donquixote/.local/share/Trash/info/bird-clean.jpg.trashinfo: No such file or directory
Mar 18 12:41:50 LaMancha kernel: [    0.134087] pci_bus 0000:03: resource 6 [mem 0x000a0000-0x000bffff window]
Mar 18 12:41:50 LaMancha kernel: [    0.134087] pci_bus 0000:03: resource 7 [mem 0x000d0000-0x000d3fff window]
Mar 18 12:41:50 LaMancha ureadahead[264]: ureadahead:/home/donquixote/.local/share/Trash/info/black-line.png.trashinfo: No such file or directory
Mar 18 12:41:50 LaMancha kernel: [    0.134088] pci_bus 0000:03: resource 8 [mem 0x000d4000-0x000d7fff window]
Mar 18 12:41:50 LaMancha kernel: [    0.134089] pci_bus 0000:03: resource 9 [mem 0x000d8000-0x000dbfff window]
Mar 18 12:41:50 LaMancha kernel: [    0.134090] pci_bus 0000:03: resource 10 [mem 0x000dc000-0x000dffff window]
Mar 18 12:41:50 LaMancha ureadahead[264]: ureadahead:/home/donquixote/.local/share/Trash/info/black-shoes.jpg.trashinfo: No such file or directory
Mar 18 12:41:50 LaMancha kernel: [    0.134090] pci_bus 0000:03: resource 11 [mem 0x000e0000-0x000e3fff window]
Mar 18 12:41:50 LaMancha kernel: [    0.134091] pci_bus 0000:03: resource 12 [mem 0x000e4000-0x000e7fff window]
Mar 18 12:41:50 LaMancha kernel: [    0.134092] pci_bus 0000:03: resource 13 [mem 0xcf200000-0xfeafffff window]
Mar 18 12:41:50 LaMancha kernel: [    0.134092] pci_bus 0000:04: resource 0 [io  0xe000-0xefff]
Mar 18 12:41:50 LaMancha kernel: [    0.134093] pci_bus 0000:04: resource 1 [mem 0xefd00000-0xefdfffff]
Mar 18 12:41:50 LaMancha kernel: [    0.134094] pci_bus 0000:05: resource 1 [mem 0xefc00000-0xefcfffff]
Mar 18 12:41:50 LaMancha ureadahead[264]: ureadahead:/home/donquixote/.local/share/Trash/info/black-white.png.trashinfo: No such file or directory
Mar 18 12:41:50 LaMancha kernel: [    0.134188] NET: Registered protocol family 2
Mar 18 12:41:50 LaMancha kernel: [    0.134335] TCP established hash table entries: 262144 (order: 9, 2097152 bytes)
Mar 18 12:41:50 LaMancha kernel: [    0.134597] TCP bind hash table entries: 65536 (order: 8, 1048576 bytes)
Mar 18 12:41:50 LaMancha kernel: [    0.134719] TCP: Hash tables configured (established 262144 bind 65536)
Mar 18 12:41:50 LaMancha ureadahead[264]: ureadahead:/home/donquixote/.local/share/Trash/info/blonde-man.jpg.trashinfo: No such file or directory
Mar 18 12:41:50 LaMancha kernel: [    0.134751] UDP hash table entries: 16384 (order: 7, 524288 bytes)
Mar 18 12:41:50 LaMancha kernel: [    0.134821] UDP-Lite hash table entries: 16384 (order: 7, 524288 bytes)
Mar 18 12:41:50 LaMancha ureadahead[264]: ureadahead:/home/donquixote/.local/share/Trash/info/blue-lake.jpg.trashinfo: No such file or directory
Mar 18 12:41:50 LaMancha kernel: [    0.134908] NET: Registered protocol family 1
Mar 18 12:41:50 LaMancha kernel: [    0.134917] pci 0000:00:02.0: Video device with shadowed ROM at [mem 0x000c0000-0x000dffff]
Mar 18 12:41:50 LaMancha kernel: [    0.184079] pci 0000:04:00.0: set MSI_INTX_DISABLE_BUG flag
Mar 18 12:41:50 LaMancha kernel: [    0.184084] PCI: CLS 64 bytes, default 64
Mar 18 12:41:50 LaMancha kernel: [    0.184110] Unpacking initramfs...
Mar 18 12:41:50 LaMancha ureadahead[264]: ureadahead:/home/donquixote/.local/share/Trash/info/blue-mountains-man-half.jpg.trashinfo: No such file or directory
Mar 18 12:41:50 LaMancha kernel: [    0.702625] Freeing initrd memory: 48028K
Mar 18 12:41:50 LaMancha kernel: [    0.702628] PCI-DMA: Using software bounce buffering for IO (SWIOTLB)
Mar 18 12:41:50 LaMancha kernel: [    0.702630] software IO TLB [mem 0xb9ac9000-0xbdac9000] (64MB) mapped at [ffff9effb9ac9000-ffff9effbdac8fff]
Mar 18 12:41:50 LaMancha kernel: [    0.702810] Scanning for low memory corruption every 60 seconds
Mar 18 12:41:50 LaMancha kernel: [    0.703000] audit: initializing netlink subsys (disabled)
Mar 18 12:41:50 LaMancha kernel: [    0.703032] audit: type=2000 audit(1521402079.703:1): state=initialized audit_enabled=0 res=1
Mar 18 12:41:50 LaMancha ureadahead[264]: ureadahead:/home/donquixote/.local/share/Trash/info/blue-mountains-man.jpg.trashinfo: No such file or directory
Mar 18 12:41:50 LaMancha kernel: [    0.703285] Initialise system trusted keyrings
Mar 18 12:41:50 LaMancha kernel: [    0.703292] Key type blacklist registered
Mar 18 12:41:50 LaMancha ureadahead[264]: ureadahead:/home/donquixote/.local/share/Trash/info/blurred-person.jpg.trashinfo: No such file or directory
Mar 18 12:41:50 LaMancha kernel: [    0.703312] workingset: timestamp_bits=36 max_order=23 bucket_order=0
Mar 18 12:41:50 LaMancha kernel: [    0.704078] zbud: loaded
Mar 18 12:41:50 LaMancha kernel: [    0.704317] squashfs: version 4.0 (2009/01/31) Phillip Lougher
Mar 18 12:41:50 LaMancha kernel: [    0.704404] fuse init (API version 7.26)
Mar 18 12:41:50 LaMancha ureadahead[264]: ureadahead:/home/donquixote/.local/share/Trash/info/bmw.jpg.trashinfo: No such file or directory
Mar 18 12:41:50 LaMancha kernel: [    0.705306] Key type asymmetric registered
Mar 18 12:41:50 LaMancha kernel: [    0.705307] Asymmetric key parser 'x509' registered
Mar 18 12:41:50 LaMancha kernel: [    0.705331] Block layer SCSI generic (bsg) driver version 0.4 loaded (major 247)
Mar 18 12:41:50 LaMancha ureadahead[264]: ureadahead:/home/donquixote/.local/share/Trash/info/boats.jpg.trashinfo: No such file or directory
Mar 18 12:41:50 LaMancha kernel: [    0.705352] io scheduler noop registered
Mar 18 12:41:50 LaMancha kernel: [    0.705352] io scheduler deadline registered
Mar 18 12:41:50 LaMancha kernel: [    0.705369] io scheduler cfq registered (default)
Mar 18 12:41:50 LaMancha ureadahead[264]: ureadahead:/home/donquixote/.local/share/Trash/info/bridge-forest-tall.jpg.trashinfo: No such file or directory
Mar 18 12:41:50 LaMancha kernel: [    0.705749] vesafb: mode is 1920x1080x32, linelength=7680, pages=0
Mar 18 12:41:50 LaMancha kernel: [    0.705749] vesafb: scrolling: redraw
Mar 18 12:41:50 LaMancha kernel: [    0.705750] vesafb: Truecolor: size=8:8:8:8, shift=24:16:8:0
Mar 18 12:41:50 LaMancha kernel: [    0.705758] vesafb: framebuffer at 0xd0000000, mapped to 0xffffac2584000000, using 8128k, total 8128k
Mar 18 12:41:50 LaMancha kernel: [    0.705823] Console: switching to colour frame buffer device 240x67
Mar 18 12:41:50 LaMancha kernel: [    0.705839] fb0: VESA VGA frame buffer device
Mar 18 12:41:50 LaMancha ureadahead[264]: ureadahead:/home/donquixote/.local/share/Trash/info/bridge-forest.jpg.trashinfo: No such file or directory
Mar 18 12:41:50 LaMancha ureadahead[264]: ureadahead:/home/donquixote/.local/share/Trash/info/bridge.jpg.trashinfo: No such file or directory
Mar 18 12:41:50 LaMancha kernel: [    0.705847] intel_idle: MWAIT substates: 0x42120
Mar 18 12:41:50 LaMancha kernel: [    0.705848] intel_idle: v0.4.1 model 0x3C
Mar 18 12:41:50 LaMancha kernel: [    0.705939] intel_idle: lapic_timer_reliable_states 0xffffffff
Mar 18 12:41:50 LaMancha kernel: [    0.706016] input: Power Button as /devices/LNXSYSTM:00/LNXSYBUS:00/PNP0C0C:00/input/input0
Mar 18 12:41:50 LaMancha kernel: [    0.706023] ACPI: Power Button [PWRB]
Mar 18 12:41:50 LaMancha ureadahead[264]: ureadahead:/home/donquixote/.local/share/Trash/info/bright-night.jpg.trashinfo: No such file or directory
Mar 18 12:41:50 LaMancha kernel: [    0.706044] input: Sleep Button as /devices/LNXSYSTM:00/LNXSYBUS:00/PNP0C0E:00/input/input1
Mar 18 12:41:50 LaMancha kernel: [    0.706049] ACPI: Sleep Button [SLPB]
Mar 18 12:41:50 LaMancha kernel: [    0.706066] input: Power Button as /devices/LNXSYSTM:00/LNXPWRBN:00/input/input2
Mar 18 12:41:50 LaMancha ureadahead[264]: ureadahead:/home/donquixote/.local/share/Trash/info/broadway.jpg.trashinfo: No such file or directory
