Mar 11 08:22:12 LaMancha NetworkManager[883]: <info>  [1520781732.1343]   address 192.168.1.3
Mar 11 08:22:12 LaMancha NetworkManager[883]: <info>  [1520781732.1343]   plen 24 (255.255.255.0)
Mar 11 08:22:12 LaMancha NetworkManager[883]: <info>  [1520781732.1343]   gateway 192.168.1.1
Mar 11 08:22:12 LaMancha NetworkManager[883]: <info>  [1520781732.1343]   server identifier 192.168.1.1
Mar 11 08:22:12 LaMancha NetworkManager[883]: <info>  [1520781732.1343]   lease time 86400
Mar 11 08:22:12 LaMancha NetworkManager[883]: <info>  [1520781732.1343]   nameserver '192.168.1.1'
Mar 11 08:22:12 LaMancha NetworkManager[883]: <info>  [1520781732.1343]   domain name 'Home'
Mar 11 08:22:12 LaMancha NetworkManager[883]: <info>  [1520781732.1344] dhcp4 (enp4s0): state changed bound -> bound
Mar 11 08:58:22 LaMancha NetworkManager[883]: <info>  [1520783902.0790]   address 192.168.1.4
Mar 11 08:58:22 LaMancha NetworkManager[883]: <info>  [1520783902.0790]   plen 24 (255.255.255.0)
Mar 11 08:58:22 LaMancha NetworkManager[883]: <info>  [1520783902.0790]   gateway 192.168.1.1
Mar 11 08:58:22 LaMancha NetworkManager[883]: <info>  [1520783902.0790]   server identifier 192.168.1.1
Mar 11 08:58:22 LaMancha NetworkManager[883]: <info>  [1520783902.0791]   lease time 86400
Mar 11 08:58:22 LaMancha NetworkManager[883]: <info>  [1520783902.0791]   nameserver '192.168.1.1'
Mar 11 08:58:22 LaMancha NetworkManager[883]: <info>  [1520783902.0791]   domain name 'Home'
Mar 11 08:58:22 LaMancha NetworkManager[883]: <info>  [1520783902.0791] dhcp4 (wlp5s0): state changed bound -> bound
Mar 11 13:41:30 LaMancha NetworkManager[883]: <warn>  [1520800890.3509] sup-iface[0x21ae140,wlp5s0]: connection disconnected (reason -4)
Mar 11 13:41:30 LaMancha NetworkManager[883]: <info>  [1520800890.3916] device (wlp5s0): supplicant interface state: completed -> disconnected
Mar 11 13:41:30 LaMancha NetworkManager[883]: <info>  [1520800890.4560] device (wlp5s0): supplicant interface state: disconnected -> scanning
Mar 11 13:41:33 LaMancha kernel: [56306.277710] wlp5s0: authenticate with 00:23:6a:9a:cc:0c
Mar 11 13:41:33 LaMancha NetworkManager[883]: <info>  [1520800893.5633] device (wlp5s0): supplicant interface state: scanning -> authenticating
Mar 11 13:41:33 LaMancha kernel: [56306.289765] wlp5s0: send auth to 00:23:6a:9a:cc:0c (try 1/3)
Mar 11 13:41:33 LaMancha kernel: [56306.291978] wlp5s0: authenticated
Mar 11 13:41:33 LaMancha NetworkManager[883]: <info>  [1520800893.5699] device (wlp5s0): supplicant interface state: authenticating -> associating
Mar 11 13:41:33 LaMancha kernel: [56306.296018] wlp5s0: associate with 00:23:6a:9a:cc:0c (try 1/3)
Mar 11 13:41:33 LaMancha kernel: [56306.299736] wlp5s0: RX AssocResp from 00:23:6a:9a:cc:0c (capab=0x411 status=0 aid=2)
Mar 11 13:41:33 LaMancha kernel: [56306.299830] wlp5s0: associated
Mar 11 13:41:33 LaMancha NetworkManager[883]: <info>  [1520800893.5780] device (wlp5s0): supplicant interface state: associating -> associated
Mar 11 13:41:33 LaMancha NetworkManager[883]: <info>  [1520800893.5909] device (wlp5s0): supplicant interface state: associated -> 4-way handshake
Mar 11 13:41:33 LaMancha NetworkManager[883]: <info>  [1520800893.6159] device (wlp5s0): supplicant interface state: 4-way handshake -> completed
Mar 11 17:09:53 LaMancha NetworkManager[883]: <warn>  [1520813393.4064] sup-iface[0x21ae140,wlp5s0]: connection disconnected (reason -4)
Mar 11 17:09:53 LaMancha NetworkManager[883]: <info>  [1520813393.4362] device (wlp5s0): supplicant interface state: completed -> disconnected
Mar 11 17:09:53 LaMancha NetworkManager[883]: <info>  [1520813393.5117] device (wlp5s0): supplicant interface state: disconnected -> scanning
Mar 11 17:09:56 LaMancha kernel: [68809.481660] wlp5s0: authenticate with 00:23:6a:9a:cc:0c
Mar 11 17:09:56 LaMancha NetworkManager[883]: <info>  [1520813396.6271] device (wlp5s0): supplicant interface state: scanning -> authenticating
Mar 11 17:09:56 LaMancha kernel: [68809.493519] wlp5s0: send auth to 00:23:6a:9a:cc:0c (try 1/3)
Mar 11 17:09:56 LaMancha kernel: [68809.496809] wlp5s0: authenticated
Mar 11 17:09:56 LaMancha kernel: [68809.500129] wlp5s0: associate with 00:23:6a:9a:cc:0c (try 1/3)
Mar 11 17:09:56 LaMancha NetworkManager[883]: <info>  [1520813396.6350] device (wlp5s0): supplicant interface state: authenticating -> associating
Mar 11 17:09:56 LaMancha kernel: [68809.514613] wlp5s0: RX AssocResp from 00:23:6a:9a:cc:0c (capab=0x411 status=0 aid=2)
Mar 11 17:09:56 LaMancha kernel: [68809.514710] wlp5s0: associated
Mar 11 17:09:56 LaMancha NetworkManager[883]: <info>  [1520813396.6530] device (wlp5s0): supplicant interface state: associating -> associated
Mar 11 17:09:56 LaMancha NetworkManager[883]: <info>  [1520813396.6592] device (wlp5s0): supplicant interface state: associated -> 4-way handshake
Mar 11 17:09:56 LaMancha NetworkManager[883]: <info>  [1520813396.7611] device (wlp5s0): supplicant interface state: 4-way handshake -> completed
Mar 11 18:29:47 LaMancha NetworkManager[883]: <warn>  [1520818187.7862] sup-iface[0x21ae140,wlp5s0]: connection disconnected (reason -4)
Mar 11 18:29:47 LaMancha NetworkManager[883]: <info>  [1520818187.8111] device (wlp5s0): supplicant interface state: completed -> disconnected
Mar 11 18:29:47 LaMancha NetworkManager[883]: <info>  [1520818187.8916] device (wlp5s0): supplicant interface state: disconnected -> scanning
Mar 11 18:29:50 LaMancha kernel: [73603.909987] wlp5s0: authenticate with 00:23:6a:9a:cc:0c
Mar 11 18:29:50 LaMancha NetworkManager[883]: <info>  [1520818190.9982] device (wlp5s0): supplicant interface state: scanning -> authenticating
Mar 11 18:29:51 LaMancha kernel: [73603.920921] wlp5s0: send auth to 00:23:6a:9a:cc:0c (try 1/3)
Mar 11 18:29:51 LaMancha kernel: [73603.949481] wlp5s0: authenticated
Mar 11 18:29:51 LaMancha NetworkManager[883]: <info>  [1520818191.0316] device (wlp5s0): supplicant interface state: authenticating -> associating
Mar 11 18:29:51 LaMancha kernel: [73603.952333] wlp5s0: associate with 00:23:6a:9a:cc:0c (try 1/3)
Mar 11 18:29:51 LaMancha kernel: [73603.956004] wlp5s0: RX AssocResp from 00:23:6a:9a:cc:0c (capab=0x411 status=0 aid=2)
Mar 11 18:29:51 LaMancha kernel: [73603.956100] wlp5s0: associated
Mar 11 18:29:51 LaMancha NetworkManager[883]: <info>  [1520818191.0382] device (wlp5s0): supplicant interface state: associating -> associated
Mar 11 18:29:51 LaMancha NetworkManager[883]: <info>  [1520818191.0596] device (wlp5s0): supplicant interface state: associated -> 4-way handshake
Mar 11 18:29:51 LaMancha NetworkManager[883]: <info>  [1520818191.0774] device (wlp5s0): supplicant interface state: 4-way handshake -> completed
Mar 11 18:41:30 LaMancha kernel: [74303.082957] wlp5s0: deauthenticated from 00:23:6a:9a:cc:0c (Reason: 7=CLASS3_FRAME_FROM_NONASSOC_STA)
Mar 11 18:41:30 LaMancha NetworkManager[883]: <warn>  [1520818890.2151] sup-iface[0x21ae140,wlp5s0]: connection disconnected (reason 7)
Mar 11 18:41:30 LaMancha NetworkManager[883]: <info>  [1520818890.2429] device (wlp5s0): supplicant interface state: completed -> authenticating
Mar 11 18:41:30 LaMancha NetworkManager[883]: <info>  [1520818890.2790] device (wlp5s0): supplicant interface state: authenticating -> disconnected
Mar 11 18:41:30 LaMancha NetworkManager[883]: <info>  [1520818890.7791] device (wlp5s0): supplicant interface state: disconnected -> scanning
Mar 11 18:41:33 LaMancha kernel: [74306.809425] wlp5s0: authenticate with 00:23:6a:9a:cc:0c
Mar 11 18:41:33 LaMancha NetworkManager[883]: <info>  [1520818893.8898] device (wlp5s0): supplicant interface state: scanning -> authenticating
Mar 11 18:41:33 LaMancha kernel: [74306.820580] wlp5s0: send auth to 00:23:6a:9a:cc:0c (try 1/3)
Mar 11 18:41:33 LaMancha kernel: [74306.824968] wlp5s0: authenticated
Mar 11 18:41:33 LaMancha kernel: [74306.827937] wlp5s0: associate with 00:23:6a:9a:cc:0c (try 1/3)
Mar 11 18:41:33 LaMancha NetworkManager[883]: <info>  [1520818893.8993] device (wlp5s0): supplicant interface state: authenticating -> associating
Mar 11 18:41:33 LaMancha kernel: [74306.838066] wlp5s0: RX AssocResp from 00:23:6a:9a:cc:0c (capab=0x411 status=0 aid=2)
Mar 11 18:41:33 LaMancha kernel: [74306.838172] wlp5s0: associated
Mar 11 18:41:33 LaMancha NetworkManager[883]: <info>  [1520818893.9125] device (wlp5s0): supplicant interface state: associating -> associated
Mar 11 18:41:33 LaMancha NetworkManager[883]: <info>  [1520818893.9432] device (wlp5s0): supplicant interface state: associated -> 4-way handshake
Mar 11 18:41:33 LaMancha NetworkManager[883]: <info>  [1520818893.9636] device (wlp5s0): supplicant interface state: 4-way handshake -> completed
Mar 11 19:53:41 LaMancha NetworkManager[883]: <warn>  [1520823221.7385] sup-iface[0x21ae140,wlp5s0]: connection disconnected (reason -4)
Mar 11 19:53:41 LaMancha NetworkManager[883]: <info>  [1520823221.7832] device (wlp5s0): supplicant interface state: completed -> disconnected
Mar 11 19:53:41 LaMancha NetworkManager[883]: <info>  [1520823221.8436] device (wlp5s0): supplicant interface state: disconnected -> scanning
Mar 11 19:53:44 LaMancha kernel: [78637.933111] wlp5s0: authenticate with 00:23:6a:9a:cc:0c
Mar 11 19:53:44 LaMancha NetworkManager[883]: <info>  [1520823224.9624] device (wlp5s0): supplicant interface state: scanning -> authenticating
Mar 11 19:53:44 LaMancha kernel: [78637.944120] wlp5s0: send auth to 00:23:6a:9a:cc:0c (try 1/3)
Mar 11 19:53:44 LaMancha kernel: [78637.946253] wlp5s0: authenticated
Mar 11 19:53:44 LaMancha kernel: [78637.947366] wlp5s0: associate with 00:23:6a:9a:cc:0c (try 1/3)
Mar 11 19:53:44 LaMancha NetworkManager[883]: <info>  [1520823224.9691] device (wlp5s0): supplicant interface state: authenticating -> associating
Mar 11 19:53:44 LaMancha kernel: [78637.952929] wlp5s0: RX AssocResp from 00:23:6a:9a:cc:0c (capab=0x411 status=0 aid=2)
Mar 11 19:53:44 LaMancha kernel: [78637.953025] wlp5s0: associated
Mar 11 19:53:44 LaMancha NetworkManager[883]: <info>  [1520823224.9759] device (wlp5s0): supplicant interface state: associating -> associated
Mar 11 19:53:44 LaMancha NetworkManager[883]: <info>  [1520823224.9995] device (wlp5s0): supplicant interface state: associated -> 4-way handshake
Mar 11 19:53:45 LaMancha NetworkManager[883]: <info>  [1520823225.0202] device (wlp5s0): supplicant interface state: 4-way handshake -> completed
Mar 11 20:16:46 LaMancha NetworkManager[883]: <info>  [1520824606.5484]   address 192.168.1.3
Mar 11 20:16:46 LaMancha NetworkManager[883]: <info>  [1520824606.5484]   plen 24 (255.255.255.0)
Mar 11 20:16:46 LaMancha NetworkManager[883]: <info>  [1520824606.5484]   gateway 192.168.1.1
Mar 11 20:16:46 LaMancha NetworkManager[883]: <info>  [1520824606.5484]   server identifier 192.168.1.1
Mar 11 20:16:46 LaMancha NetworkManager[883]: <info>  [1520824606.5484]   lease time 86400
Mar 11 20:16:46 LaMancha NetworkManager[883]: <info>  [1520824606.5485]   nameserver '192.168.1.1'
Mar 11 20:16:46 LaMancha NetworkManager[883]: <info>  [1520824606.5485]   domain name 'Home'
Mar 11 20:16:46 LaMancha NetworkManager[883]: <info>  [1520824606.5485] dhcp4 (enp4s0): state changed bound -> bound
Mar 11 20:17:44 LaMancha NetworkManager[883]: <info>  [1520824664.1389]   address 192.168.1.4
Mar 11 20:17:44 LaMancha NetworkManager[883]: <info>  [1520824664.1390]   plen 24 (255.255.255.0)
Mar 11 20:17:44 LaMancha NetworkManager[883]: <info>  [1520824664.1390]   gateway 192.168.1.1
Mar 11 20:17:44 LaMancha NetworkManager[883]: <info>  [1520824664.1390]   server identifier 192.168.1.1
Mar 11 20:17:44 LaMancha NetworkManager[883]: <info>  [1520824664.1390]   lease time 86400
Mar 11 20:17:44 LaMancha NetworkManager[883]: <info>  [1520824664.1390]   nameserver '192.168.1.1'
Mar 11 20:17:44 LaMancha NetworkManager[883]: <info>  [1520824664.1390]   domain name 'Home'
Mar 11 20:17:44 LaMancha NetworkManager[883]: <info>  [1520824664.1390] dhcp4 (wlp5s0): state changed bound -> bound
Mar 12 05:38:08 LaMancha NetworkManager[883]: <info>  [1520858288.3824]   address 192.168.1.3
Mar 12 05:38:08 LaMancha NetworkManager[883]: <info>  [1520858288.3824]   plen 24 (255.255.255.0)
Mar 12 05:38:08 LaMancha NetworkManager[883]: <info>  [1520858288.3824]   gateway 192.168.1.1
Mar 12 05:38:08 LaMancha NetworkManager[883]: <info>  [1520858288.3824]   server identifier 192.168.1.1
Mar 12 05:38:08 LaMancha NetworkManager[883]: <info>  [1520858288.3825]   lease time 86400
Mar 12 05:38:08 LaMancha NetworkManager[883]: <info>  [1520858288.3825]   nameserver '192.168.1.1'
Mar 12 05:38:08 LaMancha NetworkManager[883]: <info>  [1520858288.3825]   domain name 'Home'
Mar 12 05:38:08 LaMancha NetworkManager[883]: <info>  [1520858288.3825] dhcp4 (enp4s0): state changed bound -> bound
Mar 12 06:34:32 LaMancha NetworkManager[883]: <info>  [1520861672.1669]   address 192.168.1.4
Mar 12 06:34:32 LaMancha NetworkManager[883]: <info>  [1520861672.1670]   plen 24 (255.255.255.0)
Mar 12 06:34:32 LaMancha NetworkManager[883]: <info>  [1520861672.1670]   gateway 192.168.1.1
Mar 12 06:34:32 LaMancha NetworkManager[883]: <info>  [1520861672.1670]   server identifier 192.168.1.1
Mar 12 06:34:32 LaMancha NetworkManager[883]: <info>  [1520861672.1670]   lease time 86400
Mar 12 06:34:32 LaMancha NetworkManager[883]: <info>  [1520861672.1670]   nameserver '192.168.1.1'
Mar 12 06:34:32 LaMancha NetworkManager[883]: <info>  [1520861672.1671]   domain name 'Home'
Mar 12 06:34:32 LaMancha NetworkManager[883]: <info>  [1520861672.1671] dhcp4 (wlp5s0): state changed bound -> bound
Mar 12 14:17:29 LaMancha NetworkManager[883]: <warn>  [1520889449.9702] sup-iface[0x21ae140,wlp5s0]: connection disconnected (reason -4)
Mar 12 14:17:29 LaMancha NetworkManager[883]: <info>  [1520889449.9950] device (wlp5s0): supplicant interface state: completed -> disconnected
Mar 12 14:17:30 LaMancha NetworkManager[883]: <info>  [1520889450.0761] device (wlp5s0): supplicant interface state: disconnected -> scanning
Mar 12 14:17:33 LaMancha kernel: [144866.955917] wlp5s0: authenticate with 00:23:6a:9a:cc:0c
Mar 12 14:17:33 LaMancha NetworkManager[883]: <info>  [1520889453.1866] device (wlp5s0): supplicant interface state: scanning -> authenticating
Mar 12 14:17:33 LaMancha kernel: [144866.966603] wlp5s0: send auth to 00:23:6a:9a:cc:0c (try 1/3)
Mar 12 14:17:33 LaMancha kernel: [144866.968819] wlp5s0: authenticated
Mar 12 14:17:33 LaMancha NetworkManager[883]: <info>  [1520889453.1898] device (wlp5s0): supplicant interface state: authenticating -> associating
Mar 12 14:17:33 LaMancha kernel: [144866.969986] wlp5s0: associate with 00:23:6a:9a:cc:0c (try 1/3)
Mar 12 14:17:33 LaMancha kernel: [144866.975756] wlp5s0: RX AssocResp from 00:23:6a:9a:cc:0c (capab=0x411 status=0 aid=1)
Mar 12 14:17:33 LaMancha kernel: [144866.975861] wlp5s0: associated
Mar 12 14:17:33 LaMancha NetworkManager[883]: <info>  [1520889453.2004] device (wlp5s0): supplicant interface state: associating -> associated
Mar 12 14:17:33 LaMancha NetworkManager[883]: <info>  [1520889453.2800] device (wlp5s0): supplicant interface state: associated -> 4-way handshake
Mar 12 14:17:33 LaMancha NetworkManager[883]: <info>  [1520889453.2965] device (wlp5s0): supplicant interface state: 4-way handshake -> completed
Mar 12 15:40:26 LaMancha NetworkManager[883]: <warn>  [1520894426.6147] sup-iface[0x21ae140,wlp5s0]: connection disconnected (reason -4)
Mar 12 15:40:26 LaMancha NetworkManager[883]: <info>  [1520894426.6469] device (wlp5s0): supplicant interface state: completed -> disconnected
Mar 12 15:40:26 LaMancha NetworkManager[883]: <info>  [1520894426.7200] device (wlp5s0): supplicant interface state: disconnected -> scanning
Mar 12 15:40:29 LaMancha kernel: [149843.655840] wlp5s0: authenticate with 00:23:6a:9a:cc:0c
Mar 12 15:40:29 LaMancha NetworkManager[883]: <info>  [1520894429.8296] device (wlp5s0): supplicant interface state: scanning -> authenticating
Mar 12 15:40:29 LaMancha kernel: [149843.667540] wlp5s0: send auth to 00:23:6a:9a:cc:0c (try 1/3)
Mar 12 15:40:29 LaMancha kernel: [149843.669725] wlp5s0: authenticated
Mar 12 15:40:29 LaMancha kernel: [149843.671753] wlp5s0: associate with 00:23:6a:9a:cc:0c (try 1/3)
Mar 12 15:40:29 LaMancha NetworkManager[883]: <info>  [1520894429.8368] device (wlp5s0): supplicant interface state: authenticating -> associating
Mar 12 15:40:29 LaMancha kernel: [149843.682243] wlp5s0: RX AssocResp from 00:23:6a:9a:cc:0c (capab=0x411 status=0 aid=1)
Mar 12 15:40:29 LaMancha kernel: [149843.682338] wlp5s0: associated
Mar 12 15:40:29 LaMancha NetworkManager[883]: <info>  [1520894429.8494] device (wlp5s0): supplicant interface state: associating -> associated
Mar 12 15:40:29 LaMancha NetworkManager[883]: <info>  [1520894429.8637] device (wlp5s0): supplicant interface state: associated -> 4-way handshake
Mar 12 15:40:29 LaMancha NetworkManager[883]: <info>  [1520894429.8896] device (wlp5s0): supplicant interface state: 4-way handshake -> completed
Mar 12 16:21:55 LaMancha NetworkManager[883]: <info>  [1520896915.6035]   address 192.168.1.3
Mar 12 16:21:55 LaMancha NetworkManager[883]: <info>  [1520896915.6036]   plen 24 (255.255.255.0)
Mar 12 16:21:55 LaMancha NetworkManager[883]: <info>  [1520896915.6036]   gateway 192.168.1.1
Mar 12 16:21:55 LaMancha NetworkManager[883]: <info>  [1520896915.6036]   server identifier 192.168.1.1
Mar 12 16:21:55 LaMancha NetworkManager[883]: <info>  [1520896915.6036]   lease time 86400
Mar 12 16:21:55 LaMancha NetworkManager[883]: <info>  [1520896915.6036]   nameserver '192.168.1.1'
Mar 12 16:21:55 LaMancha NetworkManager[883]: <info>  [1520896915.6036]   domain name 'Home'
Mar 12 16:21:55 LaMancha NetworkManager[883]: <info>  [1520896915.6036] dhcp4 (enp4s0): state changed bound -> bound
Mar 12 17:29:50 LaMancha NetworkManager[883]: <info>  [1520900990.5355]   address 192.168.1.4
Mar 12 17:29:50 LaMancha NetworkManager[883]: <info>  [1520900990.5355]   plen 24 (255.255.255.0)
Mar 12 17:29:50 LaMancha NetworkManager[883]: <info>  [1520900990.5356]   gateway 192.168.1.1
Mar 12 17:29:50 LaMancha NetworkManager[883]: <info>  [1520900990.5356]   server identifier 192.168.1.1
Mar 12 17:29:50 LaMancha NetworkManager[883]: <info>  [1520900990.5356]   lease time 86400
Mar 12 17:29:50 LaMancha NetworkManager[883]: <info>  [1520900990.5357]   nameserver '192.168.1.1'
Mar 12 17:29:50 LaMancha NetworkManager[883]: <info>  [1520900990.5357]   domain name 'Home'
Mar 12 17:29:50 LaMancha NetworkManager[883]: <info>  [1520900990.5357] dhcp4 (wlp5s0): state changed bound -> bound
Mar 12 18:51:29 LaMancha NetworkManager[883]: <warn>  [1520905889.3098] sup-iface[0x21ae140,wlp5s0]: connection disconnected (reason -4)
Mar 12 18:51:29 LaMancha NetworkManager[883]: <info>  [1520905889.3466] device (wlp5s0): supplicant interface state: completed -> disconnected
Mar 12 18:51:29 LaMancha NetworkManager[883]: <info>  [1520905889.4150] device (wlp5s0): supplicant interface state: disconnected -> scanning
Mar 12 18:51:32 LaMancha kernel: [161306.498996] wlp5s0: authenticate with 00:23:6a:9a:cc:0c
Mar 12 18:51:32 LaMancha NetworkManager[883]: <info>  [1520905892.5344] device (wlp5s0): supplicant interface state: scanning -> authenticating
Mar 12 18:51:32 LaMancha kernel: [161306.511235] wlp5s0: send auth to 00:23:6a:9a:cc:0c (try 1/3)
Mar 12 18:51:32 LaMancha kernel: [161306.517868] wlp5s0: authenticated
Mar 12 18:51:32 LaMancha kernel: [161306.518597] wlp5s0: associate with 00:23:6a:9a:cc:0c (try 1/3)
Mar 12 18:51:32 LaMancha NetworkManager[883]: <info>  [1520905892.5461] device (wlp5s0): supplicant interface state: authenticating -> associating
Mar 12 18:51:32 LaMancha kernel: [161306.529564] wlp5s0: RX AssocResp from 00:23:6a:9a:cc:0c (capab=0x411 status=0 aid=1)
Mar 12 18:51:32 LaMancha kernel: [161306.529667] wlp5s0: associated
Mar 12 18:51:32 LaMancha NetworkManager[883]: <info>  [1520905892.5575] device (wlp5s0): supplicant interface state: associating -> associated
Mar 12 18:51:32 LaMancha NetworkManager[883]: <info>  [1520905892.5837] device (wlp5s0): supplicant interface state: associated -> 4-way handshake
Mar 12 18:51:32 LaMancha NetworkManager[883]: <info>  [1520905892.6017] device (wlp5s0): supplicant interface state: 4-way handshake -> completed
Mar 12 19:22:46 LaMancha kernel: [    0.000000] microcode: microcode updated early to revision 0x22, date = 2017-01-27
Mar 12 19:22:46 LaMancha kernel: [    0.000000] random: get_random_bytes called from start_kernel+0x42/0x504 with crng_init=0
Mar 12 19:22:46 LaMancha kernel: [    0.000000] Linux version 4.13.0-32-generic (buildd@lgw01-amd64-004) (gcc version 5.4.0 20160609 (Ubuntu 5.4.0-6ubuntu1~16.04.5)) #35~16.04.1-Ubuntu SMP Thu Jan 25 10:13:43 UTC 2018 (Ubuntu 4.13.0-32.35~16.04.1-generic 4.13.13)
Mar 12 19:22:46 LaMancha kernel: [    0.000000] Command line: BOOT_IMAGE=/boot/vmlinuz-4.13.0-32-generic root=UUID=3f05c991-6d8c-46f7-a857-4c63a4ff4f07 ro quiet splash vt.handoff=7
Mar 12 19:22:46 LaMancha kernel: [    0.000000] KERNEL supported cpus:
Mar 12 19:22:46 LaMancha kernel: [    0.000000]   Intel GenuineIntel
Mar 12 19:22:46 LaMancha kernel: [    0.000000]   AMD AuthenticAMD
Mar 12 19:22:46 LaMancha kernel: [    0.000000]   Centaur CentaurHauls
Mar 12 19:22:46 LaMancha kernel: [    0.000000] x86/fpu: Supporting XSAVE feature 0x001: 'x87 floating point registers'
Mar 12 19:22:46 LaMancha kernel: [    0.000000] x86/fpu: Supporting XSAVE feature 0x002: 'SSE registers'
Mar 12 19:22:46 LaMancha kernel: [    0.000000] x86/fpu: Supporting XSAVE feature 0x004: 'AVX registers'
Mar 12 19:22:46 LaMancha kernel: [    0.000000] x86/fpu: xstate_offset[2]:  576, xstate_sizes[2]:  256
Mar 12 19:22:46 LaMancha kernel: [    0.000000] x86/fpu: Enabled xstate features 0x7, context size is 832 bytes, using 'standard' format.
Mar 12 19:22:46 LaMancha kernel: [    0.000000] e820: BIOS-provided physical RAM map:
Mar 12 19:22:46 LaMancha kernel: [    0.000000] BIOS-e820: [mem 0x0000000000000000-0x000000000009d7ff] usable
Mar 12 19:22:46 LaMancha kernel: [    0.000000] BIOS-e820: [mem 0x000000000009d800-0x000000000009ffff] reserved
Mar 12 19:22:46 LaMancha kernel: [    0.000000] BIOS-e820: [mem 0x00000000000e0000-0x00000000000fffff] reserved
Mar 12 19:22:46 LaMancha kernel: [    0.000000] BIOS-e820: [mem 0x0000000000100000-0x00000000ad1cbfff] usable
Mar 12 19:22:46 LaMancha kernel: [    0.000000] BIOS-e820: [mem 0x00000000ad1cc000-0x00000000ad1d2fff] ACPI NVS
Mar 12 19:22:46 LaMancha kernel: [    0.000000] BIOS-e820: [mem 0x00000000ad1d3000-0x00000000ade43fff] usable
Mar 12 19:22:46 LaMancha kernel: [    0.000000] BIOS-e820: [mem 0x00000000ade44000-0x00000000ae33ffff] reserved
Mar 12 19:22:46 LaMancha kernel: [    0.000000] BIOS-e820: [mem 0x00000000ae340000-0x00000000bdac8fff] usable
Mar 12 19:22:46 LaMancha kernel: [    0.000000] BIOS-e820: [mem 0x00000000bdac9000-0x00000000bdb2ffff] reserved
Mar 12 19:22:46 LaMancha kernel: [    0.000000] BIOS-e820: [mem 0x00000000bdb30000-0x00000000bdb80fff] usable
Mar 12 19:22:46 LaMancha kernel: [    0.000000] BIOS-e820: [mem 0x00000000bdb81000-0x00000000bdcb7fff] ACPI NVS
Mar 12 19:22:46 LaMancha kernel: [    0.000000] BIOS-e820: [mem 0x00000000bdcb8000-0x00000000bdffefff] reserved
Mar 12 19:22:46 LaMancha kernel: [    0.000000] BIOS-e820: [mem 0x00000000bdfff000-0x00000000bdffffff] usable
Mar 12 19:22:46 LaMancha kernel: [    0.000000] BIOS-e820: [mem 0x00000000bf000000-0x00000000cf1fffff] reserved
Mar 12 19:22:46 LaMancha kernel: [    0.000000] BIOS-e820: [mem 0x00000000f0000000-0x00000000f7ffffff] reserved
Mar 12 19:22:46 LaMancha kernel: [    0.000000] BIOS-e820: [mem 0x00000000fec00000-0x00000000fec00fff] reserved
Mar 12 19:22:46 LaMancha kernel: [    0.000000] BIOS-e820: [mem 0x00000000fed00000-0x00000000fed03fff] reserved
Mar 12 19:22:46 LaMancha kernel: [    0.000000] BIOS-e820: [mem 0x00000000fed1c000-0x00000000fed1ffff] reserved
Mar 12 19:22:46 LaMancha kernel: [    0.000000] BIOS-e820: [mem 0x00000000fee00000-0x00000000fee00fff] reserved
Mar 12 19:22:46 LaMancha kernel: [    0.000000] BIOS-e820: [mem 0x00000000ff000000-0x00000000ffffffff] reserved
Mar 12 19:22:46 LaMancha kernel: [    0.000000] BIOS-e820: [mem 0x0000000100000000-0x000000052fdfffff] usable
Mar 12 19:22:46 LaMancha kernel: [    0.000000] NX (Execute Disable) protection: active
Mar 12 19:22:46 LaMancha kernel: [    0.000000] random: fast init done
Mar 12 19:22:46 LaMancha kernel: [    0.000000] SMBIOS 2.8 present.
Mar 12 19:22:46 LaMancha kernel: [    0.000000] DMI: To Be Filled By O.E.M. To Be Filled By O.E.M./Z97 Killer, BIOS P2.20 05/12/2015
Mar 12 19:22:46 LaMancha kernel: [    0.000000] tsc: Fast TSC calibration using PIT
Mar 12 19:22:46 LaMancha kernel: [    0.000000] e820: update [mem 0x00000000-0x00000fff] usable ==> reserved
Mar 12 19:22:46 LaMancha kernel: [    0.000000] e820: remove [mem 0x000a0000-0x000fffff] usable
Mar 12 19:22:46 LaMancha kernel: [    0.000000] e820: last_pfn = 0x52fe00 max_arch_pfn = 0x400000000
Mar 12 19:22:46 LaMancha kernel: [    0.000000] MTRR default type: uncachable
Mar 12 19:22:46 LaMancha kernel: [    0.000000] MTRR fixed ranges enabled:
Mar 12 19:22:46 LaMancha kernel: [    0.000000]   00000-9FFFF write-back
Mar 12 19:22:46 LaMancha kernel: [    0.000000]   A0000-BFFFF uncachable
Mar 12 19:22:46 LaMancha kernel: [    0.000000]   C0000-CFFFF write-protect
Mar 12 19:22:46 LaMancha kernel: [    0.000000]   D0000-E7FFF uncachable
Mar 12 19:22:46 LaMancha kernel: [    0.000000]   E8000-FFFFF write-protect
Mar 12 19:22:46 LaMancha kernel: [    0.000000] MTRR variable ranges enabled:
Mar 12 19:22:46 LaMancha kernel: [    0.000000]   0 base 0000000000 mask 7C00000000 write-back
Mar 12 19:22:46 LaMancha kernel: [    0.000000]   1 base 0400000000 mask 7F00000000 write-back
Mar 12 19:22:46 LaMancha kernel: [    0.000000]   2 base 0500000000 mask 7FC0000000 write-back
Mar 12 19:22:46 LaMancha kernel: [    0.000000]   3 base 00C0000000 mask 7FC0000000 uncachable
Mar 12 19:22:46 LaMancha kernel: [    0.000000]   4 base 00BF000000 mask 7FFF000000 uncachable
Mar 12 19:22:46 LaMancha kernel: [    0.000000]   5 base 0530000000 mask 7FF0000000 uncachable
Mar 12 19:22:46 LaMancha kernel: [    0.000000]   6 base 052FE00000 mask 7FFFE00000 uncachable
Mar 12 19:22:46 LaMancha kernel: [    0.000000]   7 disabled
Mar 12 19:22:46 LaMancha kernel: [    0.000000]   8 disabled
Mar 12 19:22:46 LaMancha kernel: [    0.000000]   9 disabled
Mar 12 19:22:46 LaMancha kernel: [    0.000000] x86/PAT: Configuration [0-7]: WB  WC  UC- UC  WB  WC  UC- WT  
Mar 12 19:22:46 LaMancha kernel: [    0.000000] total RAM covered: 20206M
Mar 12 19:22:46 LaMancha kernel: [    0.000000] Found optimal setting for mtrr clean up
Mar 12 19:22:46 LaMancha kernel: [    0.000000]  gran_size: 64K 	chunk_size: 32M 	num_reg: 9  	lose cover RAM: 0G
Mar 12 19:22:46 LaMancha kernel: [    0.000000] e820: update [mem 0xbf000000-0xffffffff] usable ==> reserved
Mar 12 19:22:46 LaMancha kernel: [    0.000000] e820: last_pfn = 0xbe000 max_arch_pfn = 0x400000000
Mar 12 19:22:46 LaMancha kernel: [    0.000000] found SMP MP-table at [mem 0x000fd1d0-0x000fd1df] mapped at [ffff9a95800fd1d0]
Mar 12 19:22:46 LaMancha kernel: [    0.000000] Scanning 1 areas for low memory corruption
Mar 12 19:22:46 LaMancha kernel: [    0.000000] Base memory trampoline at [ffff9a9580097000] 97000 size 24576
Mar 12 19:22:46 LaMancha kernel: [    0.000000] Using GB pages for direct mapping
Mar 12 19:22:46 LaMancha kernel: [    0.000000] BRK [0x27a12a000, 0x27a12afff] PGTABLE
Mar 12 19:22:46 LaMancha kernel: [    0.000000] BRK [0x27a12b000, 0x27a12bfff] PGTABLE
Mar 12 19:22:46 LaMancha kernel: [    0.000000] BRK [0x27a12c000, 0x27a12cfff] PGTABLE
Mar 12 19:22:46 LaMancha kernel: [    0.000000] BRK [0x27a12d000, 0x27a12dfff] PGTABLE
Mar 12 19:22:46 LaMancha kernel: [    0.000000] BRK [0x27a12e000, 0x27a12efff] PGTABLE
Mar 12 19:22:46 LaMancha kernel: [    0.000000] BRK [0x27a12f000, 0x27a12ffff] PGTABLE
Mar 12 19:22:46 LaMancha kernel: [    0.000000] BRK [0x27a130000, 0x27a130fff] PGTABLE
Mar 12 19:22:46 LaMancha kernel: [    0.000000] BRK [0x27a131000, 0x27a131fff] PGTABLE
Mar 12 19:22:46 LaMancha kernel: [    0.000000] BRK [0x27a132000, 0x27a132fff] PGTABLE
Mar 12 19:22:46 LaMancha kernel: [    0.000000] BRK [0x27a133000, 0x27a133fff] PGTABLE
Mar 12 19:22:46 LaMancha kernel: [    0.000000] BRK [0x27a134000, 0x27a134fff] PGTABLE
Mar 12 19:22:46 LaMancha kernel: [    0.000000] RAMDISK: [mem 0x32222000-0x35108fff]
Mar 12 19:22:46 LaMancha kernel: [    0.000000] ACPI: Early table checksum verification disabled
Mar 12 19:22:46 LaMancha kernel: [    0.000000] ACPI: RSDP 0x00000000000F04A0 000024 (v02 ALASKA)
Mar 12 19:22:46 LaMancha kernel: [    0.000000] ACPI: XSDT 0x00000000BDC85088 00008C (v01 ALASKA A M I    01072009 AMI  00010013)
Mar 12 19:22:46 LaMancha kernel: [    0.000000] ACPI: FACP 0x00000000BDC95DC8 00010C (v05 ALASKA A M I    01072009 AMI  00010013)
Mar 12 19:22:46 LaMancha kernel: [    0.000000] ACPI: DSDT 0x00000000BDC851A8 010C19 (v02 ALASKA A M I    00000211 INTL 20120711)
Mar 12 19:22:46 LaMancha kernel: [    0.000000] ACPI: FACS 0x00000000BDCB7F80 000040
Mar 12 19:22:46 LaMancha kernel: [    0.000000] ACPI: APIC 0x00000000BDC95ED8 000072 (v03 ALASKA A M I    01072009 AMI  00010013)
Mar 12 19:22:46 LaMancha kernel: [    0.000000] ACPI: FPDT 0x00000000BDC95F50 000044 (v01 ALASKA A M I    01072009 AMI  00010013)
Mar 12 19:22:46 LaMancha kernel: [    0.000000] ACPI: SSDT 0x00000000BDC95F98 000539 (v01 PmRef  Cpu0Ist  00003000 INTL 20051117)
Mar 12 19:22:46 LaMancha kernel: [    0.000000] ACPI: SSDT 0x00000000BDC964D8 000B74 (v01 CpuRef CpuSsdt  00003000 INTL 20051117)
Mar 12 19:22:46 LaMancha kernel: [    0.000000] ACPI: SSDT 0x00000000BDC97050 0001C7 (v01 PmRef  LakeTiny 00003000 INTL 20051117)
Mar 12 19:22:46 LaMancha kernel: [    0.000000] ACPI: MCFG 0x00000000BDC97218 00003C (v01 ALASKA A M I    01072009 MSFT 00000097)
Mar 12 19:22:46 LaMancha kernel: [    0.000000] ACPI: HPET 0x00000000BDC97258 000038 (v01 ALASKA A M I    01072009 AMI. 00000005)
Mar 12 19:22:46 LaMancha kernel: [    0.000000] ACPI: SSDT 0x00000000BDC97290 00036D (v01 SataRe SataTabl 00001000 INTL 20120711)
Mar 12 19:22:46 LaMancha kernel: [    0.000000] ACPI: SSDT 0x00000000BDC97600 005B5E (v01 SaSsdt SaSsdt   00003000 INTL 20120711)
Mar 12 19:22:46 LaMancha kernel: [    0.000000] ACPI: AAFT 0x00000000BDC9D160 0003BF (v01 ALASKA OEMAAFT  01072009 MSFT 00000097)
Mar 12 19:22:46 LaMancha kernel: [    0.000000] ACPI: UEFI 0x00000000BDC9D520 000042 (v01 ALASKA A M I    01072009      00000000)
Mar 12 19:22:46 LaMancha kernel: [    0.000000] ACPI: SSDT 0x00000000BDC9D568 000579 (v01 Intel_ IsctTabl 00001000 INTL 20120711)
Mar 12 19:22:46 LaMancha kernel: [    0.000000] ACPI: Local APIC address 0xfee00000
Mar 12 19:22:46 LaMancha kernel: [    0.000000] No NUMA configuration found
Mar 12 19:22:46 LaMancha kernel: [    0.000000] Faking a node at [mem 0x0000000000000000-0x000000052fdfffff]
Mar 12 19:22:46 LaMancha kernel: [    0.000000] NODE_DATA(0) allocated [mem 0x52fdd5000-0x52fdfffff]
Mar 12 19:22:46 LaMancha kernel: [    0.000000] Zone ranges:
Mar 12 19:22:46 LaMancha kernel: [    0.000000]   DMA      [mem 0x0000000000001000-0x0000000000ffffff]
Mar 12 19:22:46 LaMancha kernel: [    0.000000]   DMA32    [mem 0x0000000001000000-0x00000000ffffffff]
Mar 12 19:22:46 LaMancha kernel: [    0.000000]   Normal   [mem 0x0000000100000000-0x000000052fdfffff]
Mar 12 19:22:46 LaMancha kernel: [    0.000000]   Device   empty
Mar 12 19:22:46 LaMancha kernel: [    0.000000] Movable zone start for each node
Mar 12 19:22:46 LaMancha kernel: [    0.000000] Early memory node ranges
Mar 12 19:22:46 LaMancha kernel: [    0.000000]   node   0: [mem 0x0000000000001000-0x000000000009cfff]
Mar 12 19:22:46 LaMancha kernel: [    0.000000]   node   0: [mem 0x0000000000100000-0x00000000ad1cbfff]
Mar 12 19:22:46 LaMancha kernel: [    0.000000]   node   0: [mem 0x00000000ad1d3000-0x00000000ade43fff]
Mar 12 19:22:46 LaMancha kernel: [    0.000000]   node   0: [mem 0x00000000ae340000-0x00000000bdac8fff]
Mar 12 19:22:46 LaMancha kernel: [    0.000000]   node   0: [mem 0x00000000bdb30000-0x00000000bdb80fff]
Mar 12 19:22:46 LaMancha kernel: [    0.000000]   node   0: [mem 0x00000000bdfff000-0x00000000bdffffff]
Mar 12 19:22:46 LaMancha kernel: [    0.000000]   node   0: [mem 0x0000000100000000-0x000000052fdfffff]
Mar 12 19:22:46 LaMancha kernel: [    0.000000] Initmem setup node 0 [mem 0x0000000000001000-0x000000052fdfffff]
Mar 12 19:22:46 LaMancha kernel: [    0.000000] On node 0 totalpages: 5166004
Mar 12 19:22:46 LaMancha kernel: [    0.000000]   DMA zone: 64 pages used for memmap
Mar 12 19:22:46 LaMancha kernel: [    0.000000]   DMA zone: 21 pages reserved
Mar 12 19:22:46 LaMancha kernel: [    0.000000]   DMA zone: 3996 pages, LIFO batch:0
Mar 12 19:22:46 LaMancha kernel: [    0.000000]   DMA32 zone: 12057 pages used for memmap
Mar 12 19:22:46 LaMancha kernel: [    0.000000]   DMA32 zone: 771608 pages, LIFO batch:31
Mar 12 19:22:46 LaMancha kernel: [    0.000000]   Normal zone: 68600 pages used for memmap
Mar 12 19:22:46 LaMancha kernel: [    0.000000]   Normal zone: 4390400 pages, LIFO batch:31
Mar 12 19:22:46 LaMancha kernel: [    0.000000] Reserving Intel graphics memory at 0x00000000bf200000-0x00000000cf1fffff
Mar 12 19:22:46 LaMancha kernel: [    0.000000] ACPI: PM-Timer IO Port: 0x1808
Mar 12 19:22:46 LaMancha kernel: [    0.000000] ACPI: Local APIC address 0xfee00000
Mar 12 19:22:46 LaMancha kernel: [    0.000000] ACPI: LAPIC_NMI (acpi_id[0xff] high edge lint[0x1])
Mar 12 19:22:46 LaMancha kernel: [    0.000000] IOAPIC[0]: apic_id 8, version 32, address 0xfec00000, GSI 0-23
Mar 12 19:22:46 LaMancha kernel: [    0.000000] ACPI: INT_SRC_OVR (bus 0 bus_irq 0 global_irq 2 dfl dfl)
Mar 12 19:22:46 LaMancha kernel: [    0.000000] ACPI: INT_SRC_OVR (bus 0 bus_irq 9 global_irq 9 high level)
Mar 12 19:22:46 LaMancha kernel: [    0.000000] ACPI: IRQ0 used by override.
Mar 12 19:22:46 LaMancha kernel: [    0.000000] ACPI: IRQ9 used by override.
Mar 12 19:22:46 LaMancha kernel: [    0.000000] Using ACPI (MADT) for SMP configuration information
Mar 12 19:22:46 LaMancha kernel: [    0.000000] ACPI: HPET id: 0x8086a701 base: 0xfed00000
Mar 12 19:22:46 LaMancha kernel: [    0.000000] smpboot: Allowing 4 CPUs, 0 hotplug CPUs
Mar 12 19:22:46 LaMancha kernel: [    0.000000] PM: Registered nosave memory: [mem 0x00000000-0x00000fff]
Mar 12 19:22:46 LaMancha kernel: [    0.000000] PM: Registered nosave memory: [mem 0x0009d000-0x0009dfff]
Mar 12 19:22:46 LaMancha kernel: [    0.000000] PM: Registered nosave memory: [mem 0x0009e000-0x0009ffff]
Mar 12 19:22:46 LaMancha kernel: [    0.000000] PM: Registered nosave memory: [mem 0x000a0000-0x000dffff]
Mar 12 19:22:46 LaMancha kernel: [    0.000000] PM: Registered nosave memory: [mem 0x000e0000-0x000fffff]
Mar 12 19:22:46 LaMancha kernel: [    0.000000] PM: Registered nosave memory: [mem 0xad1cc000-0xad1d2fff]
Mar 12 19:22:46 LaMancha kernel: [    0.000000] PM: Registered nosave memory: [mem 0xade44000-0xae33ffff]
Mar 12 19:22:46 LaMancha kernel: [    0.000000] PM: Registered nosave memory: [mem 0xbdac9000-0xbdb2ffff]
Mar 12 19:22:46 LaMancha kernel: [    0.000000] PM: Registered nosave memory: [mem 0xbdb81000-0xbdcb7fff]
Mar 12 19:22:46 LaMancha kernel: [    0.000000] PM: Registered nosave memory: [mem 0xbdcb8000-0xbdffefff]
Mar 12 19:22:46 LaMancha kernel: [    0.000000] PM: Registered nosave memory: [mem 0xbe000000-0xbeffffff]
Mar 12 19:22:46 LaMancha kernel: [    0.000000] PM: Registered nosave memory: [mem 0xbf000000-0xcf1fffff]
Mar 12 19:22:46 LaMancha kernel: [    0.000000] PM: Registered nosave memory: [mem 0xcf200000-0xefffffff]
Mar 12 19:22:46 LaMancha kernel: [    0.000000] PM: Registered nosave memory: [mem 0xf0000000-0xf7ffffff]
Mar 12 19:22:46 LaMancha kernel: [    0.000000] PM: Registered nosave memory: [mem 0xf8000000-0xfebfffff]
Mar 12 19:22:46 LaMancha kernel: [    0.000000] PM: Registered nosave memory: [mem 0xfec00000-0xfec00fff]
Mar 12 19:22:46 LaMancha kernel: [    0.000000] PM: Registered nosave memory: [mem 0xfec01000-0xfecfffff]
Mar 12 19:22:46 LaMancha kernel: [    0.000000] PM: Registered nosave memory: [mem 0xfed00000-0xfed03fff]
Mar 12 19:22:46 LaMancha kernel: [    0.000000] PM: Registered nosave memory: [mem 0xfed04000-0xfed1bfff]
Mar 12 19:22:46 LaMancha kernel: [    0.000000] PM: Registered nosave memory: [mem 0xfed1c000-0xfed1ffff]
Mar 12 19:22:46 LaMancha kernel: [    0.000000] PM: Registered nosave memory: [mem 0xfed20000-0xfedfffff]
Mar 12 19:22:46 LaMancha kernel: [    0.000000] PM: Registered nosave memory: [mem 0xfee00000-0xfee00fff]
Mar 12 19:22:46 LaMancha kernel: [    0.000000] PM: Registered nosave memory: [mem 0xfee01000-0xfeffffff]
Mar 12 19:22:46 LaMancha kernel: [    0.000000] PM: Registered nosave memory: [mem 0xff000000-0xffffffff]
Mar 12 19:22:46 LaMancha kernel: [    0.000000] e820: [mem 0xcf200000-0xefffffff] available for PCI devices
Mar 12 19:22:46 LaMancha kernel: [    0.000000] Booting paravirtualized kernel on bare hardware
Mar 12 19:22:46 LaMancha kernel: [    0.000000] clocksource: refined-jiffies: mask: 0xffffffff max_cycles: 0xffffffff, max_idle_ns: 7645519600211568 ns
Mar 12 19:22:46 LaMancha kernel: [    0.000000] setup_percpu: NR_CPUS:8192 nr_cpumask_bits:4 nr_cpu_ids:4 nr_node_ids:1
Mar 12 19:22:46 LaMancha kernel: [    0.000000] percpu: Embedded 45 pages/cpu @ffff9a9aafa00000 s146520 r8192 d29608 u524288
Mar 12 19:22:46 LaMancha kernel: [    0.000000] pcpu-alloc: s146520 r8192 d29608 u524288 alloc=1*2097152
Mar 12 19:22:46 LaMancha kernel: [    0.000000] pcpu-alloc: [0] 0 1 2 3 
Mar 12 19:22:46 LaMancha kernel: [    0.000000] Built 1 zonelists in Node order, mobility grouping on.  Total pages: 5085262
Mar 12 19:22:46 LaMancha kernel: [    0.000000] Policy zone: Normal
Mar 12 19:22:46 LaMancha kernel: [    0.000000] Kernel command line: BOOT_IMAGE=/boot/vmlinuz-4.13.0-32-generic root=UUID=3f05c991-6d8c-46f7-a857-4c63a4ff4f07 ro quiet splash vt.handoff=7
Mar 12 19:22:46 LaMancha kernel: [    0.000000] PID hash table entries: 4096 (order: 3, 32768 bytes)
Mar 12 19:22:46 LaMancha kernel: [    0.000000] Calgary: detecting Calgary via BIOS EBDA area
Mar 12 19:22:46 LaMancha kernel: [    0.000000] Calgary: Unable to locate Rio Grande table in EBDA - bailing!
Mar 12 19:22:46 LaMancha kernel: [    0.000000] Memory: 20199548K/20664016K available (12300K kernel code, 2481K rwdata, 4004K rodata, 2364K init, 2368K bss, 464468K reserved, 0K cma-reserved)
Mar 12 19:22:46 LaMancha kernel: [    0.000000] SLUB: HWalign=64, Order=0-3, MinObjects=0, CPUs=4, Nodes=1
Mar 12 19:22:46 LaMancha kernel: [    0.000000] Kernel/User page tables isolation: enabled
Mar 12 19:22:46 LaMancha kernel: [    0.000000] ftrace: allocating 37823 entries in 148 pages
Mar 12 19:22:46 LaMancha kernel: [    0.000000] Hierarchical RCU implementation.
Mar 12 19:22:46 LaMancha kernel: [    0.000000] 	RCU restricting CPUs from NR_CPUS=8192 to nr_cpu_ids=4.
Mar 12 19:22:46 LaMancha kernel: [    0.000000] 	Tasks RCU enabled.
Mar 12 19:22:46 LaMancha kernel: [    0.000000] RCU: Adjusting geometry for rcu_fanout_leaf=16, nr_cpu_ids=4
Mar 12 19:22:46 LaMancha kernel: [    0.000000] NR_IRQS: 524544, nr_irqs: 456, preallocated irqs: 16
Mar 12 19:22:46 LaMancha kernel: [    0.000000] vt handoff: transparent VT on vt#7
Mar 12 19:22:46 LaMancha kernel: [    0.000000] Console: colour dummy device 80x25
Mar 12 19:22:46 LaMancha kernel: [    0.000000] console [tty0] enabled
Mar 12 19:22:46 LaMancha kernel: [    0.000000] clocksource: hpet: mask: 0xffffffff max_cycles: 0xffffffff, max_idle_ns: 133484882848 ns
Mar 12 19:22:46 LaMancha kernel: [    0.000000] hpet clockevent registered
Mar 12 19:22:46 LaMancha kernel: [    0.000000] tsc: Fast TSC calibration using PIT
Mar 12 19:22:46 LaMancha kernel: [    0.004000] tsc: Detected 3198.899 MHz processor
Mar 12 19:22:46 LaMancha kernel: [    0.004000] Calibrating delay loop (skipped), value calculated using timer frequency.. 6397.79 BogoMIPS (lpj=12795596)
Mar 12 19:22:46 LaMancha kernel: [    0.004000] pid_max: default: 32768 minimum: 301
Mar 12 19:22:46 LaMancha kernel: [    0.004000] ACPI: Core revision 20170531
Mar 12 19:22:46 LaMancha kernel: [    0.016417] ACPI: 7 ACPI AML tables successfully acquired and loaded
Mar 12 19:22:46 LaMancha kernel: [    0.016434] Security Framework initialized
Mar 12 19:22:46 LaMancha kernel: [    0.016435] Yama: becoming mindful.
Mar 12 19:22:46 LaMancha kernel: [    0.016447] AppArmor: AppArmor initialized
Mar 12 19:22:46 LaMancha kernel: [    0.021095] Dentry cache hash table entries: 4194304 (order: 13, 33554432 bytes)
Mar 12 19:22:46 LaMancha kernel: [    0.023390] Inode-cache hash table entries: 2097152 (order: 12, 16777216 bytes)
Mar 12 19:22:46 LaMancha kernel: [    0.023471] Mount-cache hash table entries: 65536 (order: 7, 524288 bytes)
Mar 12 19:22:46 LaMancha kernel: [    0.023543] Mountpoint-cache hash table entries: 65536 (order: 7, 524288 bytes)
Mar 12 19:22:46 LaMancha kernel: [    0.023688] CPU: Physical Processor ID: 0
Mar 12 19:22:46 LaMancha kernel: [    0.023689] CPU: Processor Core ID: 0
Mar 12 19:22:46 LaMancha kernel: [    0.023693] FEATURE SPEC_CTRL Not Present
Mar 12 19:22:46 LaMancha kernel: [    0.023696] mce: CPU supports 9 MCE banks
Mar 12 19:22:46 LaMancha kernel: [    0.023703] CPU0: Thermal monitoring enabled (TM1)
Mar 12 19:22:46 LaMancha kernel: [    0.023714] process: using mwait in idle threads
Mar 12 19:22:46 LaMancha kernel: [    0.023716] Last level iTLB entries: 4KB 1024, 2MB 1024, 4MB 1024
Mar 12 19:22:46 LaMancha kernel: [    0.023717] Last level dTLB entries: 4KB 1024, 2MB 1024, 4MB 1024, 1GB 4
Mar 12 19:22:46 LaMancha kernel: [    0.024334] Freeing SMP alternatives memory: 36K
Mar 12 19:22:46 LaMancha kernel: [    0.025280] smpboot: Max logical packages: 1
Mar 12 19:22:46 LaMancha kernel: [    0.025348] x2apic: IRQ remapping doesn't support X2APIC mode
Mar 12 19:22:46 LaMancha kernel: [    0.025689] ..TIMER: vector=0x30 apic1=0 pin1=2 apic2=0 pin2=0
Mar 12 19:22:46 LaMancha kernel: [    0.065382] TSC deadline timer enabled
Mar 12 19:22:46 LaMancha kernel: [    0.065383] smpboot: CPU0: Intel(R) Core(TM) i5-4570 CPU @ 3.20GHz (family: 0x6, model: 0x3c, stepping: 0x3)
Mar 12 19:22:46 LaMancha kernel: [    0.065425] Performance Events: PEBS fmt2+, Haswell events, 16-deep LBR, full-width counters, Intel PMU driver.
Mar 12 19:22:46 LaMancha kernel: [    0.065456] ... version:                3
Mar 12 19:22:46 LaMancha kernel: [    0.065456] ... bit width:              48
Mar 12 19:22:46 LaMancha kernel: [    0.065457] ... generic registers:      8
Mar 12 19:22:46 LaMancha kernel: [    0.065457] ... value mask:             0000ffffffffffff
Mar 12 19:22:46 LaMancha kernel: [    0.065458] ... max period:             00007fffffffffff
Mar 12 19:22:46 LaMancha kernel: [    0.065458] ... fixed-purpose events:   3
Mar 12 19:22:46 LaMancha kernel: [    0.065458] ... event mask:             00000007000000ff
Mar 12 19:22:46 LaMancha kernel: [    0.065483] Hierarchical SRCU implementation.
Mar 12 19:22:46 LaMancha kernel: [    0.066102] NMI watchdog: enabled on all CPUs, permanently consumes one hw-PMU counter.
Mar 12 19:22:46 LaMancha kernel: [    0.066112] smp: Bringing up secondary CPUs ...
Mar 12 19:22:46 LaMancha kernel: [    0.066160] x86: Booting SMP configuration:
Mar 12 19:22:46 LaMancha kernel: [    0.066161] .... node  #0, CPUs:      #1 #2 #3
Mar 12 19:22:46 LaMancha kernel: [    0.068815] smp: Brought up 1 node, 4 CPUs
Mar 12 19:22:46 LaMancha kernel: [    0.068815] smpboot: Total of 4 processors activated (25591.19 BogoMIPS)
Mar 12 19:22:46 LaMancha kernel: [    0.072063] devtmpfs: initialized
Mar 12 19:22:46 LaMancha kernel: [    0.072063] x86/mm: Memory block size: 128MB
Mar 12 19:22:46 LaMancha kernel: [    0.073007] evm: security.selinux
Mar 12 19:22:46 LaMancha kernel: [    0.073007] evm: security.SMACK64
Mar 12 19:22:46 LaMancha kernel: [    0.073008] evm: security.SMACK64EXEC
Mar 12 19:22:46 LaMancha kernel: [    0.073008] evm: security.SMACK64TRANSMUTE
Mar 12 19:22:46 LaMancha kernel: [    0.073008] evm: security.SMACK64MMAP
Mar 12 19:22:46 LaMancha kernel: [    0.073009] evm: security.ima
Mar 12 19:22:46 LaMancha kernel: [    0.073009] evm: security.capability
Mar 12 19:22:46 LaMancha kernel: [    0.073019] PM: Registering ACPI NVS region [mem 0xad1cc000-0xad1d2fff] (28672 bytes)
Mar 12 19:22:46 LaMancha kernel: [    0.073019] PM: Registering ACPI NVS region [mem 0xbdb81000-0xbdcb7fff] (1273856 bytes)
Mar 12 19:22:46 LaMancha kernel: [    0.073019] clocksource: jiffies: mask: 0xffffffff max_cycles: 0xffffffff, max_idle_ns: 7645041785100000 ns
Mar 12 19:22:46 LaMancha kernel: [    0.073019] futex hash table entries: 1024 (order: 4, 65536 bytes)
Mar 12 19:22:46 LaMancha kernel: [    0.073019] pinctrl core: initialized pinctrl subsystem
Mar 12 19:22:46 LaMancha kernel: [    0.073019] RTC time:  2:22:15, date: 03/13/18
Mar 12 19:22:46 LaMancha kernel: [    0.073019] NET: Registered protocol family 16
Mar 12 19:22:46 LaMancha kernel: [    0.073019] cpuidle: using governor ladder
Mar 12 19:22:46 LaMancha kernel: [    0.073019] cpuidle: using governor menu
Mar 12 19:22:46 LaMancha kernel: [    0.073019] PCCT header not found.
Mar 12 19:22:46 LaMancha kernel: [    0.073019] ACPI FADT declares the system doesn't support PCIe ASPM, so disable it
Mar 12 19:22:46 LaMancha kernel: [    0.073019] ACPI: bus type PCI registered
Mar 12 19:22:46 LaMancha kernel: [    0.073019] acpiphp: ACPI Hot Plug PCI Controller Driver version: 0.5
Mar 12 19:22:46 LaMancha kernel: [    0.073019] PCI: MMCONFIG for domain 0000 [bus 00-7f] at [mem 0xf0000000-0xf7ffffff] (base 0xf0000000)
Mar 12 19:22:46 LaMancha kernel: [    0.073019] PCI: MMCONFIG at [mem 0xf0000000-0xf7ffffff] reserved in E820
Mar 12 19:22:46 LaMancha kernel: [    0.073019] PCI: Using configuration type 1 for base access
Mar 12 19:22:46 LaMancha kernel: [    0.073019] core: PMU erratum BJ122, BV98, HSD29 workaround disabled, HT off
Mar 12 19:22:46 LaMancha kernel: [    0.073019] NMI watchdog: enabled on all CPUs, permanently consumes one hw-PMU counter.
Mar 12 19:22:46 LaMancha kernel: [    0.073019] HugeTLB registered 1.00 GiB page size, pre-allocated 0 pages
Mar 12 19:22:46 LaMancha kernel: [    0.073019] HugeTLB registered 2.00 MiB page size, pre-allocated 0 pages
Mar 12 19:22:46 LaMancha kernel: [    0.073019] ACPI: Added _OSI(Module Device)
Mar 12 19:22:46 LaMancha kernel: [    0.073019] ACPI: Added _OSI(Processor Device)
Mar 12 19:22:46 LaMancha kernel: [    0.073019] ACPI: Added _OSI(3.0 _SCP Extensions)
Mar 12 19:22:46 LaMancha kernel: [    0.073019] ACPI: Added _OSI(Processor Aggregator Device)
Mar 12 19:22:46 LaMancha kernel: [    0.073019] ACPI: Executed 15 blocks of module-level executable AML code
Mar 12 19:22:46 LaMancha kernel: [    0.079580] ACPI: Dynamic OEM Table Load:
Mar 12 19:22:46 LaMancha kernel: [    0.079580] ACPI: SSDT 0xFFFF9A9A97E2F400 0003D3 (v01 PmRef  Cpu0Cst  00003001 INTL 20051117)
Mar 12 19:22:46 LaMancha kernel: [    0.079581] ACPI: Dynamic OEM Table Load:
Mar 12 19:22:46 LaMancha kernel: [    0.079581] ACPI: SSDT 0xFFFF9A9A97D02000 0005AA (v01 PmRef  ApIst    00003000 INTL 20051117)
Mar 12 19:22:46 LaMancha kernel: [    0.080078] ACPI: Dynamic OEM Table Load:
Mar 12 19:22:46 LaMancha kernel: [    0.080082] ACPI: SSDT 0xFFFF9A9A983DFA00 000119 (v01 PmRef  ApCst    00003000 INTL 20051117)
Mar 12 19:22:46 LaMancha kernel: [    0.081214] ACPI: Interpreter enabled
Mar 12 19:22:46 LaMancha kernel: [    0.081241] ACPI: (supports S0 S3 S4 S5)
Mar 12 19:22:46 LaMancha kernel: [    0.081241] ACPI: Using IOAPIC for interrupt routing
Mar 12 19:22:46 LaMancha kernel: [    0.081289] PCI: Using host bridge windows from ACPI; if necessary, use "pci=nocrs" and report a bug
Mar 12 19:22:46 LaMancha kernel: [    0.081771] ACPI: GPE 0x1E active on init
Mar 12 19:22:46 LaMancha kernel: [    0.081775] ACPI: Enabled 11 GPEs in block 00 to 3F
Mar 12 19:22:46 LaMancha kernel: [    0.081785] ACPI: Power Resource [PG00] (on)
Mar 12 19:22:46 LaMancha kernel: [    0.081785] ACPI: Power Resource [PG01] (on)
Mar 12 19:22:46 LaMancha kernel: [    0.081785] ACPI: Power Resource [PG02] (on)
Mar 12 19:22:46 LaMancha kernel: [    0.092836] ACPI: PCI Root Bridge [PCI0] (domain 0000 [bus 00-7e])
Mar 12 19:22:46 LaMancha kernel: [    0.092840] acpi PNP0A08:00: _OSC: OS supports [ExtendedConfig ASPM ClockPM Segments MSI]
Mar 12 19:22:46 LaMancha kernel: [    0.093001] acpi PNP0A08:00: _OSC: platform does not support [PCIeHotplug PME]
Mar 12 19:22:46 LaMancha kernel: [    0.093099] acpi PNP0A08:00: _OSC: OS now controls [AER PCIeCapability]
Mar 12 19:22:46 LaMancha kernel: [    0.093100] acpi PNP0A08:00: FADT indicates ASPM is unsupported, using BIOS configuration
Mar 12 19:22:46 LaMancha kernel: [    0.093377] PCI host bridge to bus 0000:00
Mar 12 19:22:46 LaMancha kernel: [    0.093378] pci_bus 0000:00: root bus resource [io  0x0000-0x0cf7 window]
Mar 12 19:22:46 LaMancha kernel: [    0.093379] pci_bus 0000:00: root bus resource [io  0x0d00-0xffff window]
Mar 12 19:22:46 LaMancha kernel: [    0.093380] pci_bus 0000:00: root bus resource [mem 0x000a0000-0x000bffff window]
Mar 12 19:22:46 LaMancha kernel: [    0.093380] pci_bus 0000:00: root bus resource [mem 0x000d0000-0x000d3fff window]
Mar 12 19:22:46 LaMancha kernel: [    0.093381] pci_bus 0000:00: root bus resource [mem 0x000d4000-0x000d7fff window]
Mar 12 19:22:46 LaMancha kernel: [    0.093382] pci_bus 0000:00: root bus resource [mem 0x000d8000-0x000dbfff window]
Mar 12 19:22:46 LaMancha kernel: [    0.093382] pci_bus 0000:00: root bus resource [mem 0x000dc000-0x000dffff window]
Mar 12 19:22:46 LaMancha kernel: [    0.093383] pci_bus 0000:00: root bus resource [mem 0x000e0000-0x000e3fff window]
Mar 12 19:22:46 LaMancha kernel: [    0.093384] pci_bus 0000:00: root bus resource [mem 0x000e4000-0x000e7fff window]
Mar 12 19:22:46 LaMancha kernel: [    0.093384] pci_bus 0000:00: root bus resource [mem 0xcf200000-0xfeafffff window]
Mar 12 19:22:46 LaMancha kernel: [    0.093385] pci_bus 0000:00: root bus resource [bus 00-7e]
Mar 12 19:22:46 LaMancha kernel: [    0.093390] pci 0000:00:00.0: [8086:0c00] type 00 class 0x060000
Mar 12 19:22:46 LaMancha kernel: [    0.093457] pci 0000:00:02.0: [8086:0412] type 00 class 0x030000
Mar 12 19:22:46 LaMancha kernel: [    0.093464] pci 0000:00:02.0: reg 0x10: [mem 0xef800000-0xefbfffff 64bit]
Mar 12 19:22:46 LaMancha kernel: [    0.093468] pci 0000:00:02.0: reg 0x18: [mem 0xd0000000-0xdfffffff 64bit pref]
Mar 12 19:22:46 LaMancha kernel: [    0.093471] pci 0000:00:02.0: reg 0x20: [io  0xf000-0xf03f]
Mar 12 19:22:46 LaMancha kernel: [    0.093531] pci 0000:00:03.0: [8086:0c0c] type 00 class 0x040300
Mar 12 19:22:46 LaMancha kernel: [    0.093537] pci 0000:00:03.0: reg 0x10: [mem 0xefe14000-0xefe17fff 64bit]
Mar 12 19:22:46 LaMancha kernel: [    0.093616] pci 0000:00:14.0: [8086:8cb1] type 00 class 0x0c0330
Mar 12 19:22:46 LaMancha kernel: [    0.093632] pci 0000:00:14.0: reg 0x10: [mem 0xefe00000-0xefe0ffff 64bit]
Mar 12 19:22:46 LaMancha kernel: [    0.093682] pci 0000:00:14.0: PME# supported from D3hot D3cold
Mar 12 19:22:46 LaMancha kernel: [    0.093734] pci 0000:00:16.0: [8086:8cba] type 00 class 0x078000
Mar 12 19:22:46 LaMancha kernel: [    0.093751] pci 0000:00:16.0: reg 0x10: [mem 0xefe1d000-0xefe1d00f 64bit]
Mar 12 19:22:46 LaMancha kernel: [    0.093803] pci 0000:00:16.0: PME# supported from D0 D3hot D3cold
Mar 12 19:22:46 LaMancha kernel: [    0.093874] pci 0000:00:1a.0: [8086:8cad] type 00 class 0x0c0320
Mar 12 19:22:46 LaMancha kernel: [    0.093892] pci 0000:00:1a.0: reg 0x10: [mem 0xefe1b000-0xefe1b3ff]
Mar 12 19:22:46 LaMancha kernel: [    0.093963] pci 0000:00:1a.0: PME# supported from D0 D3hot D3cold
Mar 12 19:22:46 LaMancha kernel: [    0.094017] pci 0000:00:1b.0: [8086:8ca0] type 00 class 0x040300
Mar 12 19:22:46 LaMancha kernel: [    0.094033] pci 0000:00:1b.0: reg 0x10: [mem 0xefe10000-0xefe13fff 64bit]
Mar 12 19:22:46 LaMancha kernel: [    0.094091] pci 0000:00:1b.0: PME# supported from D0 D3hot D3cold
Mar 12 19:22:46 LaMancha kernel: [    0.094145] pci 0000:00:1c.0: [8086:8c90] type 01 class 0x060400
Mar 12 19:22:46 LaMancha kernel: [    0.094203] pci 0000:00:1c.0: PME# supported from D0 D3hot D3cold
Mar 12 19:22:46 LaMancha kernel: [    0.094282] pci 0000:00:1c.2: [8086:244e] type 01 class 0x060401
Mar 12 19:22:46 LaMancha kernel: [    0.094340] pci 0000:00:1c.2: PME# supported from D0 D3hot D3cold
Mar 12 19:22:46 LaMancha kernel: [    0.094415] pci 0000:00:1c.3: [8086:8c96] type 01 class 0x060400
Mar 12 19:22:46 LaMancha kernel: [    0.094472] pci 0000:00:1c.3: PME# supported from D0 D3hot D3cold
Mar 12 19:22:46 LaMancha kernel: [    0.094550] pci 0000:00:1c.7: [8086:8c9e] type 01 class 0x060400
Mar 12 19:22:46 LaMancha kernel: [    0.094608] pci 0000:00:1c.7: PME# supported from D0 D3hot D3cold
Mar 12 19:22:46 LaMancha kernel: [    0.094685] pci 0000:00:1d.0: [8086:8ca6] type 00 class 0x0c0320
Mar 12 19:22:46 LaMancha kernel: [    0.094703] pci 0000:00:1d.0: reg 0x10: [mem 0xefe1a000-0xefe1a3ff]
Mar 12 19:22:46 LaMancha kernel: [    0.094774] pci 0000:00:1d.0: PME# supported from D0 D3hot D3cold
Mar 12 19:22:46 LaMancha kernel: [    0.094831] pci 0000:00:1f.0: [8086:8cc4] type 00 class 0x060100
Mar 12 19:22:46 LaMancha kernel: [    0.094970] pci 0000:00:1f.2: [8086:8c82] type 00 class 0x010601
Mar 12 19:22:46 LaMancha kernel: [    0.094983] pci 0000:00:1f.2: reg 0x10: [io  0xf0b0-0xf0b7]
Mar 12 19:22:46 LaMancha kernel: [    0.094988] pci 0000:00:1f.2: reg 0x14: [io  0xf0a0-0xf0a3]
Mar 12 19:22:46 LaMancha kernel: [    0.094993] pci 0000:00:1f.2: reg 0x18: [io  0xf090-0xf097]
Mar 12 19:22:46 LaMancha kernel: [    0.094999] pci 0000:00:1f.2: reg 0x1c: [io  0xf080-0xf083]
Mar 12 19:22:46 LaMancha kernel: [    0.095004] pci 0000:00:1f.2: reg 0x20: [io  0xf060-0xf07f]
Mar 12 19:22:46 LaMancha kernel: [    0.095009] pci 0000:00:1f.2: reg 0x24: [mem 0xefe19000-0xefe197ff]
Mar 12 19:22:46 LaMancha kernel: [    0.095038] pci 0000:00:1f.2: PME# supported from D3hot
Mar 12 19:22:46 LaMancha kernel: [    0.095086] pci 0000:00:1f.3: [8086:8ca2] type 00 class 0x0c0500
Mar 12 19:22:46 LaMancha kernel: [    0.095100] pci 0000:00:1f.3: reg 0x10: [mem 0xefe18000-0xefe180ff 64bit]
Mar 12 19:22:46 LaMancha kernel: [    0.095116] pci 0000:00:1f.3: reg 0x20: [io  0xf040-0xf05f]
Mar 12 19:22:46 LaMancha kernel: [    0.095232] acpiphp: Slot [1] registered
Mar 12 19:22:46 LaMancha kernel: [    0.095235] pci 0000:00:1c.0: PCI bridge to [bus 01]
Mar 12 19:22:46 LaMancha kernel: [    0.095305] pci 0000:02:00.0: [1b21:1080] type 01 class 0x060401
Mar 12 19:22:46 LaMancha kernel: [    0.095431] pci 0000:00:1c.2: PCI bridge to [bus 02-03] (subtractive decode)
Mar 12 19:22:46 LaMancha kernel: [    0.095438] pci 0000:00:1c.2:   bridge window [io  0x0000-0x0cf7 window] (subtractive decode)
Mar 12 19:22:46 LaMancha kernel: [    0.095439] pci 0000:00:1c.2:   bridge window [io  0x0d00-0xffff window] (subtractive decode)
Mar 12 19:22:46 LaMancha kernel: [    0.095440] pci 0000:00:1c.2:   bridge window [mem 0x000a0000-0x000bffff window] (subtractive decode)
Mar 12 19:22:46 LaMancha kernel: [    0.095440] pci 0000:00:1c.2:   bridge window [mem 0x000d0000-0x000d3fff window] (subtractive decode)
Mar 12 19:22:46 LaMancha kernel: [    0.095441] pci 0000:00:1c.2:   bridge window [mem 0x000d4000-0x000d7fff window] (subtractive decode)
Mar 12 19:22:46 LaMancha kernel: [    0.095442] pci 0000:00:1c.2:   bridge window [mem 0x000d8000-0x000dbfff window] (subtractive decode)
Mar 12 19:22:46 LaMancha kernel: [    0.095442] pci 0000:00:1c.2:   bridge window [mem 0x000dc000-0x000dffff window] (subtractive decode)
Mar 12 19:22:46 LaMancha kernel: [    0.095443] pci 0000:00:1c.2:   bridge window [mem 0x000e0000-0x000e3fff window] (subtractive decode)
Mar 12 19:22:46 LaMancha kernel: [    0.095444] pci 0000:00:1c.2:   bridge window [mem 0x000e4000-0x000e7fff window] (subtractive decode)
Mar 12 19:22:46 LaMancha kernel: [    0.095444] pci 0000:00:1c.2:   bridge window [mem 0xcf200000-0xfeafffff window] (subtractive decode)
Mar 12 19:22:46 LaMancha kernel: [    0.095531] pci 0000:02:00.0: PCI bridge to [bus 03] (subtractive decode)
Mar 12 19:22:46 LaMancha kernel: [    0.095548] pci 0000:02:00.0:   bridge window [io  0x0000-0x0cf7 window] (subtractive decode)
Mar 12 19:22:46 LaMancha kernel: [    0.095548] pci 0000:02:00.0:   bridge window [io  0x0d00-0xffff window] (subtractive decode)
Mar 12 19:22:46 LaMancha kernel: [    0.095549] pci 0000:02:00.0:   bridge window [mem 0x000a0000-0x000bffff window] (subtractive decode)
Mar 12 19:22:46 LaMancha kernel: [    0.095550] pci 0000:02:00.0:   bridge window [mem 0x000d0000-0x000d3fff window] (subtractive decode)
Mar 12 19:22:46 LaMancha kernel: [    0.095550] pci 0000:02:00.0:   bridge window [mem 0x000d4000-0x000d7fff window] (subtractive decode)
Mar 12 19:22:46 LaMancha kernel: [    0.095551] pci 0000:02:00.0:   bridge window [mem 0x000d8000-0x000dbfff window] (subtractive decode)
Mar 12 19:22:46 LaMancha kernel: [    0.095552] pci 0000:02:00.0:   bridge window [mem 0x000dc000-0x000dffff window] (subtractive decode)
Mar 12 19:22:46 LaMancha kernel: [    0.095552] pci 0000:02:00.0:   bridge window [mem 0x000e0000-0x000e3fff window] (subtractive decode)
Mar 12 19:22:46 LaMancha kernel: [    0.095554] pci 0000:02:00.0:   bridge window [mem 0x000e4000-0x000e7fff window] (subtractive decode)
Mar 12 19:22:46 LaMancha kernel: [    0.095555] pci 0000:02:00.0:   bridge window [mem 0xcf200000-0xfeafffff window] (subtractive decode)
Mar 12 19:22:46 LaMancha kernel: [    0.095625] pci 0000:04:00.0: [1969:e091] type 00 class 0x020000
Mar 12 19:22:46 LaMancha kernel: [    0.095657] pci 0000:04:00.0: reg 0x10: [mem 0xefd00000-0xefd3ffff 64bit]
Mar 12 19:22:46 LaMancha kernel: [    0.095668] pci 0000:04:00.0: reg 0x18: [io  0xe000-0xe07f]
Mar 12 19:22:46 LaMancha kernel: [    0.095776] pci 0000:04:00.0: PME# supported from D0 D1 D2 D3hot D3cold
Mar 12 19:22:46 LaMancha kernel: [    0.104028] pci 0000:00:1c.3: PCI bridge to [bus 04]
Mar 12 19:22:46 LaMancha kernel: [    0.104031] pci 0000:00:1c.3:   bridge window [io  0xe000-0xefff]
Mar 12 19:22:46 LaMancha kernel: [    0.104033] pci 0000:00:1c.3:   bridge window [mem 0xefd00000-0xefdfffff]
Mar 12 19:22:46 LaMancha kernel: [    0.104106] pci 0000:05:00.0: [168c:0030] type 00 class 0x028000
Mar 12 19:22:46 LaMancha kernel: [    0.104137] pci 0000:05:00.0: reg 0x10: [mem 0xefc00000-0xefc1ffff 64bit]
Mar 12 19:22:46 LaMancha kernel: [    0.104184] pci 0000:05:00.0: reg 0x30: [mem 0xefc20000-0xefc2ffff pref]
Mar 12 19:22:46 LaMancha kernel: [    0.104249] pci 0000:05:00.0: supports D1
Mar 12 19:22:46 LaMancha kernel: [    0.104250] pci 0000:05:00.0: PME# supported from D0 D1 D3hot
Mar 12 19:22:46 LaMancha kernel: [    0.116028] pci 0000:00:1c.7: PCI bridge to [bus 05]
Mar 12 19:22:46 LaMancha kernel: [    0.116031] pci 0000:00:1c.7:   bridge window [mem 0xefc00000-0xefcfffff]
Mar 12 19:22:46 LaMancha kernel: [    0.116618] ACPI: PCI Interrupt Link [LNKA] (IRQs 3 4 5 6 10 *11 12 14 15)
Mar 12 19:22:46 LaMancha kernel: [    0.116651] ACPI: PCI Interrupt Link [LNKB] (IRQs 3 4 5 6 10 11 12 14 15) *0, disabled.
Mar 12 19:22:46 LaMancha kernel: [    0.116684] ACPI: PCI Interrupt Link [LNKC] (IRQs *3 4 5 6 10 11 12 14 15)
Mar 12 19:22:46 LaMancha kernel: [    0.116716] ACPI: PCI Interrupt Link [LNKD] (IRQs 3 4 5 6 *10 11 12 14 15)
Mar 12 19:22:46 LaMancha kernel: [    0.116747] ACPI: PCI Interrupt Link [LNKE] (IRQs 3 4 5 6 10 11 12 14 15) *0, disabled.
Mar 12 19:22:46 LaMancha kernel: [    0.116779] ACPI: PCI Interrupt Link [LNKF] (IRQs 3 4 5 6 10 11 12 14 15) *0, disabled.
Mar 12 19:22:46 LaMancha kernel: [    0.116810] ACPI: PCI Interrupt Link [LNKG] (IRQs 3 4 *5 6 10 11 12 14 15)
Mar 12 19:22:46 LaMancha kernel: [    0.116842] ACPI: PCI Interrupt Link [LNKH] (IRQs 3 4 5 6 10 *11 12 14 15)
Mar 12 19:22:46 LaMancha kernel: [    0.117105] SCSI subsystem initialized
Mar 12 19:22:46 LaMancha kernel: [    0.117113] libata version 3.00 loaded.
Mar 12 19:22:46 LaMancha kernel: [    0.117113] pci 0000:00:02.0: vgaarb: setting as boot VGA device
Mar 12 19:22:46 LaMancha kernel: [    0.117113] pci 0000:00:02.0: vgaarb: VGA device added: decodes=io+mem,owns=io+mem,locks=none
Mar 12 19:22:46 LaMancha kernel: [    0.117113] pci 0000:00:02.0: vgaarb: bridge control possible
Mar 12 19:22:46 LaMancha kernel: [    0.117113] vgaarb: loaded
Mar 12 19:22:46 LaMancha kernel: [    0.117113] ACPI: bus type USB registered
Mar 12 19:22:46 LaMancha kernel: [    0.117113] usbcore: registered new interface driver usbfs
Mar 12 19:22:46 LaMancha kernel: [    0.117113] usbcore: registered new interface driver hub
Mar 12 19:22:46 LaMancha kernel: [    0.117113] usbcore: registered new device driver usb
Mar 12 19:22:46 LaMancha kernel: [    0.117113] EDAC MC: Ver: 3.0.0
Mar 12 19:22:46 LaMancha kernel: [    0.117113] PCI: Using ACPI for IRQ routing
Mar 12 19:22:46 LaMancha kernel: [    0.117113] PCI: pci_cache_line_size set to 64 bytes
Mar 12 19:22:46 LaMancha kernel: [    0.117113] e820: reserve RAM buffer [mem 0x0009d800-0x0009ffff]
Mar 12 19:22:46 LaMancha kernel: [    0.117113] e820: reserve RAM buffer [mem 0xad1cc000-0xafffffff]
Mar 12 19:22:46 LaMancha kernel: [    0.117113] e820: reserve RAM buffer [mem 0xade44000-0xafffffff]
Mar 12 19:22:46 LaMancha kernel: [    0.117113] e820: reserve RAM buffer [mem 0xbdac9000-0xbfffffff]
Mar 12 19:22:46 LaMancha kernel: [    0.117113] e820: reserve RAM buffer [mem 0xbdb81000-0xbfffffff]
Mar 12 19:22:46 LaMancha kernel: [    0.117113] e820: reserve RAM buffer [mem 0xbe000000-0xbfffffff]
Mar 12 19:22:46 LaMancha kernel: [    0.117113] e820: reserve RAM buffer [mem 0x52fe00000-0x52fffffff]
Mar 12 19:22:46 LaMancha kernel: [    0.117113] NetLabel: Initializing
Mar 12 19:22:46 LaMancha kernel: [    0.117113] NetLabel:  domain hash size = 128
Mar 12 19:22:46 LaMancha kernel: [    0.117113] NetLabel:  protocols = UNLABELED CIPSOv4 CALIPSO
Mar 12 19:22:46 LaMancha kernel: [    0.117113] NetLabel:  unlabeled traffic allowed by default
Mar 12 19:22:46 LaMancha kernel: [    0.117113] hpet0: at MMIO 0xfed00000, IRQs 2, 8, 0, 0, 0, 0, 0, 0
Mar 12 19:22:46 LaMancha kernel: [    0.117113] hpet0: 8 comparators, 64-bit 14.318180 MHz counter
Mar 12 19:22:46 LaMancha kernel: [    0.121013] clocksource: Switched to clocksource hpet
Mar 12 19:22:46 LaMancha kernel: [    0.127242] VFS: Disk quotas dquot_6.6.0
Mar 12 19:22:46 LaMancha kernel: [    0.127255] VFS: Dquot-cache hash table entries: 512 (order 0, 4096 bytes)
Mar 12 19:22:46 LaMancha kernel: [    0.127333] AppArmor: AppArmor Filesystem Enabled
Mar 12 19:22:46 LaMancha kernel: [    0.127362] pnp: PnP ACPI init
Mar 12 19:22:46 LaMancha kernel: [    0.127458] system 00:00: [mem 0xfed40000-0xfed44fff] has been reserved
Mar 12 19:22:46 LaMancha kernel: [    0.127461] system 00:00: Plug and Play ACPI device, IDs PNP0c01 (active)
Mar 12 19:22:46 LaMancha kernel: [    0.127531] system 00:01: [io  0x0800-0x087f] has been reserved
Mar 12 19:22:46 LaMancha kernel: [    0.127533] system 00:01: Plug and Play ACPI device, IDs PNP0c02 (active)
Mar 12 19:22:46 LaMancha kernel: [    0.127548] pnp 00:02: Plug and Play ACPI device, IDs PNP0b00 (active)
Mar 12 19:22:46 LaMancha kernel: [    0.127572] system 00:03: [io  0x1854-0x1857] has been reserved
Mar 12 19:22:46 LaMancha kernel: [    0.127573] system 00:03: Plug and Play ACPI device, IDs INT3f0d PNP0c02 (active)
Mar 12 19:22:46 LaMancha kernel: [    0.127633] system 00:04: [io  0x0290-0x029f] has been reserved
Mar 12 19:22:46 LaMancha kernel: [    0.127634] system 00:04: Plug and Play ACPI device, IDs PNP0c02 (active)
Mar 12 19:22:46 LaMancha kernel: [    0.127666] system 00:05: [io  0x04d0-0x04d1] has been reserved
Mar 12 19:22:46 LaMancha kernel: [    0.127668] system 00:05: Plug and Play ACPI device, IDs PNP0c02 (active)
Mar 12 19:22:46 LaMancha kernel: [    0.127772] pnp 00:06: [dma 0 disabled]
Mar 12 19:22:46 LaMancha kernel: [    0.127800] pnp 00:06: Plug and Play ACPI device, IDs PNP0501 (active)
Mar 12 19:22:46 LaMancha kernel: [    0.128127] system 00:07: [mem 0xfed1c000-0xfed1ffff] has been reserved
Mar 12 19:22:46 LaMancha kernel: [    0.128128] system 00:07: [mem 0xfed10000-0xfed17fff] has been reserved
Mar 12 19:22:46 LaMancha kernel: [    0.128128] system 00:07: [mem 0xfed18000-0xfed18fff] has been reserved
Mar 12 19:22:46 LaMancha kernel: [    0.128129] system 00:07: [mem 0xfed19000-0xfed19fff] has been reserved
Mar 12 19:22:46 LaMancha kernel: [    0.128130] system 00:07: [mem 0xf0000000-0xf7ffffff] has been reserved
Mar 12 19:22:46 LaMancha kernel: [    0.128131] system 00:07: [mem 0xfed20000-0xfed3ffff] has been reserved
Mar 12 19:22:46 LaMancha kernel: [    0.128132] system 00:07: [mem 0xfed90000-0xfed93fff] has been reserved
Mar 12 19:22:46 LaMancha kernel: [    0.128132] system 00:07: [mem 0xfed45000-0xfed8ffff] has been reserved
Mar 12 19:22:46 LaMancha kernel: [    0.128133] system 00:07: [mem 0xff000000-0xffffffff] has been reserved
Mar 12 19:22:46 LaMancha kernel: [    0.128134] system 00:07: [mem 0xfee00000-0xfeefffff] could not be reserved
Mar 12 19:22:46 LaMancha kernel: [    0.128135] system 00:07: [mem 0xeffe0000-0xeffeffff] has been reserved
Mar 12 19:22:46 LaMancha kernel: [    0.128137] system 00:07: Plug and Play ACPI device, IDs PNP0c02 (active)
Mar 12 19:22:46 LaMancha kernel: [    0.128256] pnp: PnP ACPI: found 8 devices
Mar 12 19:22:46 LaMancha kernel: [    0.133856] clocksource: acpi_pm: mask: 0xffffff max_cycles: 0xffffff, max_idle_ns: 2085701024 ns
Mar 12 19:22:46 LaMancha kernel: [    0.133891] pci 0000:00:1c.0: PCI bridge to [bus 01]
Mar 12 19:22:46 LaMancha kernel: [    0.133899] pci 0000:02:00.0: PCI bridge to [bus 03]
Mar 12 19:22:46 LaMancha kernel: [    0.133915] pci 0000:00:1c.2: PCI bridge to [bus 02-03]
Mar 12 19:22:46 LaMancha kernel: [    0.133922] pci 0000:00:1c.3: PCI bridge to [bus 04]
Mar 12 19:22:46 LaMancha kernel: [    0.133924] pci 0000:00:1c.3:   bridge window [io  0xe000-0xefff]
Mar 12 19:22:46 LaMancha kernel: [    0.133927] pci 0000:00:1c.3:   bridge window [mem 0xefd00000-0xefdfffff]
Mar 12 19:22:46 LaMancha kernel: [    0.133932] pci 0000:00:1c.7: PCI bridge to [bus 05]
Mar 12 19:22:46 LaMancha kernel: [    0.133935] pci 0000:00:1c.7:   bridge window [mem 0xefc00000-0xefcfffff]
Mar 12 19:22:46 LaMancha kernel: [    0.133941] pci_bus 0000:00: resource 4 [io  0x0000-0x0cf7 window]
Mar 12 19:22:46 LaMancha kernel: [    0.133942] pci_bus 0000:00: resource 5 [io  0x0d00-0xffff window]
Mar 12 19:22:46 LaMancha kernel: [    0.133943] pci_bus 0000:00: resource 6 [mem 0x000a0000-0x000bffff window]
Mar 12 19:22:46 LaMancha kernel: [    0.133943] pci_bus 0000:00: resource 7 [mem 0x000d0000-0x000d3fff window]
Mar 12 19:22:46 LaMancha kernel: [    0.133944] pci_bus 0000:00: resource 8 [mem 0x000d4000-0x000d7fff window]
Mar 12 19:22:46 LaMancha kernel: [    0.133945] pci_bus 0000:00: resource 9 [mem 0x000d8000-0x000dbfff window]
Mar 12 19:22:46 LaMancha kernel: [    0.133946] pci_bus 0000:00: resource 10 [mem 0x000dc000-0x000dffff window]
Mar 12 19:22:46 LaMancha kernel: [    0.133946] pci_bus 0000:00: resource 11 [mem 0x000e0000-0x000e3fff window]
Mar 12 19:22:46 LaMancha kernel: [    0.133947] pci_bus 0000:00: resource 12 [mem 0x000e4000-0x000e7fff window]
Mar 12 19:22:46 LaMancha kernel: [    0.133948] pci_bus 0000:00: resource 13 [mem 0xcf200000-0xfeafffff window]
Mar 12 19:22:46 LaMancha kernel: [    0.133949] pci_bus 0000:02: resource 4 [io  0x0000-0x0cf7 window]
Mar 12 19:22:46 LaMancha kernel: [    0.133949] pci_bus 0000:02: resource 5 [io  0x0d00-0xffff window]
Mar 12 19:22:46 LaMancha kernel: [    0.133950] pci_bus 0000:02: resource 6 [mem 0x000a0000-0x000bffff window]
Mar 12 19:22:46 LaMancha kernel: [    0.133951] pci_bus 0000:02: resource 7 [mem 0x000d0000-0x000d3fff window]
Mar 12 19:22:46 LaMancha kernel: [    0.133951] pci_bus 0000:02: resource 8 [mem 0x000d4000-0x000d7fff window]
Mar 12 19:22:46 LaMancha kernel: [    0.133952] pci_bus 0000:02: resource 9 [mem 0x000d8000-0x000dbfff window]
Mar 12 19:22:46 LaMancha kernel: [    0.133953] pci_bus 0000:02: resource 10 [mem 0x000dc000-0x000dffff window]
Mar 12 19:22:46 LaMancha kernel: [    0.133953] pci_bus 0000:02: resource 11 [mem 0x000e0000-0x000e3fff window]
Mar 12 19:22:46 LaMancha kernel: [    0.133954] pci_bus 0000:02: resource 12 [mem 0x000e4000-0x000e7fff window]
Mar 12 19:22:46 LaMancha kernel: [    0.133955] pci_bus 0000:02: resource 13 [mem 0xcf200000-0xfeafffff window]
Mar 12 19:22:46 LaMancha kernel: [    0.133956] pci_bus 0000:03: resource 4 [io  0x0000-0x0cf7 window]
Mar 12 19:22:46 LaMancha kernel: [    0.133956] pci_bus 0000:03: resource 5 [io  0x0d00-0xffff window]
Mar 12 19:22:46 LaMancha kernel: [    0.133957] pci_bus 0000:03: resource 6 [mem 0x000a0000-0x000bffff window]
Mar 12 19:22:46 LaMancha kernel: [    0.133958] pci_bus 0000:03: resource 7 [mem 0x000d0000-0x000d3fff window]
Mar 12 19:22:46 LaMancha kernel: [    0.133958] pci_bus 0000:03: resource 8 [mem 0x000d4000-0x000d7fff window]
Mar 12 19:22:46 LaMancha kernel: [    0.133959] pci_bus 0000:03: resource 9 [mem 0x000d8000-0x000dbfff window]
Mar 12 19:22:46 LaMancha kernel: [    0.133960] pci_bus 0000:03: resource 10 [mem 0x000dc000-0x000dffff window]
Mar 12 19:22:46 LaMancha kernel: [    0.133960] pci_bus 0000:03: resource 11 [mem 0x000e0000-0x000e3fff window]
Mar 12 19:22:46 LaMancha kernel: [    0.133961] pci_bus 0000:03: resource 12 [mem 0x000e4000-0x000e7fff window]
Mar 12 19:22:46 LaMancha kernel: [    0.133962] pci_bus 0000:03: resource 13 [mem 0xcf200000-0xfeafffff window]
Mar 12 19:22:46 LaMancha kernel: [    0.133963] pci_bus 0000:04: resource 0 [io  0xe000-0xefff]
Mar 12 19:22:46 LaMancha kernel: [    0.133963] pci_bus 0000:04: resource 1 [mem 0xefd00000-0xefdfffff]
Mar 12 19:22:46 LaMancha kernel: [    0.133964] pci_bus 0000:05: resource 1 [mem 0xefc00000-0xefcfffff]
Mar 12 19:22:46 LaMancha kernel: [    0.134058] NET: Registered protocol family 2
Mar 12 19:22:46 LaMancha kernel: [    0.134202] TCP established hash table entries: 262144 (order: 9, 2097152 bytes)
Mar 12 19:22:46 LaMancha kernel: [    0.134465] TCP bind hash table entries: 65536 (order: 8, 1048576 bytes)
Mar 12 19:22:46 LaMancha kernel: [    0.134586] TCP: Hash tables configured (established 262144 bind 65536)
Mar 12 19:22:46 LaMancha kernel: [    0.134619] UDP hash table entries: 16384 (order: 7, 524288 bytes)
Mar 12 19:22:46 LaMancha kernel: [    0.134689] UDP-Lite hash table entries: 16384 (order: 7, 524288 bytes)
Mar 12 19:22:46 LaMancha kernel: [    0.134775] NET: Registered protocol family 1
Mar 12 19:22:46 LaMancha kernel: [    0.134784] pci 0000:00:02.0: Video device with shadowed ROM at [mem 0x000c0000-0x000dffff]
Mar 12 19:22:46 LaMancha kernel: [    0.180079] pci 0000:04:00.0: set MSI_INTX_DISABLE_BUG flag
Mar 12 19:22:46 LaMancha kernel: [    0.180084] PCI: CLS 64 bytes, default 64
Mar 12 19:22:46 LaMancha kernel: [    0.180108] Unpacking initramfs...
Mar 12 19:22:46 LaMancha kernel: [    0.698589] Freeing initrd memory: 48028K
Mar 12 19:22:46 LaMancha kernel: [    0.698593] PCI-DMA: Using software bounce buffering for IO (SWIOTLB)
Mar 12 19:22:46 LaMancha kernel: [    0.698595] software IO TLB [mem 0xb9ac9000-0xbdac9000] (64MB) mapped at [ffff9a9639ac9000-ffff9a963dac8fff]
Mar 12 19:22:46 LaMancha kernel: [    0.698778] Scanning for low memory corruption every 60 seconds
Mar 12 19:22:46 LaMancha kernel: [    0.698965] audit: initializing netlink subsys (disabled)
Mar 12 19:22:46 LaMancha kernel: [    0.698998] audit: type=2000 audit(1520907735.698:1): state=initialized audit_enabled=0 res=1
Mar 12 19:22:46 LaMancha kernel: [    0.699250] Initialise system trusted keyrings
Mar 12 19:22:46 LaMancha kernel: [    0.699257] Key type blacklist registered
Mar 12 19:22:46 LaMancha kernel: [    0.699276] workingset: timestamp_bits=36 max_order=23 bucket_order=0
Mar 12 19:22:46 LaMancha kernel: [    0.700043] zbud: loaded
Mar 12 19:22:46 LaMancha kernel: [    0.700285] squashfs: version 4.0 (2009/01/31) Phillip Lougher
Mar 12 19:22:46 LaMancha kernel: [    0.700373] fuse init (API version 7.26)
Mar 12 19:22:46 LaMancha kernel: [    0.701180] Key type asymmetric registered
Mar 12 19:22:46 LaMancha kernel: [    0.701181] Asymmetric key parser 'x509' registered
Mar 12 19:22:46 LaMancha kernel: [    0.701200] Block layer SCSI generic (bsg) driver version 0.4 loaded (major 247)
Mar 12 19:22:46 LaMancha kernel: [    0.701218] io scheduler noop registered
Mar 12 19:22:46 LaMancha kernel: [    0.701219] io scheduler deadline registered
Mar 12 19:22:46 LaMancha kernel: [    0.701234] io scheduler cfq registered (default)
Mar 12 19:22:46 LaMancha kernel: [    0.701624] vesafb: mode is 1920x1080x32, linelength=7680, pages=0
Mar 12 19:22:46 LaMancha kernel: [    0.701625] vesafb: scrolling: redraw
Mar 12 19:22:46 LaMancha kernel: [    0.701626] vesafb: Truecolor: size=8:8:8:8, shift=24:16:8:0
Mar 12 19:22:46 LaMancha kernel: [    0.701634] vesafb: framebuffer at 0xd0000000, mapped to 0xffffafc6c4000000, using 8128k, total 8128k
Mar 12 19:22:46 LaMancha kernel: [    0.701693] Console: switching to colour frame buffer device 240x67
Mar 12 19:22:46 LaMancha kernel: [    0.701708] fb0: VESA VGA frame buffer device
Mar 12 19:22:46 LaMancha kernel: [    0.701717] intel_idle: MWAIT substates: 0x42120
Mar 12 19:22:46 LaMancha kernel: [    0.701718] intel_idle: v0.4.1 model 0x3C
Mar 12 19:22:46 LaMancha kernel: [    0.701813] intel_idle: lapic_timer_reliable_states 0xffffffff
Mar 12 19:22:46 LaMancha kernel: [    0.701906] input: Power Button as /devices/LNXSYSTM:00/LNXSYBUS:00/PNP0C0C:00/input/input0
Mar 12 19:22:46 LaMancha kernel: [    0.701915] ACPI: Power Button [PWRB]
Mar 12 19:22:46 LaMancha kernel: [    0.701935] input: Sleep Button as /devices/LNXSYSTM:00/LNXSYBUS:00/PNP0C0E:00/input/input1
Mar 12 19:22:46 LaMancha kernel: [    0.701940] ACPI: Sleep Button [SLPB]
Mar 12 19:22:46 LaMancha kernel: [    0.701958] input: Power Button as /devices/LNXSYSTM:00/LNXPWRBN:00/input/input2
Mar 12 19:22:46 LaMancha kernel: [    0.701974] ACPI: Power Button [PWRF]
Mar 12 19:22:46 LaMancha kernel: [    0.702109] GHES: HEST is not enabled!
Mar 12 19:22:46 LaMancha kernel: [    0.702155] Serial: 8250/16550 driver, 32 ports, IRQ sharing enabled
Mar 12 19:22:46 LaMancha kernel: [    0.722612] 00:06: ttyS0 at I/O 0x3f8 (irq = 4, base_baud = 115200) is a 16550A
Mar 12 19:22:46 LaMancha kernel: [    0.723579] Linux agpgart interface v0.103
Mar 12 19:22:46 LaMancha kernel: [    0.724563] loop: module loaded
Mar 12 19:22:46 LaMancha kernel: [    0.724659] libphy: Fixed MDIO Bus: probed
Mar 12 19:22:46 LaMancha kernel: [    0.724660] tun: Universal TUN/TAP device driver, 1.6
Mar 12 19:22:46 LaMancha kernel: [    0.724690] PPP generic driver version 2.4.2
Mar 12 19:22:46 LaMancha kernel: [    0.724722] ehci_hcd: USB 2.0 'Enhanced' Host Controller (EHCI) Driver
Mar 12 19:22:46 LaMancha kernel: [    0.724724] ehci-pci: EHCI PCI platform driver
Mar 12 19:22:46 LaMancha kernel: [    0.724795] ehci-pci 0000:00:1a.0: EHCI Host Controller
Mar 12 19:22:46 LaMancha kernel: [    0.724799] ehci-pci 0000:00:1a.0: new USB bus registered, assigned bus number 1
Mar 12 19:22:46 LaMancha kernel: [    0.724808] ehci-pci 0000:00:1a.0: debug port 2
Mar 12 19:22:46 LaMancha kernel: [    0.728716] ehci-pci 0000:00:1a.0: cache line size of 64 is not supported
Mar 12 19:22:46 LaMancha kernel: [    0.728723] ehci-pci 0000:00:1a.0: irq 16, io mem 0xefe1b000
Mar 12 19:22:46 LaMancha kernel: [    0.744012] ehci-pci 0000:00:1a.0: USB 2.0 started, EHCI 1.00
Mar 12 19:22:46 LaMancha kernel: [    0.744035] usb usb1: New USB device found, idVendor=1d6b, idProduct=0002
Mar 12 19:22:46 LaMancha kernel: [    0.744036] usb usb1: New USB device strings: Mfr=3, Product=2, SerialNumber=1
Mar 12 19:22:46 LaMancha kernel: [    0.744037] usb usb1: Product: EHCI Host Controller
Mar 12 19:22:46 LaMancha kernel: [    0.744037] usb usb1: Manufacturer: Linux 4.13.0-32-generic ehci_hcd
Mar 12 19:22:46 LaMancha kernel: [    0.744038] usb usb1: SerialNumber: 0000:00:1a.0
Mar 12 19:22:46 LaMancha kernel: [    0.744116] hub 1-0:1.0: USB hub found
Mar 12 19:22:46 LaMancha kernel: [    0.744119] hub 1-0:1.0: 2 ports detected
Mar 12 19:22:46 LaMancha kernel: [    0.744254] ehci-pci 0000:00:1d.0: EHCI Host Controller
Mar 12 19:22:46 LaMancha kernel: [    0.744257] ehci-pci 0000:00:1d.0: new USB bus registered, assigned bus number 2
Mar 12 19:22:46 LaMancha kernel: [    0.744266] ehci-pci 0000:00:1d.0: debug port 2
Mar 12 19:22:46 LaMancha kernel: [    0.748154] ehci-pci 0000:00:1d.0: cache line size of 64 is not supported
Mar 12 19:22:46 LaMancha kernel: [    0.748159] ehci-pci 0000:00:1d.0: irq 23, io mem 0xefe1a000
Mar 12 19:22:46 LaMancha kernel: [    0.764012] ehci-pci 0000:00:1d.0: USB 2.0 started, EHCI 1.00
Mar 12 19:22:46 LaMancha kernel: [    0.764031] usb usb2: New USB device found, idVendor=1d6b, idProduct=0002
Mar 12 19:22:46 LaMancha kernel: [    0.764032] usb usb2: New USB device strings: Mfr=3, Product=2, SerialNumber=1
Mar 12 19:22:46 LaMancha kernel: [    0.764033] usb usb2: Product: EHCI Host Controller
Mar 12 19:22:46 LaMancha kernel: [    0.764033] usb usb2: Manufacturer: Linux 4.13.0-32-generic ehci_hcd
Mar 12 19:22:46 LaMancha kernel: [    0.764034] usb usb2: SerialNumber: 0000:00:1d.0
Mar 12 19:22:46 LaMancha kernel: [    0.764110] hub 2-0:1.0: USB hub found
Mar 12 19:22:46 LaMancha kernel: [    0.764112] hub 2-0:1.0: 2 ports detected
Mar 12 19:22:46 LaMancha kernel: [    0.764176] ehci-platform: EHCI generic platform driver
Mar 12 19:22:46 LaMancha kernel: [    0.764182] ohci_hcd: USB 1.1 'Open' Host Controller (OHCI) Driver
Mar 12 19:22:46 LaMancha kernel: [    0.764184] ohci-pci: OHCI PCI platform driver
Mar 12 19:22:46 LaMancha kernel: [    0.764188] ohci-platform: OHCI generic platform driver
Mar 12 19:22:46 LaMancha kernel: [    0.764193] uhci_hcd: USB Universal Host Controller Interface driver
Mar 12 19:22:46 LaMancha kernel: [    0.764261] xhci_hcd 0000:00:14.0: xHCI Host Controller
Mar 12 19:22:46 LaMancha kernel: [    0.764265] xhci_hcd 0000:00:14.0: new USB bus registered, assigned bus number 3
Mar 12 19:22:46 LaMancha kernel: [    0.765327] xhci_hcd 0000:00:14.0: hcc params 0x200077c1 hci version 0x100 quirks 0x00009810
Mar 12 19:22:46 LaMancha kernel: [    0.765330] xhci_hcd 0000:00:14.0: cache line size of 64 is not supported
Mar 12 19:22:46 LaMancha kernel: [    0.765386] usb usb3: New USB device found, idVendor=1d6b, idProduct=0002
Mar 12 19:22:46 LaMancha kernel: [    0.765387] usb usb3: New USB device strings: Mfr=3, Product=2, SerialNumber=1
Mar 12 19:22:46 LaMancha kernel: [    0.765388] usb usb3: Product: xHCI Host Controller
Mar 12 19:22:46 LaMancha kernel: [    0.765388] usb usb3: Manufacturer: Linux 4.13.0-32-generic xhci-hcd
Mar 12 19:22:46 LaMancha kernel: [    0.765389] usb usb3: SerialNumber: 0000:00:14.0
Mar 12 19:22:46 LaMancha kernel: [    0.765459] hub 3-0:1.0: USB hub found
Mar 12 19:22:46 LaMancha kernel: [    0.765473] hub 3-0:1.0: 14 ports detected
Mar 12 19:22:46 LaMancha kernel: [    0.767263] xhci_hcd 0000:00:14.0: xHCI Host Controller
Mar 12 19:22:46 LaMancha kernel: [    0.767265] xhci_hcd 0000:00:14.0: new USB bus registered, assigned bus number 4
Mar 12 19:22:46 LaMancha kernel: [    0.767288] usb usb4: New USB device found, idVendor=1d6b, idProduct=0003
Mar 12 19:22:46 LaMancha kernel: [    0.767289] usb usb4: New USB device strings: Mfr=3, Product=2, SerialNumber=1
Mar 12 19:22:46 LaMancha kernel: [    0.767290] usb usb4: Product: xHCI Host Controller
Mar 12 19:22:46 LaMancha kernel: [    0.767290] usb usb4: Manufacturer: Linux 4.13.0-32-generic xhci-hcd
Mar 12 19:22:46 LaMancha kernel: [    0.767291] usb usb4: SerialNumber: 0000:00:14.0
Mar 12 19:22:46 LaMancha kernel: [    0.767362] hub 4-0:1.0: USB hub found
Mar 12 19:22:46 LaMancha kernel: [    0.767371] hub 4-0:1.0: 6 ports detected
Mar 12 19:22:46 LaMancha kernel: [    0.768456] i8042: PNP: No PS/2 controller found.
Mar 12 19:22:46 LaMancha kernel: [    0.768529] mousedev: PS/2 mouse device common for all mice
Mar 12 19:22:46 LaMancha kernel: [    0.768698] rtc_cmos 00:02: RTC can wake from S4
Mar 12 19:22:46 LaMancha kernel: [    0.768813] rtc_cmos 00:02: rtc core: registered rtc_cmos as rtc0
Mar 12 19:22:46 LaMancha kernel: [    0.768833] rtc_cmos 00:02: alarms up to one month, y3k, 242 bytes nvram, hpet irqs
Mar 12 19:22:46 LaMancha kernel: [    0.768837] i2c /dev entries driver
Mar 12 19:22:46 LaMancha kernel: [    0.768861] device-mapper: uevent: version 1.0.3
Mar 12 19:22:46 LaMancha kernel: [    0.768915] device-mapper: ioctl: 4.37.0-ioctl (2017-09-20) initialised: dm-devel@redhat.com
Mar 12 19:22:46 LaMancha kernel: [    0.768919] intel_pstate: Intel P-state driver initializing
Mar 12 19:22:46 LaMancha kernel: [    0.769126] ledtrig-cpu: registered to indicate activity on CPUs
Mar 12 19:22:46 LaMancha kernel: [    0.769379] NET: Registered protocol family 10
Mar 12 19:22:46 LaMancha kernel: [    0.772122] Segment Routing with IPv6
Mar 12 19:22:46 LaMancha kernel: [    0.772133] NET: Registered protocol family 17
Mar 12 19:22:46 LaMancha kernel: [    0.772138] Key type dns_resolver registered
Mar 12 19:22:46 LaMancha kernel: [    0.772354] RAS: Correctable Errors collector initialized.
Mar 12 19:22:46 LaMancha kernel: [    0.772369] microcode: sig=0x306c3, pf=0x2, revision=0x22
Mar 12 19:22:46 LaMancha kernel: [    0.772452] microcode: Microcode Update Driver: v2.2.
Mar 12 19:22:46 LaMancha kernel: [    0.772505] sched_clock: Marking stable (772450776, 0)->(770465363, 1985413)
Mar 12 19:22:46 LaMancha kernel: [    0.772615] registered taskstats version 1
Mar 12 19:22:46 LaMancha kernel: [    0.772621] Loading compiled-in X.509 certificates
Mar 12 19:22:46 LaMancha kernel: [    0.774218] Loaded X.509 cert 'Build time autogenerated kernel key: ea5b2e3dc303efbb5e4e4f76f9dbd395fda5b554'
Mar 12 19:22:46 LaMancha kernel: [    0.774228] zswap: loaded using pool lzo/zbud
Mar 12 19:22:46 LaMancha kernel: [    0.776454] Key type big_key registered
Mar 12 19:22:46 LaMancha kernel: [    0.776466] Key type trusted registered
Mar 12 19:22:46 LaMancha kernel: [    0.777604] Key type encrypted registered
Mar 12 19:22:46 LaMancha kernel: [    0.777606] AppArmor: AppArmor sha1 policy hashing enabled
Mar 12 19:22:46 LaMancha kernel: [    0.777608] ima: No TPM chip found, activating TPM-bypass! (rc=-19)
Mar 12 19:22:46 LaMancha kernel: [    0.777620] evm: HMAC attrs: 0x1
Mar 12 19:22:46 LaMancha kernel: [    0.777911]   Magic number: 10:987:358
Mar 12 19:22:46 LaMancha kernel: [    0.778038] rtc_cmos 00:02: setting system clock to 2018-03-13 02:22:16 UTC (1520907736)
Mar 12 19:22:46 LaMancha kernel: [    0.778073] BIOS EDD facility v0.16 2004-Jun-25, 0 devices found
Mar 12 19:22:46 LaMancha kernel: [    0.778073] EDD information not available.
Mar 12 19:22:46 LaMancha kernel: [    0.778108] PM: Hibernation image not present or could not be loaded.
Mar 12 19:22:46 LaMancha kernel: [    0.779436] Freeing unused kernel memory: 2364K
Mar 12 19:22:46 LaMancha kernel: [    0.779436] Write protecting the kernel read-only data: 18432k
Mar 12 19:22:46 LaMancha kernel: [    0.779834] Freeing unused kernel memory: 2024K
Mar 12 19:22:46 LaMancha kernel: [    0.779984] Freeing unused kernel memory: 92K
Mar 12 19:22:46 LaMancha kernel: [    0.781241] x86/mm: Checked W+X mappings: passed, no W+X pages found.
Mar 12 19:22:46 LaMancha kernel: [    0.781242] x86/mm: Checking user space page tables
Mar 12 19:22:46 LaMancha kernel: [    0.782353] x86/mm: Checked W+X mappings: passed, no W+X pages found.
Mar 12 19:22:46 LaMancha kernel: [    0.809547] hidraw: raw HID events driver (C) Jiri Kosina
Mar 12 19:22:46 LaMancha kernel: [    0.812595] sdhci: Secure Digital Host Controller Interface driver
Mar 12 19:22:46 LaMancha kernel: [    0.812596] sdhci: Copyright(c) Pierre Ossman
Mar 12 19:22:46 LaMancha kernel: [    0.845242] ahci 0000:00:1f.2: version 3.0
Mar 12 19:22:46 LaMancha kernel: [    0.845370] ahci 0000:00:1f.2: AHCI 0001.0300 32 slots 6 ports 6 Gbps 0xb impl SATA mode
Mar 12 19:22:46 LaMancha kernel: [    0.845371] ahci 0000:00:1f.2: flags: 64bit ncq led clo pio slum part ems apst 
Mar 12 19:22:46 LaMancha kernel: [    0.854763] alx 0000:04:00.0 eth0: Qualcomm Atheros AR816x/AR817x Ethernet [70:85:c2:01:90:64]
Mar 12 19:22:46 LaMancha kernel: [    0.855359] alx 0000:04:00.0 enp4s0: renamed from eth0
Mar 12 19:22:46 LaMancha kernel: [    0.872546] scsi host0: ahci
Mar 12 19:22:46 LaMancha kernel: [    0.872724] scsi host1: ahci
Mar 12 19:22:46 LaMancha kernel: [    0.872784] scsi host2: ahci
Mar 12 19:22:46 LaMancha kernel: [    0.872844] scsi host3: ahci
Mar 12 19:22:46 LaMancha kernel: [    0.872902] scsi host4: ahci
Mar 12 19:22:46 LaMancha kernel: [    0.872949] scsi host5: ahci
Mar 12 19:22:46 LaMancha kernel: [    0.872974] ata1: SATA max UDMA/133 abar m2048@0xefe19000 port 0xefe19100 irq 25
Mar 12 19:22:46 LaMancha kernel: [    0.872975] ata2: SATA max UDMA/133 abar m2048@0xefe19000 port 0xefe19180 irq 25
Mar 12 19:22:46 LaMancha kernel: [    0.872975] ata3: DUMMY
Mar 12 19:22:46 LaMancha kernel: [    0.872976] ata4: SATA max UDMA/133 abar m2048@0xefe19000 port 0xefe19280 irq 25
Mar 12 19:22:46 LaMancha kernel: [    0.872977] ata5: DUMMY
Mar 12 19:22:46 LaMancha kernel: [    0.872977] ata6: DUMMY
Mar 12 19:22:46 LaMancha kernel: [    0.873242] [drm] Memory usable by graphics device = 2048M
Mar 12 19:22:46 LaMancha kernel: [    0.873243] checking generic (d0000000 7f0000) vs hw (d0000000 10000000)
Mar 12 19:22:46 LaMancha kernel: [    0.873244] fb: switching to inteldrmfb from VESA VGA
Mar 12 19:22:46 LaMancha kernel: [    0.873260] Console: switching to colour dummy device 80x25
Mar 12 19:22:46 LaMancha kernel: [    0.873300] [drm] Replacing VGA console driver
Mar 12 19:22:46 LaMancha kernel: [    0.879294] [drm] Supports vblank timestamp caching Rev 2 (21.10.2013).
Mar 12 19:22:46 LaMancha kernel: [    0.879294] [drm] Driver supports precise vblank timestamp query.
Mar 12 19:22:46 LaMancha kernel: [    0.882031] i915 0000:00:02.0: vgaarb: changed VGA decodes: olddecodes=io+mem,decodes=io+mem:owns=io+mem
Mar 12 19:22:46 LaMancha kernel: [    0.884343] [drm] Initialized i915 1.6.0 20170619 for 0000:00:02.0 on minor 0
Mar 12 19:22:46 LaMancha kernel: [    0.885226] ACPI: Video Device [GFX0] (multi-head: yes  rom: no  post: no)
Mar 12 19:22:46 LaMancha kernel: [    0.885611] acpi device:16: registered as cooling_device4
Mar 12 19:22:46 LaMancha kernel: [    0.885663] input: Video Bus as /devices/LNXSYSTM:00/LNXSYBUS:00/PNP0A08:00/LNXVIDEO:00/input/input3
Mar 12 19:22:46 LaMancha kernel: [    1.072053] usb 1-1: new high-speed USB device number 2 using ehci-pci
Mar 12 19:22:46 LaMancha kernel: [    1.092026] usb 2-1: new high-speed USB device number 2 using ehci-pci
Mar 12 19:22:46 LaMancha kernel: [    1.092033] usb 3-1: new full-speed USB device number 2 using xhci_hcd
Mar 12 19:22:46 LaMancha kernel: [    1.141694] fbcon: inteldrmfb (fb0) is primary device
Mar 12 19:22:46 LaMancha kernel: [    1.141735] Console: switching to colour frame buffer device 240x67
Mar 12 19:22:46 LaMancha kernel: [    1.141750] i915 0000:00:02.0: fb0: inteldrmfb frame buffer device
Mar 12 19:22:46 LaMancha kernel: [    1.186880] ata2: SATA link up 1.5 Gbps (SStatus 113 SControl 300)
Mar 12 19:22:46 LaMancha kernel: [    1.186908] ata4: SATA link up 6.0 Gbps (SStatus 133 SControl 300)
Mar 12 19:22:46 LaMancha kernel: [    1.186932] ata1: SATA link up 1.5 Gbps (SStatus 113 SControl 300)
Mar 12 19:22:46 LaMancha kernel: [    1.187504] ata4.00: ATA-8: WDC WD10EZEX-00KUWA0, 15.01H15, max UDMA/133
Mar 12 19:22:46 LaMancha kernel: [    1.187505] ata4.00: 1953525168 sectors, multi 16: LBA48 NCQ (depth 31/32), AA
Mar 12 19:22:46 LaMancha kernel: [    1.188153] ata4.00: configured for UDMA/133
Mar 12 19:22:46 LaMancha kernel: [    1.188735] ata1.00: ATAPI: ATAPI   iHAS124   W, HL0F, max UDMA/100
Mar 12 19:22:46 LaMancha kernel: [    1.190622] ata1.00: configured for UDMA/100
Mar 12 19:22:46 LaMancha kernel: [    1.191676] scsi 0:0:0:0: CD-ROM            ATAPI    iHAS124   W      HL0F PQ: 0 ANSI: 5
Mar 12 19:22:46 LaMancha kernel: [    1.207440] ata2.00: ATA-8: SAMSUNG HD320KJ, CP100-10, max UDMA7
Mar 12 19:22:46 LaMancha kernel: [    1.207441] ata2.00: 625142448 sectors, multi 16: LBA48 NCQ (depth 31/32), AA
Mar 12 19:22:46 LaMancha kernel: [    1.209503] ata2.00: configured for UDMA/133
Mar 12 19:22:46 LaMancha kernel: [    1.218818] sr 0:0:0:0: [sr0] scsi3-mmc drive: 188x/125x writer dvd-ram cd/rw xa/form2 cdda tray
Mar 12 19:22:46 LaMancha kernel: [    1.218829] cdrom: Uniform CD-ROM driver Revision: 3.20
Mar 12 19:22:46 LaMancha kernel: [    1.218986] sr 0:0:0:0: Attached scsi CD-ROM sr0
Mar 12 19:22:46 LaMancha kernel: [    1.219040] sr 0:0:0:0: Attached scsi generic sg0 type 5
Mar 12 19:22:46 LaMancha kernel: [    1.219281] scsi 1:0:0:0: Direct-Access     ATA      SAMSUNG HD320KJ  0-10 PQ: 0 ANSI: 5
Mar 12 19:22:46 LaMancha kernel: [    1.224434] usb 1-1: New USB device found, idVendor=8087, idProduct=8009
Mar 12 19:22:46 LaMancha kernel: [    1.224435] usb 1-1: New USB device strings: Mfr=0, Product=0, SerialNumber=0
Mar 12 19:22:46 LaMancha kernel: [    1.224753] hub 1-1:1.0: USB hub found
Mar 12 19:22:46 LaMancha kernel: [    1.224807] hub 1-1:1.0: 6 ports detected
Mar 12 19:22:46 LaMancha kernel: [    1.234054] usb 3-1: New USB device found, idVendor=25a7, idProduct=fa61
Mar 12 19:22:46 LaMancha kernel: [    1.234055] usb 3-1: New USB device strings: Mfr=1, Product=2, SerialNumber=0
Mar 12 19:22:46 LaMancha kernel: [    1.234056] usb 3-1: Product: 2.4G Receiver
Mar 12 19:22:46 LaMancha kernel: [    1.234056] usb 3-1: Manufacturer: Compx
Mar 12 19:22:46 LaMancha kernel: [    1.239078] usbcore: registered new interface driver usbhid
Mar 12 19:22:46 LaMancha kernel: [    1.239078] usbhid: USB HID core driver
Mar 12 19:22:46 LaMancha kernel: [    1.240038] input: Compx 2.4G Receiver as /devices/pci0000:00/0000:00:14.0/usb3/3-1/3-1:1.0/0003:25A7:FA61.0001/input/input4
Mar 12 19:22:46 LaMancha kernel: [    1.240429] usb 2-1: New USB device found, idVendor=8087, idProduct=8001
Mar 12 19:22:46 LaMancha kernel: [    1.240430] usb 2-1: New USB device strings: Mfr=0, Product=0, SerialNumber=0
Mar 12 19:22:46 LaMancha kernel: [    1.240551] hub 2-1:1.0: USB hub found
Mar 12 19:22:46 LaMancha kernel: [    1.240661] hub 2-1:1.0: 8 ports detected
Mar 12 19:22:46 LaMancha kernel: [    1.252189] sd 1:0:0:0: [sda] 625142448 512-byte logical blocks: (320 GB/298 GiB)
Mar 12 19:22:46 LaMancha kernel: [    1.252193] sd 1:0:0:0: [sda] Write Protect is off
Mar 12 19:22:46 LaMancha kernel: [    1.252194] sd 1:0:0:0: [sda] Mode Sense: 00 3a 00 00
Mar 12 19:22:46 LaMancha kernel: [    1.252199] sd 1:0:0:0: [sda] Write cache: enabled, read cache: enabled, doesn't support DPO or FUA
Mar 12 19:22:46 LaMancha kernel: [    1.252203] sd 1:0:0:0: Attached scsi generic sg1 type 0
Mar 12 19:22:46 LaMancha kernel: [    1.252417] scsi 3:0:0:0: Direct-Access     ATA      WDC WD10EZEX-00K 1H15 PQ: 0 ANSI: 5
Mar 12 19:22:46 LaMancha kernel: [    1.277719]  sda: sda1 sda2
Mar 12 19:22:46 LaMancha kernel: [    1.278050] sd 1:0:0:0: [sda] Attached SCSI disk
Mar 12 19:22:46 LaMancha kernel: [    1.284155] sd 3:0:0:0: [sdb] 1953525168 512-byte logical blocks: (1.00 TB/932 GiB)
Mar 12 19:22:46 LaMancha kernel: [    1.284156] sd 3:0:0:0: [sdb] 4096-byte physical blocks
Mar 12 19:22:46 LaMancha kernel: [    1.284159] sd 3:0:0:0: [sdb] Write Protect is off
Mar 12 19:22:46 LaMancha kernel: [    1.284160] sd 3:0:0:0: [sdb] Mode Sense: 00 3a 00 00
Mar 12 19:22:46 LaMancha kernel: [    1.284174] sd 3:0:0:0: [sdb] Write cache: enabled, read cache: enabled, doesn't support DPO or FUA
Mar 12 19:22:46 LaMancha kernel: [    1.284217] sd 3:0:0:0: Attached scsi generic sg2 type 0
Mar 12 19:22:46 LaMancha kernel: [    1.300252] hid-generic 0003:25A7:FA61.0001: input,hidraw0: USB HID v1.10 Keyboard [Compx 2.4G Receiver] on usb-0000:00:14.0-1/input0
Mar 12 19:22:46 LaMancha kernel: [    1.300418] input: Compx 2.4G Receiver as /devices/pci0000:00/0000:00:14.0/usb3/3-1/3-1:1.1/0003:25A7:FA61.0002/input/input5
Mar 12 19:22:46 LaMancha kernel: [    1.346548]  sdb: sdb1 sdb2 < sdb5 >
Mar 12 19:22:46 LaMancha kernel: [    1.346868] sd 3:0:0:0: [sdb] Attached SCSI disk
Mar 12 19:22:46 LaMancha kernel: [    1.364398] hid-generic 0003:25A7:FA61.0002: input,hiddev0,hidraw1: USB HID v1.10 Mouse [Compx 2.4G Receiver] on usb-0000:00:14.0-1/input1
Mar 12 19:22:46 LaMancha kernel: [    1.724081] tsc: Refined TSC clocksource calibration: 3199.070 MHz
Mar 12 19:22:46 LaMancha kernel: [    1.724085] clocksource: tsc: mask: 0xffffffffffffffff max_cycles: 0x2e1cdb9536b, max_idle_ns: 440795276996 ns
Mar 12 19:22:46 LaMancha kernel: [    2.748304] clocksource: Switched to clocksource tsc
Mar 12 19:22:46 LaMancha kernel: [    2.977906] random: crng init done
Mar 12 19:22:46 LaMancha kernel: [   13.299898] EXT4-fs (sdb1): mounted filesystem with ordered data mode. Opts: (null)
Mar 12 19:22:46 LaMancha kernel: [   16.626126] lp: driver loaded but no devices found
Mar 12 19:22:46 LaMancha kernel: [   17.331625] ppdev: user-space parallel port driver
Mar 12 19:22:46 LaMancha kernel: [   23.568879] EXT4-fs (sdb1): re-mounted. Opts: errors=remount-ro
Mar 12 19:22:46 LaMancha kernel: [   24.490190] shpchp: Standard Hot Plug PCI Controller Driver version: 0.4
Mar 12 19:22:46 LaMancha kernel: [   24.971159] ACPI Warning: SystemIO range 0x0000000000001828-0x000000000000182F conflicts with OpRegion 0x0000000000001800-0x000000000000187F (\PMIO) (20170531/utaddress-247)
Mar 12 19:22:46 LaMancha kernel: [   24.971163] ACPI: If an ACPI driver is available for this device, you should use it instead of the native driver
Mar 12 19:22:46 LaMancha kernel: [   24.971165] ACPI Warning: SystemIO range 0x0000000000001C40-0x0000000000001C4F conflicts with OpRegion 0x0000000000001C00-0x0000000000001FFF (\GPR) (20170531/utaddress-247)
Mar 12 19:22:46 LaMancha kernel: [   24.971167] ACPI: If an ACPI driver is available for this device, you should use it instead of the native driver
Mar 12 19:22:46 LaMancha kernel: [   24.971167] ACPI Warning: SystemIO range 0x0000000000001C30-0x0000000000001C3F conflicts with OpRegion 0x0000000000001C00-0x0000000000001C3F (\GPRL) (20170531/utaddress-247)
Mar 12 19:22:46 LaMancha kernel: [   24.971169] ACPI Warning: SystemIO range 0x0000000000001C30-0x0000000000001C3F conflicts with OpRegion 0x0000000000001C00-0x0000000000001FFF (\GPR) (20170531/utaddress-247)
Mar 12 19:22:46 LaMancha kernel: [   24.971171] ACPI: If an ACPI driver is available for this device, you should use it instead of the native driver
Mar 12 19:22:46 LaMancha kernel: [   24.971171] ACPI Warning: SystemIO range 0x0000000000001C00-0x0000000000001C2F conflicts with OpRegion 0x0000000000001C00-0x0000000000001C3F (\GPRL) (20170531/utaddress-247)
Mar 12 19:22:46 LaMancha kernel: [   24.971172] ACPI Warning: SystemIO range 0x0000000000001C00-0x0000000000001C2F conflicts with OpRegion 0x0000000000001C00-0x0000000000001FFF (\GPR) (20170531/utaddress-247)
Mar 12 19:22:46 LaMancha kernel: [   24.971174] ACPI: If an ACPI driver is available for this device, you should use it instead of the native driver
Mar 12 19:22:46 LaMancha kernel: [   24.971174] lpc_ich: Resource conflict(s) found affecting gpio_ich
Mar 12 19:22:46 LaMancha kernel: [   25.159475] RAPL PMU: API unit is 2^-32 Joules, 4 fixed counters, 655360 ms ovfl timer
Mar 12 19:22:46 LaMancha kernel: [   25.159476] RAPL PMU: hw unit of domain pp0-core 2^-14 Joules
Mar 12 19:22:46 LaMancha kernel: [   25.159477] RAPL PMU: hw unit of domain package 2^-14 Joules
Mar 12 19:22:46 LaMancha kernel: [   25.159477] RAPL PMU: hw unit of domain dram 2^-14 Joules
Mar 12 19:22:46 LaMancha kernel: [   25.159477] RAPL PMU: hw unit of domain pp1-gpu 2^-14 Joules
Mar 12 19:22:46 LaMancha kernel: [   25.317157] snd_hda_intel 0000:00:03.0: bound 0000:00:02.0 (ops i915_audio_component_bind_ops [i915])
Mar 12 19:22:46 LaMancha kernel: [   25.395075] snd_hda_codec_realtek hdaudioC1D0: ALC1150: SKU not ready 0x00000000
Mar 12 19:22:46 LaMancha kernel: [   25.395538] snd_hda_codec_realtek hdaudioC1D0: autoconfig for ALC1150: line_outs=3 (0x14/0x15/0x16/0x0/0x0) type:line
Mar 12 19:22:46 LaMancha kernel: [   25.395539] snd_hda_codec_realtek hdaudioC1D0:    speaker_outs=0 (0x0/0x0/0x0/0x0/0x0)
Mar 12 19:22:46 LaMancha kernel: [   25.395539] snd_hda_codec_realtek hdaudioC1D0:    hp_outs=1 (0x1b/0x0/0x0/0x0/0x0)
Mar 12 19:22:46 LaMancha kernel: [   25.395540] snd_hda_codec_realtek hdaudioC1D0:    mono: mono_out=0x0
Mar 12 19:22:46 LaMancha kernel: [   25.395540] snd_hda_codec_realtek hdaudioC1D0:    dig-out=0x1e/0x0
Mar 12 19:22:46 LaMancha kernel: [   25.395541] snd_hda_codec_realtek hdaudioC1D0:    inputs:
Mar 12 19:22:46 LaMancha kernel: [   25.395542] snd_hda_codec_realtek hdaudioC1D0:      Front Mic=0x19
Mar 12 19:22:46 LaMancha kernel: [   25.395543] snd_hda_codec_realtek hdaudioC1D0:      Rear Mic=0x18
Mar 12 19:22:46 LaMancha kernel: [   25.395543] snd_hda_codec_realtek hdaudioC1D0:      Line=0x1a
Mar 12 19:22:46 LaMancha kernel: [   25.401531] input: HDA Intel HDMI HDMI/DP,pcm=3 as /devices/pci0000:00/0000:00:03.0/sound/card0/input6
Mar 12 19:22:46 LaMancha kernel: [   25.401562] input: HDA Intel HDMI HDMI/DP,pcm=7 as /devices/pci0000:00/0000:00:03.0/sound/card0/input7
Mar 12 19:22:46 LaMancha kernel: [   25.401593] input: HDA Intel HDMI HDMI/DP,pcm=8 as /devices/pci0000:00/0000:00:03.0/sound/card0/input8
Mar 12 19:22:46 LaMancha kernel: [   25.401622] input: HDA Intel HDMI HDMI/DP,pcm=9 as /devices/pci0000:00/0000:00:03.0/sound/card0/input9
Mar 12 19:22:46 LaMancha kernel: [   25.401646] input: HDA Intel HDMI HDMI/DP,pcm=10 as /devices/pci0000:00/0000:00:03.0/sound/card0/input10
Mar 12 19:22:46 LaMancha kernel: [   25.406724] input: HDA Intel PCH Front Mic as /devices/pci0000:00/0000:00:1b.0/sound/card1/input11
Mar 12 19:22:46 LaMancha kernel: [   25.406750] input: HDA Intel PCH Rear Mic as /devices/pci0000:00/0000:00:1b.0/sound/card1/input12
Mar 12 19:22:46 LaMancha kernel: [   25.406776] input: HDA Intel PCH Line as /devices/pci0000:00/0000:00:1b.0/sound/card1/input13
Mar 12 19:22:46 LaMancha kernel: [   25.406800] input: HDA Intel PCH Line Out Front as /devices/pci0000:00/0000:00:1b.0/sound/card1/input14
Mar 12 19:22:46 LaMancha kernel: [   25.406824] input: HDA Intel PCH Line Out Surround as /devices/pci0000:00/0000:00:1b.0/sound/card1/input15
Mar 12 19:22:46 LaMancha kernel: [   25.406850] input: HDA Intel PCH Line Out CLFE as /devices/pci0000:00/0000:00:1b.0/sound/card1/input16
Mar 12 19:22:46 LaMancha kernel: [   25.406877] input: HDA Intel PCH Front Headphone as /devices/pci0000:00/0000:00:1b.0/sound/card1/input17
Mar 12 19:22:46 LaMancha kernel: [   25.525030] audit: type=1400 audit(1520907761.246:2): apparmor="STATUS" operation="profile_load" profile="unconfined" name="/usr/lib/lightdm/lightdm-guest-session" pid=550 comm="apparmor_parser"
Mar 12 19:22:46 LaMancha kernel: [   25.525032] audit: type=1400 audit(1520907761.246:3): apparmor="STATUS" operation="profile_load" profile="unconfined" name="/usr/lib/lightdm/lightdm-guest-session//chromium" pid=550 comm="apparmor_parser"
Mar 12 19:22:46 LaMancha kernel: [   25.525985] audit: type=1400 audit(1520907761.247:4): apparmor="STATUS" operation="profile_load" profile="unconfined" name="/usr/lib/snapd/snap-confine" pid=555 comm="apparmor_parser"
Mar 12 19:22:46 LaMancha kernel: [   25.525986] audit: type=1400 audit(1520907761.247:5): apparmor="STATUS" operation="profile_load" profile="unconfined" name="/usr/lib/snapd/snap-confine//mount-namespace-capture-helper" pid=555 comm="apparmor_parser"
